aod_T4.3_R0 manual_200us rmse_pp 28.094 S60 0.6055 seconds 5.7
aod_T4.3_R0 manual_400us rmse_pp 30.154 S60 0.9922 seconds 3.0
aod_T4.3_R0 manual_600us rmse_pp 20.646 S60 1.0 seconds 4.4
aod_T4.3_R0 ml_400us rmse_pp 15.206 S60 1.0 seconds 3.0
SUMMARY {"case": {"temperature": 4.3, "rin": 0, "pointing": 1e-24, "vs": 0, "jitter_nm": 10.0, "alignment_nm": 50.0, "manual": "paper_cubic", "model": "diffusion", "shots": 256, "seed": 26091611, "dt_us": 0.025, "noise_us": 0.05, "id": "aod_T4.3_R0", "slm_rin": 0, "slm_pointing": 0, "ml_vector": true}, "joint_rmse_pp": 24.269285935763733, "curve_rmse_pp": [28.093695880483843, 30.1541272803566, 20.64573332333078, 15.205903939072], "s60": [0.60546875, 0.9921875, 1.0, 1.0]}
aod_T4.3_R1e-09 manual_200us rmse_pp 27.22 S60 0.5938 seconds 4.0
aod_T4.3_R1e-09 manual_400us rmse_pp 30.348 S60 0.9961 seconds 3.0
aod_T4.3_R1e-09 manual_600us rmse_pp 20.646 S60 1.0 seconds 4.4
aod_T4.3_R1e-09 ml_400us rmse_pp 15.206 S60 1.0 seconds 3.0
SUMMARY {"case": {"temperature": 4.3, "rin": 1e-09, "pointing": 1e-24, "vs": 0, "jitter_nm": 10.0, "alignment_nm": 50.0, "manual": "paper_cubic", "model": "diffusion", "shots": 256, "seed": 26091611, "dt_us": 0.025, "noise_us": 0.05, "id": "aod_T4.3_R1e-09", "slm_rin": 0, "slm_pointing": 0, "ml_vector": true}, "joint_rmse_pp": 24.079884805645268, "curve_rmse_pp": [27.219627530314895, 30.34780827442289, 20.64573332333078, 15.205903939072], "s60": [0.59375, 0.99609375, 1.0, 1.0]}
aod_T4.3_R3e-09 manual_200us rmse_pp 27.935 S60 0.5586 seconds 1.5
aod_T4.3_R3e-09 manual_400us rmse_pp 29.697 S60 0.9766 seconds 3.1
aod_T4.3_R3e-09 manual_600us rmse_pp 19.89 S60 0.9727 seconds 4.5
aod_T4.3_R3e-09 ml_400us rmse_pp 14.949 S60 0.9883 seconds 3.0
SUMMARY {"case": {"temperature": 4.3, "rin": 3e-09, "pointing": 1e-24, "vs": 0, "jitter_nm": 10.0, "alignment_nm": 50.0, "manual": "paper_cubic", "model": "diffusion", "shots": 256, "seed": 26091611, "dt_us": 0.025, "noise_us": 0.05, "id": "aod_T4.3_R3e-09", "slm_rin": 0, "slm_pointing": 0, "ml_vector": true}, "joint_rmse_pp": 23.881730004477873, "curve_rmse_pp": [27.935007967383445, 29.697187367568517, 19.889523637518323, 14.948824496175847], "s60": [0.55859375, 0.9765625, 0.97265625, 0.98828125]}
aod_T4.3_R6e-09 manual_200us rmse_pp 26.85 S60 0.4336 seconds 1.4
aod_T4.3_R6e-09 manual_400us rmse_pp 27.614 S60 0.9219 seconds 3.0
aod_T4.3_R6e-09 manual_600us rmse_pp 16.567 S60 0.8945 seconds 4.3
aod_T4.3_R6e-09 ml_400us rmse_pp 14.075 S60 0.9648 seconds 3.0
SUMMARY {"case": {"temperature": 4.3, "rin": 6e-09, "pointing": 1e-24, "vs": 0, "jitter_nm": 10.0, "alignment_nm": 50.0, "manual": "paper_cubic", "model": "diffusion", "shots": 256, "seed": 26091611, "dt_us": 0.025, "noise_us": 0.05, "id": "aod_T4.3_R6e-09", "slm_rin": 0, "slm_pointing": 0, "ml_vector": true}, "joint_rmse_pp": 22.113512521081226, "curve_rmse_pp": [26.850344858287396, 27.613713067797825, 16.56659253343745, 14.075495995221294], "s60": [0.43359375, 0.921875, 0.89453125, 0.96484375]}
aod_T4.3_R1e-08 manual_200us rmse_pp 27.438 S60 0.3359 seconds 1.3
aod_T4.3_R1e-08 manual_400us rmse_pp 22.575 S60 0.7852 seconds 3.0
aod_T4.3_R1e-08 manual_600us rmse_pp 8.062 S60 0.6562 seconds 4.1
aod_T4.3_R1e-08 ml_400us rmse_pp 7.476 S60 0.7734 seconds 2.9
SUMMARY {"case": {"temperature": 4.3, "rin": 1e-08, "pointing": 1e-24, "vs": 0, "jitter_nm": 10.0, "alignment_nm": 50.0, "manual": "paper_cubic", "model": "diffusion", "shots": 256, "seed": 26091611, "dt_us": 0.025, "noise_us": 0.05, "id": "aod_T4.3_R1e-08", "slm_rin": 0, "slm_pointing": 0, "ml_vector": true}, "joint_rmse_pp": 18.5965514674629, "curve_rmse_pp": [27.437878530531144, 22.574581015100595, 8.061743615740253, 7.475714650689602], "s60": [0.3359375, 0.78515625, 0.65625, 0.7734375]}
aod_T7_R0 manual_200us rmse_pp 24.039 S60 0.4883 seconds 1.3
aod_T7_R0 manual_400us rmse_pp 29.677 S60 0.9844 seconds 3.0
aod_T7_R0 manual_600us rmse_pp 20.646 S60 1.0 seconds 4.4
aod_T7_R0 ml_400us rmse_pp 15.206 S60 1.0 seconds 3.0
SUMMARY {"case": {"temperature": 7, "rin": 0, "pointing": 1e-24, "vs": 0, "jitter_nm": 10.0, "alignment_nm": 50.0, "manual": "paper_cubic", "model": "diffusion", "shots": 256, "seed": 26091611, "dt_us": 0.025, "noise_us": 0.05, "id": "aod_T7_R0", "slm_rin": 0, "slm_pointing": 0, "ml_vector": true}, "joint_rmse_pp": 23.000262219309175, "curve_rmse_pp": [24.03920113095028, 29.676577271499255, 20.64573332333078, 15.205903939072], "s60": [0.48828125, 0.984375, 1.0, 1.0]}
aod_T7_R1e-09 manual_200us rmse_pp 24.121 S60 0.4805 seconds 1.4
aod_T7_R1e-09 manual_400us rmse_pp 29.448 S60 0.9766 seconds 3.0
aod_T7_R1e-09 manual_600us rmse_pp 20.412 S60 0.9961 seconds 4.3
aod_T7_R1e-09 ml_400us rmse_pp 15.12 S60 0.9961 seconds 3.0
SUMMARY {"case": {"temperature": 7, "rin": 1e-09, "pointing": 1e-24, "vs": 0, "jitter_nm": 10.0, "alignment_nm": 50.0, "manual": "paper_cubic", "model": "diffusion", "shots": 256, "seed": 26091611, "dt_us": 0.025, "noise_us": 0.05, "id": "aod_T7_R1e-09", "slm_rin": 0, "slm_pointing": 0, "ml_vector": true}, "joint_rmse_pp": 22.881558833782382, "curve_rmse_pp": [24.12095393789766, 29.447804093822516, 20.412359256158837, 15.119687279522493], "s60": [0.48046875, 0.9765625, 0.99609375, 0.99609375]}
aod_T7_R3e-09 manual_200us rmse_pp 22.2 S60 0.4258 seconds 1.2
aod_T7_R3e-09 manual_400us rmse_pp 28.339 S60 0.9453 seconds 3.0
aod_T7_R3e-09 manual_600us rmse_pp 18.626 S60 0.9492 seconds 4.3
aod_T7_R3e-09 ml_400us rmse_pp 14.276 S60 0.9766 seconds 3.0
SUMMARY {"case": {"temperature": 7, "rin": 3e-09, "pointing": 1e-24, "vs": 0, "jitter_nm": 10.0, "alignment_nm": 50.0, "manual": "paper_cubic", "model": "diffusion", "shots": 256, "seed": 26091611, "dt_us": 0.025, "noise_us": 0.05, "id": "aod_T7_R3e-09", "slm_rin": 0, "slm_pointing": 0, "ml_vector": true}, "joint_rmse_pp": 21.486478384345407, "curve_rmse_pp": [22.20014757080617, 28.33915801718387, 18.62577134296392, 14.275896680590872], "s60": [0.42578125, 0.9453125, 0.94921875, 0.9765625]}
aod_T7_R6e-09 manual_200us rmse_pp 18.944 S60 0.3203 seconds 1.1
aod_T7_R6e-09 manual_400us rmse_pp 23.832 S60 0.8125 seconds 3.0
aod_T7_R6e-09 manual_600us rmse_pp 11.767 S60 0.7695 seconds 4.2
aod_T7_R6e-09 ml_400us rmse_pp 11.63 S60 0.9023 seconds 3.0
SUMMARY {"case": {"temperature": 7, "rin": 6e-09, "pointing": 1e-24, "vs": 0, "jitter_nm": 10.0, "alignment_nm": 50.0, "manual": "paper_cubic", "model": "diffusion", "shots": 256, "seed": 26091611, "dt_us": 0.025, "noise_us": 0.05, "id": "aod_T7_R6e-09", "slm_rin": 0, "slm_pointing": 0, "ml_vector": true}, "joint_rmse_pp": 17.32443256452378, "curve_rmse_pp": [18.943720996733283, 23.831563597258317, 11.767479297369734, 11.630232027980409], "s60": [0.3203125, 0.8125, 0.76953125, 0.90234375]}
aod_T7_R1e-08 manual_200us rmse_pp 19.177 S60 0.2383 seconds 1.1
aod_T7_R1e-08 manual_400us rmse_pp 17.75 S60 0.6484 seconds 2.9
aod_T7_R1e-08 manual_600us rmse_pp 5.599 S60 0.5977 seconds 3.9
aod_T7_R1e-08 ml_400us rmse_pp 8.173 S60 0.793 seconds 3.0
SUMMARY {"case": {"temperature": 7, "rin": 1e-08, "pointing": 1e-24, "vs": 0, "jitter_nm": 10.0, "alignment_nm": 50.0, "manual": "paper_cubic", "model": "diffusion", "shots": 256, "seed": 26091611, "dt_us": 0.025, "noise_us": 0.05, "id": "aod_T7_R1e-08", "slm_rin": 0, "slm_pointing": 0, "ml_vector": true}, "joint_rmse_pp": 13.972725658736298, "curve_rmse_pp": [19.176646272488355, 17.74962642515475, 5.59908993692478, 8.173459532093199], "s60": [0.23828125, 0.6484375, 0.59765625, 0.79296875]}
aod_T10_R0 manual_200us rmse_pp 18.949 S60 0.3594 seconds 1.3
aod_T10_R0 manual_400us rmse_pp 29.217 S60 0.9766 seconds 3.0
aod_T10_R0 manual_600us rmse_pp 20.396 S60 0.9961 seconds 4.4
aod_T10_R0 ml_400us rmse_pp 15.206 S60 1.0 seconds 3.0
SUMMARY {"case": {"temperature": 10, "rin": 0, "pointing": 1e-24, "vs": 0, "jitter_nm": 10.0, "alignment_nm": 50.0, "manual": "paper_cubic", "model": "diffusion", "shots": 256, "seed": 26091611, "dt_us": 0.025, "noise_us": 0.05, "id": "aod_T10_R0", "slm_rin": 0, "slm_pointing": 0, "ml_vector": true}, "joint_rmse_pp": 21.56341714909332, "curve_rmse_pp": [18.949282600261146, 29.216868690536423, 20.396166179808255, 15.205903939072], "s60": [0.359375, 0.9765625, 0.99609375, 1.0]}
aod_T10_R1e-09 manual_200us rmse_pp 16.596 S60 0.3711 seconds 1.2
aod_T10_R1e-09 manual_400us rmse_pp 28.744 S60 0.9531 seconds 3.0
aod_T10_R1e-09 manual_600us rmse_pp 19.638 S60 0.9766 seconds 4.3
aod_T10_R1e-09 ml_400us rmse_pp 14.812 S60 0.9922 seconds 3.0
SUMMARY {"case": {"temperature": 10, "rin": 1e-09, "pointing": 1e-24, "vs": 0, "jitter_nm": 10.0, "alignment_nm": 50.0, "manual": "paper_cubic", "model": "diffusion", "shots": 256, "seed": 26091611, "dt_us": 0.025, "noise_us": 0.05, "id": "aod_T10_R1e-09", "slm_rin": 0, "slm_pointing": 0, "ml_vector": true}, "joint_rmse_pp": 20.655980287530113, "curve_rmse_pp": [16.596049237545476, 28.743950227824445, 19.63797624499192, 14.811632272027978], "s60": [0.37109375, 0.953125, 0.9765625, 0.9921875]}
aod_T10_R3e-09 manual_200us rmse_pp 13.489 S60 0.2891 seconds 1.1
aod_T10_R3e-09 manual_400us rmse_pp 26.25 S60 0.9023 seconds 3.0
aod_T10_R3e-09 manual_600us rmse_pp 17.427 S60 0.9062 seconds 4.3
aod_T10_R3e-09 ml_400us rmse_pp 13.05 S60 0.9453 seconds 3.0
SUMMARY {"case": {"temperature": 10, "rin": 3e-09, "pointing": 1e-24, "vs": 0, "jitter_nm": 10.0, "alignment_nm": 50.0, "manual": "paper_cubic", "model": "diffusion", "shots": 256, "seed": 26091611, "dt_us": 0.025, "noise_us": 0.05, "id": "aod_T10_R3e-09", "slm_rin": 0, "slm_pointing": 0, "ml_vector": true}, "joint_rmse_pp": 18.33714221575615, "curve_rmse_pp": [13.489318986475629, 26.249909690342626, 17.426602228661455, 13.04979646804659], "s60": [0.2890625, 0.90234375, 0.90625, 0.9453125]}
aod_T10_R6e-09 manual_200us rmse_pp 13.05 S60 0.2617 seconds 1.1
aod_T10_R6e-09 manual_400us rmse_pp 21.579 S60 0.7656 seconds 2.9
aod_T10_R6e-09 manual_600us rmse_pp 10.365 S60 0.7305 seconds 4.2
aod_T10_R6e-09 ml_400us rmse_pp 10.692 S60 0.875 seconds 3.0
SUMMARY {"case": {"temperature": 10, "rin": 6e-09, "pointing": 1e-24, "vs": 0, "jitter_nm": 10.0, "alignment_nm": 50.0, "manual": "paper_cubic", "model": "diffusion", "shots": 256, "seed": 26091611, "dt_us": 0.025, "noise_us": 0.05, "id": "aod_T10_R6e-09", "slm_rin": 0, "slm_pointing": 0, "ml_vector": true}, "joint_rmse_pp": 14.643556727320254, "curve_rmse_pp": [13.050499748697982, 21.57920899288419, 10.365398493972796, 10.691853165695427], "s60": [0.26171875, 0.765625, 0.73046875, 0.875]}
aod_T10_R1e-08 manual_200us rmse_pp 11.107 S60 0.1875 seconds 1.1
aod_T10_R1e-08 manual_400us rmse_pp 15.366 S60 0.5781 seconds 2.7
aod_T10_R1e-08 manual_600us rmse_pp 2.731 S60 0.5469 seconds 3.9
aod_T10_R1e-08 ml_400us rmse_pp 1.833 S60 0.6914 seconds 2.8
SUMMARY {"case": {"temperature": 10, "rin": 1e-08, "pointing": 1e-24, "vs": 0, "jitter_nm": 10.0, "alignment_nm": 50.0, "manual": "paper_cubic", "model": "diffusion", "shots": 256, "seed": 26091611, "dt_us": 0.025, "noise_us": 0.05, "id": "aod_T10_R1e-08", "slm_rin": 0, "slm_pointing": 0, "ml_vector": true}, "joint_rmse_pp": 9.621379035777219, "curve_rmse_pp": [11.106779870797887, 15.365717085289981, 2.7309105691302222, 1.8330425582219094], "s60": [0.1875, 0.578125, 0.546875, 0.69140625]}
aod_T15_R0 manual_200us rmse_pp 7.447 S60 0.2383 seconds 1.0
aod_T15_R0 manual_400us rmse_pp 25.376 S60 0.8945 seconds 3.0
aod_T15_R0 manual_600us rmse_pp 19.043 S60 0.9648 seconds 4.3
aod_T15_R0 ml_400us rmse_pp 13.585 S60 0.9688 seconds 3.0
SUMMARY {"case": {"temperature": 15, "rin": 0, "pointing": 1e-24, "vs": 0, "jitter_nm": 10.0, "alignment_nm": 50.0, "manual": "paper_cubic", "model": "diffusion", "shots": 256, "seed": 26091611, "dt_us": 0.025, "noise_us": 0.05, "id": "aod_T15_R0", "slm_rin": 0, "slm_pointing": 0, "ml_vector": true}, "joint_rmse_pp": 17.653286839491486, "curve_rmse_pp": [7.4467189310605075, 25.37560419427444, 19.043029347954466, 13.584633493020876], "s60": [0.23828125, 0.89453125, 0.96484375, 0.96875]}
aod_T15_R1e-09 manual_200us rmse_pp 8.389 S60 0.1953 seconds 1.0
aod_T15_R1e-09 manual_400us rmse_pp 24.111 S60 0.8711 seconds 2.9
aod_T15_R1e-09 manual_600us rmse_pp 17.826 S60 0.9375 seconds 4.3
aod_T15_R1e-09 ml_400us rmse_pp 12.464 S60 0.9453 seconds 3.4
SUMMARY {"case": {"temperature": 15, "rin": 1e-09, "pointing": 1e-24, "vs": 0, "jitter_nm": 10.0, "alignment_nm": 50.0, "manual": "paper_cubic", "model": "diffusion", "shots": 256, "seed": 26091611, "dt_us": 0.025, "noise_us": 0.05, "id": "aod_T15_R1e-09", "slm_rin": 0, "slm_pointing": 0, "ml_vector": true}, "joint_rmse_pp": 16.769500955789262, "curve_rmse_pp": [8.389296256894841, 24.11148901606732, 17.825832472044986, 12.46435524387723], "s60": [0.1953125, 0.87109375, 0.9375, 0.9453125]}
aod_T15_R3e-09 manual_200us rmse_pp 4.818 S60 0.1602 seconds 1.1
aod_T15_R3e-09 manual_400us rmse_pp 19.217 S60 0.7656 seconds 3.4
aod_T15_R3e-09 manual_600us rmse_pp 11.348 S60 0.793 seconds 5.1
aod_T15_R3e-09 ml_400us rmse_pp 8.516 S60 0.8672 seconds 3.4
SUMMARY {"case": {"temperature": 15, "rin": 3e-09, "pointing": 1e-24, "vs": 0, "jitter_nm": 10.0, "alignment_nm": 50.0, "manual": "paper_cubic", "model": "diffusion", "shots": 256, "seed": 26091611, "dt_us": 0.025, "noise_us": 0.05, "id": "aod_T15_R3e-09", "slm_rin": 0, "slm_pointing": 0, "ml_vector": true}, "joint_rmse_pp": 12.18394077947514, "curve_rmse_pp": [4.817764519805934, 19.216883405911513, 11.348084397051444, 8.51558391325742], "s60": [0.16015625, 0.765625, 0.79296875, 0.8671875]}
aod_T15_R6e-09 manual_200us rmse_pp 3.773 S60 0.1445 seconds 1.1
aod_T15_R6e-09 manual_400us rmse_pp 14.68 S60 0.6289 seconds 3.2
aod_T15_R6e-09 manual_600us rmse_pp 4.325 S60 0.668 seconds 4.5
aod_T15_R6e-09 ml_400us rmse_pp 4.167 S60 0.7422 seconds 3.5
SUMMARY {"case": {"temperature": 15, "rin": 6e-09, "pointing": 1e-24, "vs": 0, "jitter_nm": 10.0, "alignment_nm": 50.0, "manual": "paper_cubic", "model": "diffusion", "shots": 256, "seed": 26091611, "dt_us": 0.025, "noise_us": 0.05, "id": "aod_T15_R6e-09", "slm_rin": 0, "slm_pointing": 0, "ml_vector": true}, "joint_rmse_pp": 8.151675529442263, "curve_rmse_pp": [3.7733387670099026, 14.679729777993971, 4.325012541878161, 4.166649788053359], "s60": [0.14453125, 0.62890625, 0.66796875, 0.7421875]}
aod_T15_R1e-08 manual_200us rmse_pp 3.918 S60 0.1133 seconds 1.1
aod_T15_R1e-08 manual_400us rmse_pp 5.25 S60 0.4609 seconds 3.0
aod_T15_R1e-08 manual_600us rmse_pp 9.135 S60 0.3984 seconds 4.2
aod_T15_R1e-08 ml_400us rmse_pp 6.02 S60 0.5547 seconds 3.3
SUMMARY {"case": {"temperature": 15, "rin": 1e-08, "pointing": 1e-24, "vs": 0, "jitter_nm": 10.0, "alignment_nm": 50.0, "manual": "paper_cubic", "model": "diffusion", "shots": 256, "seed": 26091611, "dt_us": 0.025, "noise_us": 0.05, "id": "aod_T15_R1e-08", "slm_rin": 0, "slm_pointing": 0, "ml_vector": true}, "joint_rmse_pp": 6.375756870381906, "curve_rmse_pp": [3.918036826970766, 5.249638953285672, 9.134885510008017, 6.020402617980001], "s60": [0.11328125, 0.4609375, 0.3984375, 0.5546875]}
aod_T21_R0 manual_200us rmse_pp 6.382 S60 0.1445 seconds 1.2
aod_T21_R0 manual_400us rmse_pp 18.485 S60 0.7891 seconds 3.5
aod_T21_R0 manual_600us rmse_pp 13.896 S60 0.8789 seconds 5.1
aod_T21_R0 ml_400us rmse_pp 8.849 S60 0.875 seconds 3.5
SUMMARY {"case": {"temperature": 21, "rin": 0, "pointing": 1e-24, "vs": 0, "jitter_nm": 10.0, "alignment_nm": 50.0, "manual": "paper_cubic", "model": "diffusion", "shots": 256, "seed": 26091611, "dt_us": 0.025, "noise_us": 0.05, "id": "aod_T21_R0", "slm_rin": 0, "slm_pointing": 0, "ml_vector": true}, "joint_rmse_pp": 12.784905968430248, "curve_rmse_pp": [6.38209704776444, 18.484860610616934, 13.895678760848423, 8.848963766492576], "s60": [0.14453125, 0.7890625, 0.87890625, 0.875]}
aod_T21_R1e-09 manual_200us rmse_pp 5.811 S60 0.1211 seconds 1.2
aod_T21_R1e-09 manual_400us rmse_pp 16.638 S60 0.7539 seconds 3.2
aod_T21_R1e-09 manual_600us rmse_pp 12.597 S60 0.8359 seconds 5.1
aod_T21_R1e-09 ml_400us rmse_pp 7.338 S60 0.8359 seconds 3.0
SUMMARY {"case": {"temperature": 21, "rin": 1e-09, "pointing": 1e-24, "vs": 0, "jitter_nm": 10.0, "alignment_nm": 50.0, "manual": "paper_cubic", "model": "diffusion", "shots": 256, "seed": 26091611, "dt_us": 0.025, "noise_us": 0.05, "id": "aod_T21_R1e-09", "slm_rin": 0, "slm_pointing": 0, "ml_vector": true}, "joint_rmse_pp": 11.43577145680859, "curve_rmse_pp": [5.810985338115978, 16.63792409658829, 12.596806481092862, 7.337565869121525], "s60": [0.12109375, 0.75390625, 0.8359375, 0.8359375]}
aod_T21_R3e-09 manual_200us rmse_pp 8.094 S60 0.0977 seconds 0.8
aod_T21_R3e-09 manual_400us rmse_pp 13.421 S60 0.6602 seconds 2.7
aod_T21_R3e-09 manual_600us rmse_pp 6.686 S60 0.7188 seconds 4.2
aod_T21_R3e-09 ml_400us rmse_pp 4.945 S60 0.7734 seconds 2.9
SUMMARY {"case": {"temperature": 21, "rin": 3e-09, "pointing": 1e-24, "vs": 0, "jitter_nm": 10.0, "alignment_nm": 50.0, "manual": "paper_cubic", "model": "diffusion", "shots": 256, "seed": 26091611, "dt_us": 0.025, "noise_us": 0.05, "id": "aod_T21_R3e-09", "slm_rin": 0, "slm_pointing": 0, "ml_vector": true}, "joint_rmse_pp": 8.871182199351342, "curve_rmse_pp": [8.093940758423653, 13.420678954674194, 6.686390422040163, 4.945419797660811], "s60": [0.09765625, 0.66015625, 0.71875, 0.7734375]}
aod_T21_R6e-09 manual_200us rmse_pp 7.517 S60 0.1016 seconds 0.8
aod_T21_R6e-09 manual_400us rmse_pp 7.224 S60 0.5273 seconds 2.5
aod_T21_R6e-09 manual_600us rmse_pp 4.955 S60 0.5078 seconds 3.6
aod_T21_R6e-09 ml_400us rmse_pp 4.176 S60 0.6055 seconds 2.8
SUMMARY {"case": {"temperature": 21, "rin": 6e-09, "pointing": 1e-24, "vs": 0, "jitter_nm": 10.0, "alignment_nm": 50.0, "manual": "paper_cubic", "model": "diffusion", "shots": 256, "seed": 26091611, "dt_us": 0.025, "noise_us": 0.05, "id": "aod_T21_R6e-09", "slm_rin": 0, "slm_pointing": 0, "ml_vector": true}, "joint_rmse_pp": 6.137692022173981, "curve_rmse_pp": [7.517368964118283, 7.223782088529916, 4.954846600320653, 4.176204592482151], "s60": [0.1015625, 0.52734375, 0.5078125, 0.60546875]}
aod_T21_R1e-08 manual_200us rmse_pp 8.834 S60 0.0781 seconds 0.8
aod_T21_R1e-08 manual_400us rmse_pp 4.268 S60 0.375 seconds 2.3
aod_T21_R1e-08 manual_600us rmse_pp 12.153 S60 0.3828 seconds 3.3
aod_T21_R1e-08 ml_400us rmse_pp 12.129 S60 0.4648 seconds 2.6
SUMMARY {"case": {"temperature": 21, "rin": 1e-08, "pointing": 1e-24, "vs": 0, "jitter_nm": 10.0, "alignment_nm": 50.0, "manual": "paper_cubic", "model": "diffusion", "shots": 256, "seed": 26091611, "dt_us": 0.025, "noise_us": 0.05, "id": "aod_T21_R1e-08", "slm_rin": 0, "slm_pointing": 0, "ml_vector": true}, "joint_rmse_pp": 9.887802920075941, "curve_rmse_pp": [8.833972921742149, 4.267742248863619, 12.153485981722355, 12.12908336818238], "s60": [0.078125, 0.375, 0.3828125, 0.46484375]}
aod_T28_R0 manual_200us rmse_pp 14.71 S60 0.1055 seconds 0.7
aod_T28_R0 manual_400us rmse_pp 13.736 S60 0.707 seconds 2.6
aod_T28_R0 manual_600us rmse_pp 10.936 S60 0.8203 seconds 4.4
aod_T28_R0 ml_400us rmse_pp 6.687 S60 0.7852 seconds 3.0
SUMMARY {"case": {"temperature": 28, "rin": 0, "pointing": 1e-24, "vs": 0, "jitter_nm": 10.0, "alignment_nm": 50.0, "manual": "paper_cubic", "model": "diffusion", "shots": 256, "seed": 26091611, "dt_us": 0.025, "noise_us": 0.05, "id": "aod_T28_R0", "slm_rin": 0, "slm_pointing": 0, "ml_vector": true}, "joint_rmse_pp": 11.93067874707106, "curve_rmse_pp": [14.710388579923903, 13.735532071707057, 10.935590958158967, 6.687066501376776], "s60": [0.10546875, 0.70703125, 0.8203125, 0.78515625]}
aod_T28_R1e-09 manual_200us rmse_pp 16.322 S60 0.1055 seconds 0.7
aod_T28_R1e-09 manual_400us rmse_pp 11.385 S60 0.6406 seconds 2.8
aod_T28_R1e-09 manual_600us rmse_pp 8.212 S60 0.7578 seconds 4.1
aod_T28_R1e-09 ml_400us rmse_pp 5.417 S60 0.7578 seconds 2.9
SUMMARY {"case": {"temperature": 28, "rin": 1e-09, "pointing": 1e-24, "vs": 0, "jitter_nm": 10.0, "alignment_nm": 50.0, "manual": "paper_cubic", "model": "diffusion", "shots": 256, "seed": 26091611, "dt_us": 0.025, "noise_us": 0.05, "id": "aod_T28_R1e-09", "slm_rin": 0, "slm_pointing": 0, "ml_vector": true}, "joint_rmse_pp": 11.099911329552882, "curve_rmse_pp": [16.322433975178345, 11.385314014235403, 8.212089942248731, 5.417239038418121], "s60": [0.10546875, 0.640625, 0.7578125, 0.7578125]}
aod_T28_R3e-09 manual_200us rmse_pp 16.936 S60 0.0859 seconds 0.7
aod_T28_R3e-09 manual_400us rmse_pp 6.158 S60 0.5156 seconds 2.5
aod_T28_R3e-09 manual_600us rmse_pp 6.796 S60 0.5703 seconds 3.7
aod_T28_R3e-09 ml_400us rmse_pp 6.639 S60 0.6602 seconds 2.8
SUMMARY {"case": {"temperature": 28, "rin": 3e-09, "pointing": 1e-24, "vs": 0, "jitter_nm": 10.0, "alignment_nm": 50.0, "manual": "paper_cubic", "model": "diffusion", "shots": 256, "seed": 26091611, "dt_us": 0.025, "noise_us": 0.05, "id": "aod_T28_R3e-09", "slm_rin": 0, "slm_pointing": 0, "ml_vector": true}, "joint_rmse_pp": 10.185699312903347, "curve_rmse_pp": [16.93589465270303, 6.157616055551498, 6.795576105105998, 6.638769780327573], "s60": [0.0859375, 0.515625, 0.5703125, 0.66015625]}
aod_T28_R6e-09 manual_200us rmse_pp 16.357 S60 0.0703 seconds 0.6
aod_T28_R6e-09 manual_400us rmse_pp 5.462 S60 0.4492 seconds 2.4
aod_T28_R6e-09 manual_600us rmse_pp 12.981 S60 0.418 seconds 3.5
aod_T28_R6e-09 ml_400us rmse_pp 11.91 S60 0.5234 seconds 2.5
SUMMARY {"case": {"temperature": 28, "rin": 6e-09, "pointing": 1e-24, "vs": 0, "jitter_nm": 10.0, "alignment_nm": 50.0, "manual": "paper_cubic", "model": "diffusion", "shots": 256, "seed": 26091611, "dt_us": 0.025, "noise_us": 0.05, "id": "aod_T28_R6e-09", "slm_rin": 0, "slm_pointing": 0, "ml_vector": true}, "joint_rmse_pp": 12.326345631592112, "curve_rmse_pp": [16.357480611101234, 5.461959889901174, 12.98087562873335, 11.91015854839029], "s60": [0.0703125, 0.44921875, 0.41796875, 0.5234375]}
aod_T28_R1e-08 manual_200us rmse_pp 19.881 S60 0.0391 seconds 0.5
aod_T28_R1e-08 manual_400us rmse_pp 11.11 S60 0.3242 seconds 2.1
aod_T28_R1e-08 manual_600us rmse_pp 18.326 S60 0.293 seconds 3.5
aod_T28_R1e-08 ml_400us rmse_pp 21.587 S60 0.3555 seconds 2.3
SUMMARY {"case": {"temperature": 28, "rin": 1e-08, "pointing": 1e-24, "vs": 0, "jitter_nm": 10.0, "alignment_nm": 50.0, "manual": "paper_cubic", "model": "diffusion", "shots": 256, "seed": 26091611, "dt_us": 0.025, "noise_us": 0.05, "id": "aod_T28_R1e-08", "slm_rin": 0, "slm_pointing": 0, "ml_vector": true}, "joint_rmse_pp": 18.169556547708133, "curve_rmse_pp": [19.880834259671744, 11.109871215612092, 18.3257887681854, 21.58749168609636], "s60": [0.0390625, 0.32421875, 0.29296875, 0.35546875]}
