opt3_T12_R5e-09_W1.11 manual_200us rmse_pp 15.021 S60 0.3047 seconds 2.3
opt3_T12_R5e-09_W1.11 manual_400us rmse_pp 18.598 S60 0.7344 seconds 5.3
opt3_T12_R5e-09_W1.11 manual_600us rmse_pp 8.642 S60 0.707 seconds 7.1
opt3_T12_R5e-09_W1.11 ml_400us rmse_pp 7.405 S60 0.8047 seconds 4.0
SUMMARY {"case": {"temperature": 12, "rin": 5e-09, "pointing": 1e-24, "vs": 0, "jitter_nm": 10.0, "alignment_nm": 50.0, "manual": "paper_cubic", "model": "diffusion", "shots": 256, "seed": 26091611, "dt_us": 0.025, "noise_us": 0.05, "id": "opt3_T12_R5e-09_W1.11", "slm_rin": 0, "slm_pointing": 0, "ml_vector": true, "waist_um": 1.11}, "joint_rmse_pp": 13.238421223238204, "curve_rmse_pp": [15.020607094256452, 18.598396836418292, 8.64159005937758, 7.404532720994621], "s60": [0.3046875, 0.734375, 0.70703125, 0.8046875]}
opt3_T12_R7.5e-09_W1.11 manual_200us rmse_pp 13.892 S60 0.2227 seconds 2.2
opt3_T12_R7.5e-09_W1.11 manual_400us rmse_pp 13.762 S60 0.6055 seconds 5.0
opt3_T12_R7.5e-09_W1.11 manual_600us rmse_pp 2.61 S60 0.5469 seconds 6.4
opt3_T12_R7.5e-09_W1.11 ml_400us rmse_pp 1.808 S60 0.6602 seconds 3.3
SUMMARY {"case": {"temperature": 12, "rin": 7.5e-09, "pointing": 1e-24, "vs": 0, "jitter_nm": 10.0, "alignment_nm": 50.0, "manual": "paper_cubic", "model": "diffusion", "shots": 256, "seed": 26091611, "dt_us": 0.025, "noise_us": 0.05, "id": "opt3_T12_R7.5e-09_W1.11", "slm_rin": 0, "slm_pointing": 0, "ml_vector": true, "waist_um": 1.11}, "joint_rmse_pp": 9.905261368657827, "curve_rmse_pp": [13.891921918574765, 13.761947710470432, 2.610118934193264, 1.807592569570374], "s60": [0.22265625, 0.60546875, 0.546875, 0.66015625]}
opt3_T12_R1e-08_W1.11 manual_200us rmse_pp 10.118 S60 0.1914 seconds 1.3
opt3_T12_R1e-08_W1.11 manual_400us rmse_pp 7.903 S60 0.5195 seconds 3.2
opt3_T12_R1e-08_W1.11 manual_600us rmse_pp 3.947 S60 0.4648 seconds 4.4
opt3_T12_R1e-08_W1.11 ml_400us rmse_pp 2.977 S60 0.6172 seconds 3.3
SUMMARY {"case": {"temperature": 12, "rin": 1e-08, "pointing": 1e-24, "vs": 0, "jitter_nm": 10.0, "alignment_nm": 50.0, "manual": "paper_cubic", "model": "diffusion", "shots": 256, "seed": 26091611, "dt_us": 0.025, "noise_us": 0.05, "id": "opt3_T12_R1e-08_W1.11", "slm_rin": 0, "slm_pointing": 0, "ml_vector": true, "waist_um": 1.11}, "joint_rmse_pp": 6.879010850706822, "curve_rmse_pp": [10.118257295588043, 7.903343219094147, 3.946954024993015, 2.9770371718603266], "s60": [0.19140625, 0.51953125, 0.46484375, 0.6171875]}
opt3_T16_R5e-09_W1.11 manual_200us rmse_pp 5.601 S60 0.2188 seconds 1.2
opt3_T16_R5e-09_W1.11 manual_400us rmse_pp 12.233 S60 0.6445 seconds 3.1
opt3_T16_R5e-09_W1.11 manual_600us rmse_pp 3.458 S60 0.6367 seconds 4.9
opt3_T16_R5e-09_W1.11 ml_400us rmse_pp 4.356 S60 0.7695 seconds 3.7
SUMMARY {"case": {"temperature": 16, "rin": 5e-09, "pointing": 1e-24, "vs": 0, "jitter_nm": 10.0, "alignment_nm": 50.0, "manual": "paper_cubic", "model": "diffusion", "shots": 256, "seed": 26091611, "dt_us": 0.025, "noise_us": 0.05, "id": "opt3_T16_R5e-09_W1.11", "slm_rin": 0, "slm_pointing": 0, "ml_vector": true, "waist_um": 1.11}, "joint_rmse_pp": 7.279489458347141, "curve_rmse_pp": [5.601010367416382, 12.233479574339846, 3.4581874378586224, 4.356083919036617], "s60": [0.21875, 0.64453125, 0.63671875, 0.76953125]}
opt3_T16_R7.5e-09_W1.11 manual_200us rmse_pp 3.78 S60 0.1875 seconds 1.3
opt3_T16_R7.5e-09_W1.11 manual_400us rmse_pp 6.369 S60 0.4883 seconds 3.0
opt3_T16_R7.5e-09_W1.11 manual_600us rmse_pp 5.961 S60 0.4727 seconds 4.3
opt3_T16_R7.5e-09_W1.11 ml_400us rmse_pp 1.376 S60 0.6602 seconds 3.6
SUMMARY {"case": {"temperature": 16, "rin": 7.5e-09, "pointing": 1e-24, "vs": 0, "jitter_nm": 10.0, "alignment_nm": 50.0, "manual": "paper_cubic", "model": "diffusion", "shots": 256, "seed": 26091611, "dt_us": 0.025, "noise_us": 0.05, "id": "opt3_T16_R7.5e-09_W1.11", "slm_rin": 0, "slm_pointing": 0, "ml_vector": true, "waist_um": 1.11}, "joint_rmse_pp": 4.802987226083597, "curve_rmse_pp": [3.779939117939994, 6.368620445788806, 5.961060867908021, 1.3759478140294121], "s60": [0.1875, 0.48828125, 0.47265625, 0.66015625]}
opt3_T16_R1e-08_W1.11 manual_200us rmse_pp 2.206 S60 0.1797 seconds 1.1
opt3_T16_R1e-08_W1.11 manual_400us rmse_pp 2.818 S60 0.3984 seconds 2.9
opt3_T16_R1e-08_W1.11 manual_600us rmse_pp 11.3 S60 0.3477 seconds 3.7
opt3_T16_R1e-08_W1.11 ml_400us rmse_pp 8.061 S60 0.5117 seconds 2.9
SUMMARY {"case": {"temperature": 16, "rin": 1e-08, "pointing": 1e-24, "vs": 0, "jitter_nm": 10.0, "alignment_nm": 50.0, "manual": "paper_cubic", "model": "diffusion", "shots": 256, "seed": 26091611, "dt_us": 0.025, "noise_us": 0.05, "id": "opt3_T16_R1e-08_W1.11", "slm_rin": 0, "slm_pointing": 0, "ml_vector": true, "waist_um": 1.11}, "joint_rmse_pp": 7.167307178670888, "curve_rmse_pp": [2.2063159349331536, 2.8183464586984504, 11.300002128102184, 8.061030573853264], "s60": [0.1796875, 0.3984375, 0.34765625, 0.51171875]}
opt3_T20_R5e-09_W1.11 manual_200us rmse_pp 4.743 S60 0.1562 seconds 1.0
opt3_T20_R5e-09_W1.11 manual_400us rmse_pp 7.787 S60 0.5469 seconds 3.2
opt3_T20_R5e-09_W1.11 manual_600us rmse_pp 1.328 S60 0.5625 seconds 5.0
opt3_T20_R5e-09_W1.11 ml_400us rmse_pp 1.829 S60 0.6758 seconds 3.2
SUMMARY {"case": {"temperature": 20, "rin": 5e-09, "pointing": 1e-24, "vs": 0, "jitter_nm": 10.0, "alignment_nm": 50.0, "manual": "paper_cubic", "model": "diffusion", "shots": 256, "seed": 26091611, "dt_us": 0.025, "noise_us": 0.05, "id": "opt3_T20_R5e-09_W1.11", "slm_rin": 0, "slm_pointing": 0, "ml_vector": true, "waist_um": 1.11}, "joint_rmse_pp": 4.696701693928755, "curve_rmse_pp": [4.742947110674633, 7.786686198567486, 1.328372423147944, 1.8285033942584923], "s60": [0.15625, 0.546875, 0.5625, 0.67578125]}
opt3_T20_R7.5e-09_W1.11 manual_200us rmse_pp 4.441 S60 0.1094 seconds 1.1
opt3_T20_R7.5e-09_W1.11 manual_400us rmse_pp 3.215 S60 0.4766 seconds 3.3
opt3_T20_R7.5e-09_W1.11 manual_600us rmse_pp 11.329 S60 0.3633 seconds 4.1
opt3_T20_R7.5e-09_W1.11 ml_400us rmse_pp 10.297 S60 0.5234 seconds 3.1
SUMMARY {"case": {"temperature": 20, "rin": 7.5e-09, "pointing": 1e-24, "vs": 0, "jitter_nm": 10.0, "alignment_nm": 50.0, "manual": "paper_cubic", "model": "diffusion", "shots": 256, "seed": 26091611, "dt_us": 0.025, "noise_us": 0.05, "id": "opt3_T20_R7.5e-09_W1.11", "slm_rin": 0, "slm_pointing": 0, "ml_vector": true, "waist_um": 1.11}, "joint_rmse_pp": 8.130604192431184, "curve_rmse_pp": [4.441439999359505, 3.214974213612682, 11.328712734102576, 10.296830457087042], "s60": [0.109375, 0.4765625, 0.36328125, 0.5234375]}
opt3_T20_R1e-08_W1.11 manual_200us rmse_pp 5.41 S60 0.1133 seconds 1.0
opt3_T20_R1e-08_W1.11 manual_400us rmse_pp 2.547 S60 0.3672 seconds 2.5
opt3_T20_R1e-08_W1.11 manual_600us rmse_pp 15.345 S60 0.3203 seconds 3.7
opt3_T20_R1e-08_W1.11 ml_400us rmse_pp 10.538 S60 0.5117 seconds 3.1
SUMMARY {"case": {"temperature": 20, "rin": 1e-08, "pointing": 1e-24, "vs": 0, "jitter_nm": 10.0, "alignment_nm": 50.0, "manual": "paper_cubic", "model": "diffusion", "shots": 256, "seed": 26091611, "dt_us": 0.025, "noise_us": 0.05, "id": "opt3_T20_R1e-08_W1.11", "slm_rin": 0, "slm_pointing": 0, "ml_vector": true, "waist_um": 1.11}, "joint_rmse_pp": 9.776013478413573, "curve_rmse_pp": [5.410450949756187, 2.5470828207339498, 15.34533285232788, 10.537642402186854], "s60": [0.11328125, 0.3671875, 0.3203125, 0.51171875]}
opt3_T12_R5e-09_W1.14 manual_200us rmse_pp 12.372 S60 0.1953 seconds 1.2
opt3_T12_R5e-09_W1.14 manual_400us rmse_pp 19.652 S60 0.7422 seconds 3.4
opt3_T12_R5e-09_W1.14 manual_600us rmse_pp 11.038 S60 0.7734 seconds 4.9
opt3_T12_R5e-09_W1.14 ml_400us rmse_pp 7.822 S60 0.8242 seconds 3.6
SUMMARY {"case": {"temperature": 12, "rin": 5e-09, "pointing": 1e-24, "vs": 0, "jitter_nm": 10.0, "alignment_nm": 50.0, "manual": "paper_cubic", "model": "diffusion", "shots": 256, "seed": 26091611, "dt_us": 0.025, "noise_us": 0.05, "id": "opt3_T12_R5e-09_W1.14", "slm_rin": 0, "slm_pointing": 0, "ml_vector": true, "waist_um": 1.14}, "joint_rmse_pp": 13.437489905174607, "curve_rmse_pp": [12.372223653218402, 19.65161333110905, 11.037561151034128, 7.821697961643638], "s60": [0.1953125, 0.7421875, 0.7734375, 0.82421875]}
opt3_T12_R7.5e-09_W1.14 manual_200us rmse_pp 11.446 S60 0.1836 seconds 1.2
opt3_T12_R7.5e-09_W1.14 manual_400us rmse_pp 14.424 S60 0.5938 seconds 3.5
opt3_T12_R7.5e-09_W1.14 manual_600us rmse_pp 1.986 S60 0.5859 seconds 4.6
opt3_T12_R7.5e-09_W1.14 ml_400us rmse_pp 4.513 S60 0.7461 seconds 3.8
SUMMARY {"case": {"temperature": 12, "rin": 7.5e-09, "pointing": 1e-24, "vs": 0, "jitter_nm": 10.0, "alignment_nm": 50.0, "manual": "paper_cubic", "model": "diffusion", "shots": 256, "seed": 26091611, "dt_us": 0.025, "noise_us": 0.05, "id": "opt3_T12_R7.5e-09_W1.14", "slm_rin": 0, "slm_pointing": 0, "ml_vector": true, "waist_um": 1.14}, "joint_rmse_pp": 9.531128767187175, "curve_rmse_pp": [11.445998746065513, 14.423877527394529, 1.9862912531373043, 4.512779536417852], "s60": [0.18359375, 0.59375, 0.5859375, 0.74609375]}
opt3_T12_R1e-08_W1.14 manual_200us rmse_pp 10.188 S60 0.1523 seconds 1.4
opt3_T12_R1e-08_W1.14 manual_400us rmse_pp 10.692 S60 0.5156 seconds 3.5
opt3_T12_R1e-08_W1.14 manual_600us rmse_pp 4.33 S60 0.4531 seconds 6.9
opt3_T12_R1e-08_W1.14 ml_400us rmse_pp 2.557 S60 0.625 seconds 4.7
SUMMARY {"case": {"temperature": 12, "rin": 1e-08, "pointing": 1e-24, "vs": 0, "jitter_nm": 10.0, "alignment_nm": 50.0, "manual": "paper_cubic", "model": "diffusion", "shots": 256, "seed": 26091611, "dt_us": 0.025, "noise_us": 0.05, "id": "opt3_T12_R1e-08_W1.14", "slm_rin": 0, "slm_pointing": 0, "ml_vector": true, "waist_um": 1.14}, "joint_rmse_pp": 7.8008187905524, "curve_rmse_pp": [10.187942599257308, 10.692445984096382, 4.330126418792788, 2.557053945624485], "s60": [0.15234375, 0.515625, 0.453125, 0.625]}
opt3_T16_R5e-09_W1.14 manual_200us rmse_pp 4.549 S60 0.168 seconds 1.4
opt3_T16_R5e-09_W1.14 manual_400us rmse_pp 13.154 S60 0.6172 seconds 5.5
opt3_T16_R5e-09_W1.14 manual_600us rmse_pp 5.676 S60 0.6836 seconds 6.6
opt3_T16_R5e-09_W1.14 ml_400us rmse_pp 4.705 S60 0.7656 seconds 4.9
SUMMARY {"case": {"temperature": 16, "rin": 5e-09, "pointing": 1e-24, "vs": 0, "jitter_nm": 10.0, "alignment_nm": 50.0, "manual": "paper_cubic", "model": "diffusion", "shots": 256, "seed": 26091611, "dt_us": 0.025, "noise_us": 0.05, "id": "opt3_T16_R5e-09_W1.14", "slm_rin": 0, "slm_pointing": 0, "ml_vector": true, "waist_um": 1.14}, "joint_rmse_pp": 7.8754294074013185, "curve_rmse_pp": [4.549449753469031, 13.154294479451172, 5.676196913297489, 4.705038330753422], "s60": [0.16796875, 0.6171875, 0.68359375, 0.765625]}
opt3_T16_R7.5e-09_W1.14 manual_200us rmse_pp 1.075 S60 0.1211 seconds 1.3
opt3_T16_R7.5e-09_W1.14 manual_400us rmse_pp 11.422 S60 0.5898 seconds 5.1
opt3_T16_R7.5e-09_W1.14 manual_600us rmse_pp 1.644 S60 0.5508 seconds 7.2
opt3_T16_R7.5e-09_W1.14 ml_400us rmse_pp 2.827 S60 0.6133 seconds 4.2
SUMMARY {"case": {"temperature": 16, "rin": 7.5e-09, "pointing": 1e-24, "vs": 0, "jitter_nm": 10.0, "alignment_nm": 50.0, "manual": "paper_cubic", "model": "diffusion", "shots": 256, "seed": 26091611, "dt_us": 0.025, "noise_us": 0.05, "id": "opt3_T16_R7.5e-09_W1.14", "slm_rin": 0, "slm_pointing": 0, "ml_vector": true, "waist_um": 1.14}, "joint_rmse_pp": 5.964933725699912, "curve_rmse_pp": [1.0750070081910983, 11.422343260384485, 1.6437465021071969, 2.8274138747393267], "s60": [0.12109375, 0.58984375, 0.55078125, 0.61328125]}
opt3_T16_R1e-08_W1.14 manual_200us rmse_pp 2.822 S60 0.0938 seconds 0.9
opt3_T16_R1e-08_W1.14 manual_400us rmse_pp 4.547 S60 0.4609 seconds 4.0
opt3_T16_R1e-08_W1.14 manual_600us rmse_pp 11.865 S60 0.3398 seconds 6.7
opt3_T16_R1e-08_W1.14 ml_400us rmse_pp 8.121 S60 0.5312 seconds 4.6
SUMMARY {"case": {"temperature": 16, "rin": 1e-08, "pointing": 1e-24, "vs": 0, "jitter_nm": 10.0, "alignment_nm": 50.0, "manual": "paper_cubic", "model": "diffusion", "shots": 256, "seed": 26091611, "dt_us": 0.025, "noise_us": 0.05, "id": "opt3_T16_R1e-08_W1.14", "slm_rin": 0, "slm_pointing": 0, "ml_vector": true, "waist_um": 1.14}, "joint_rmse_pp": 7.670749047894317, "curve_rmse_pp": [2.821530606086618, 4.546778984052567, 11.865194083304818, 8.120621841810449], "s60": [0.09375, 0.4609375, 0.33984375, 0.53125]}
opt3_T20_R5e-09_W1.14 manual_200us rmse_pp 3.848 S60 0.1445 seconds 1.3
opt3_T20_R5e-09_W1.14 manual_400us rmse_pp 7.44 S60 0.5352 seconds 3.8
opt3_T20_R5e-09_W1.14 manual_600us rmse_pp 2.349 S60 0.6055 seconds 5.7
opt3_T20_R5e-09_W1.14 ml_400us rmse_pp 4.06 S60 0.6523 seconds 4.4
SUMMARY {"case": {"temperature": 20, "rin": 5e-09, "pointing": 1e-24, "vs": 0, "jitter_nm": 10.0, "alignment_nm": 50.0, "manual": "paper_cubic", "model": "diffusion", "shots": 256, "seed": 26091611, "dt_us": 0.025, "noise_us": 0.05, "id": "opt3_T20_R5e-09_W1.14", "slm_rin": 0, "slm_pointing": 0, "ml_vector": true, "waist_um": 1.14}, "joint_rmse_pp": 4.800288551744396, "curve_rmse_pp": [3.84819865567093, 7.440357460232942, 2.3488336254633126, 4.060358271184276], "s60": [0.14453125, 0.53515625, 0.60546875, 0.65234375]}
opt3_T20_R7.5e-09_W1.14 manual_200us rmse_pp 3.63 S60 0.0977 seconds 1.4
opt3_T20_R7.5e-09_W1.14 manual_400us rmse_pp 3.115 S60 0.4531 seconds 4.5
opt3_T20_R7.5e-09_W1.14 manual_600us rmse_pp 6.959 S60 0.4844 seconds 5.6
opt3_T20_R7.5e-09_W1.14 ml_400us rmse_pp 6.955 S60 0.5781 seconds 4.6
SUMMARY {"case": {"temperature": 20, "rin": 7.5e-09, "pointing": 1e-24, "vs": 0, "jitter_nm": 10.0, "alignment_nm": 50.0, "manual": "paper_cubic", "model": "diffusion", "shots": 256, "seed": 26091611, "dt_us": 0.025, "noise_us": 0.05, "id": "opt3_T20_R7.5e-09_W1.14", "slm_rin": 0, "slm_pointing": 0, "ml_vector": true, "waist_um": 1.14}, "joint_rmse_pp": 5.469799280485066, "curve_rmse_pp": [3.6297039044010293, 3.1151679138409087, 6.95913480519467, 6.9545839468123445], "s60": [0.09765625, 0.453125, 0.484375, 0.578125]}
opt3_T20_R1e-08_W1.14 manual_200us rmse_pp 4.049 S60 0.0938 seconds 1.0
opt3_T20_R1e-08_W1.14 manual_400us rmse_pp 2.436 S60 0.3906 seconds 3.4
opt3_T20_R1e-08_W1.14 manual_600us rmse_pp 14.003 S60 0.3633 seconds 5.8
opt3_T20_R1e-08_W1.14 ml_400us rmse_pp 13.867 S60 0.4492 seconds 4.4
SUMMARY {"case": {"temperature": 20, "rin": 1e-08, "pointing": 1e-24, "vs": 0, "jitter_nm": 10.0, "alignment_nm": 50.0, "manual": "paper_cubic", "model": "diffusion", "shots": 256, "seed": 26091611, "dt_us": 0.025, "noise_us": 0.05, "id": "opt3_T20_R1e-08_W1.14", "slm_rin": 0, "slm_pointing": 0, "ml_vector": true, "waist_um": 1.14}, "joint_rmse_pp": 10.133117283468863, "curve_rmse_pp": [4.0489777651208225, 2.4362283317210194, 14.003044838342623, 13.867428361119613], "s60": [0.09375, 0.390625, 0.36328125, 0.44921875]}
