refine3_T16_R7.5e-09_W1.11 manual_200us rmse_pp 3.535 S60 0.1738 seconds 4.1
refine3_T16_R7.5e-09_W1.11 manual_400us rmse_pp 8.286 S60 0.54 seconds 11.7
refine3_T16_R7.5e-09_W1.11 manual_600us rmse_pp 4.379 S60 0.4902 seconds 16.5
refine3_T16_R7.5e-09_W1.11 ml_400us rmse_pp 2.85 S60 0.6211 seconds 12.0
SUMMARY {"case": {"temperature": 16, "rin": 7.5e-09, "pointing": 1e-24, "vs": 0, "jitter_nm": 10.0, "alignment_nm": 50.0, "manual": "paper_cubic", "model": "diffusion", "shots": 1024, "seed": 26091612, "dt_us": 0.025, "noise_us": 0.05, "slm_rin": 0, "slm_pointing": 0, "ml_vector": true, "id": "refine3_T16_R7.5e-09_W1.11", "waist_um": 1.11}, "joint_rmse_pp": 5.2068262504411225, "curve_rmse_pp": [3.5345072683812937, 8.285918283305476, 4.378711581443325, 2.8498876938940914], "s60": [0.173828125, 0.5400390625, 0.490234375, 0.62109375]}
refine3_T18_R6.5e-09_W1.11 manual_200us rmse_pp 2.027 S60 0.1631 seconds 3.8
refine3_T18_R6.5e-09_W1.11 manual_400us rmse_pp 5.144 S60 0.5127 seconds 11.3
refine3_T18_R6.5e-09_W1.11 manual_600us rmse_pp 4.276 S60 0.499 seconds 16.9
refine3_T18_R6.5e-09_W1.11 ml_400us rmse_pp 3.877 S60 0.6133 seconds 11.8
SUMMARY {"case": {"temperature": 18, "rin": 6.5e-09, "pointing": 1e-24, "vs": 0, "jitter_nm": 10.0, "alignment_nm": 50.0, "manual": "paper_cubic", "model": "diffusion", "shots": 1024, "seed": 26091612, "dt_us": 0.025, "noise_us": 0.05, "slm_rin": 0, "slm_pointing": 0, "ml_vector": true, "id": "refine3_T18_R6.5e-09_W1.11", "waist_um": 1.11}, "joint_rmse_pp": 3.996439516725957, "curve_rmse_pp": [2.0272249177745496, 5.1441446421586825, 4.275793766235898, 3.8770914285476357], "s60": [0.1630859375, 0.5126953125, 0.4990234375, 0.61328125]}
refine3_T20_R5e-09_W1.11 manual_200us rmse_pp 3.581 S60 0.1289 seconds 3.2
refine3_T20_R5e-09_W1.11 manual_400us rmse_pp 7.407 S60 0.5361 seconds 9.5
refine3_T20_R5e-09_W1.11 manual_600us rmse_pp 2.34 S60 0.582 seconds 13.6
refine3_T20_R5e-09_W1.11 ml_400us rmse_pp 2.855 S60 0.6729 seconds 10.1
SUMMARY {"case": {"temperature": 20, "rin": 5e-09, "pointing": 1e-24, "vs": 0, "jitter_nm": 10.0, "alignment_nm": 50.0, "manual": "paper_cubic", "model": "diffusion", "shots": 1024, "seed": 26091612, "dt_us": 0.025, "noise_us": 0.05, "slm_rin": 0, "slm_pointing": 0, "ml_vector": true, "id": "refine3_T20_R5e-09_W1.11", "waist_um": 1.11}, "joint_rmse_pp": 4.508767031769012, "curve_rmse_pp": [3.580933169272603, 7.407325296915447, 2.339771673782689, 2.8547922314088843], "s60": [0.12890625, 0.5361328125, 0.58203125, 0.6728515625]}
refine3_T18_R6.5e-09_W1.14 manual_200us rmse_pp 1.827 S60 0.1445 seconds 3.3
refine3_T18_R6.5e-09_W1.14 manual_400us rmse_pp 8.202 S60 0.5498 seconds 9.6
refine3_T18_R6.5e-09_W1.14 manual_600us rmse_pp 3.838 S60 0.5244 seconds 13.7
refine3_T18_R6.5e-09_W1.14 ml_400us rmse_pp 3.068 S60 0.6406 seconds 10.1
SUMMARY {"case": {"temperature": 18, "rin": 6.5e-09, "pointing": 1e-24, "vs": 0, "jitter_nm": 10.0, "alignment_nm": 50.0, "manual": "paper_cubic", "model": "diffusion", "shots": 1024, "seed": 26091612, "dt_us": 0.025, "noise_us": 0.05, "slm_rin": 0, "slm_pointing": 0, "ml_vector": true, "id": "refine3_T18_R6.5e-09_W1.14", "waist_um": 1.14}, "joint_rmse_pp": 4.867145764689522, "curve_rmse_pp": [1.8268266198179, 8.20211435571905, 3.838459318697194, 3.067684181019859], "s60": [0.14453125, 0.5498046875, 0.5244140625, 0.640625]}
refine3_T20_R5e-09_W1.14 manual_200us rmse_pp 4.433 S60 0.1279 seconds 3.0
refine3_T20_R5e-09_W1.14 manual_400us rmse_pp 8.053 S60 0.5537 seconds 9.5
refine3_T20_R5e-09_W1.14 manual_600us rmse_pp 2.738 S60 0.5459 seconds 13.7
refine3_T20_R5e-09_W1.14 ml_400us rmse_pp 3.951 S60 0.6729 seconds 10.1
SUMMARY {"case": {"temperature": 20, "rin": 5e-09, "pointing": 1e-24, "vs": 0, "jitter_nm": 10.0, "alignment_nm": 50.0, "manual": "paper_cubic", "model": "diffusion", "shots": 1024, "seed": 26091612, "dt_us": 0.025, "noise_us": 0.05, "slm_rin": 0, "slm_pointing": 0, "ml_vector": true, "id": "refine3_T20_R5e-09_W1.14", "waist_um": 1.14}, "joint_rmse_pp": 5.186855511796079, "curve_rmse_pp": [4.433021634727039, 8.0534254532005, 2.7379752783778084, 3.9506998660710417], "s60": [0.1279296875, 0.5537109375, 0.5458984375, 0.6728515625]}
refine3_T17_R7.5e-09_W1.14 manual_200us rmse_pp 2.206 S60 0.1455 seconds 3.3
refine3_T17_R7.5e-09_W1.14 manual_400us rmse_pp 5.845 S60 0.4941 seconds 9.2
refine3_T17_R7.5e-09_W1.14 manual_600us rmse_pp 4.826 S60 0.498 seconds 13.4
refine3_T17_R7.5e-09_W1.14 ml_400us rmse_pp 5.404 S60 0.5791 seconds 10.0
SUMMARY {"case": {"temperature": 17, "rin": 7.5e-09, "pointing": 1e-24, "vs": 0, "jitter_nm": 10.0, "alignment_nm": 50.0, "manual": "paper_cubic", "model": "diffusion", "shots": 1024, "seed": 26091612, "dt_us": 0.025, "noise_us": 0.05, "slm_rin": 0, "slm_pointing": 0, "ml_vector": true, "id": "refine3_T17_R7.5e-09_W1.14", "waist_um": 1.14}, "joint_rmse_pp": 4.783495954757273, "curve_rmse_pp": [2.206079234898466, 5.845205278903029, 4.82620703781341, 5.403873562705831], "s60": [0.1455078125, 0.494140625, 0.498046875, 0.5791015625]}
refine3_T16_R8.5e-09_W1.17 manual_200us rmse_pp 1.763 S60 0.1328 seconds 3.2
refine3_T16_R8.5e-09_W1.17 manual_400us rmse_pp 6.887 S60 0.5273 seconds 9.5
refine3_T16_R8.5e-09_W1.17 manual_600us rmse_pp 5.504 S60 0.4668 seconds 13.3
refine3_T16_R8.5e-09_W1.17 ml_400us rmse_pp 4.296 S60 0.5928 seconds 9.9
SUMMARY {"case": {"temperature": 16, "rin": 8.5e-09, "pointing": 1e-24, "vs": 0, "jitter_nm": 10.0, "alignment_nm": 50.0, "manual": "paper_cubic", "model": "diffusion", "shots": 1024, "seed": 26091612, "dt_us": 0.025, "noise_us": 0.05, "slm_rin": 0, "slm_pointing": 0, "ml_vector": true, "id": "refine3_T16_R8.5e-09_W1.17", "waist_um": 1.17}, "joint_rmse_pp": 4.982472864273016, "curve_rmse_pp": [1.7632418334916373, 6.887273904397451, 5.504369401093326, 4.296335330442245], "s60": [0.1328125, 0.52734375, 0.466796875, 0.5927734375]}
refine_lens_T10_R1e-08 manual_200us rmse_pp 4.507 S60 0.0605 seconds 7.2
refine_lens_T10_R1e-08 manual_400us rmse_pp 9.044 S60 0.4941 seconds 10.1
refine_lens_T10_R1e-08 manual_600us rmse_pp 2.448 S60 0.5244 seconds 15.3
refine_lens_T10_R1e-08 ml_400us rmse_pp 1.409 S60 0.6699 seconds 10.9
SUMMARY {"case": {"temperature": 10, "rin": 1e-08, "pointing": 1e-24, "vs": 0.412425, "jitter_nm": 10.0, "alignment_nm": 50.0, "manual": "paper_cubic", "model": "diffusion", "shots": 1024, "seed": 26091612, "dt_us": 0.025, "noise_us": 0.05, "slm_rin": 0, "slm_pointing": 0, "ml_vector": true, "id": "refine_lens_T10_R1e-08"}, "joint_rmse_pp": 5.246319461137389, "curve_rmse_pp": [4.507446187726007, 9.04434316220335, 2.4481280885257353, 1.4088740342794006], "s60": [0.060546875, 0.494140625, 0.5244140625, 0.669921875]}
refine_lens_T13_R8e-09 manual_200us rmse_pp 7.159 S60 0.0605 seconds 2.7
refine_lens_T13_R8e-09 manual_400us rmse_pp 9.5 S60 0.5234 seconds 10.0
refine_lens_T13_R8e-09 manual_600us rmse_pp 1.72 S60 0.5566 seconds 14.9
refine_lens_T13_R8e-09 ml_400us rmse_pp 0.989 S60 0.6729 seconds 10.8
SUMMARY {"case": {"temperature": 13, "rin": 8e-09, "pointing": 1e-24, "vs": 0.412425, "jitter_nm": 10.0, "alignment_nm": 50.0, "manual": "paper_cubic", "model": "diffusion", "shots": 1024, "seed": 26091612, "dt_us": 0.025, "noise_us": 0.05, "slm_rin": 0, "slm_pointing": 0, "ml_vector": true, "id": "refine_lens_T13_R8e-09"}, "joint_rmse_pp": 6.029858056556199, "curve_rmse_pp": [7.159228858224632, 9.499736832759778, 1.720181607841637, 0.9890248878450985], "s60": [0.060546875, 0.5234375, 0.556640625, 0.6728515625]}
refine_lens_T16_R6e-09 manual_200us rmse_pp 9.766 S60 0.04 seconds 2.5
refine_lens_T16_R6e-09 manual_400us rmse_pp 7.914 S60 0.5322 seconds 9.9
refine_lens_T16_R6e-09 manual_600us rmse_pp 1.235 S60 0.582 seconds 17.5
refine_lens_T16_R6e-09 ml_400us rmse_pp 1.899 S60 0.7129 seconds 13.1
SUMMARY {"case": {"temperature": 16, "rin": 6e-09, "pointing": 1e-24, "vs": 0.412425, "jitter_nm": 10.0, "alignment_nm": 50.0, "manual": "paper_cubic", "model": "diffusion", "shots": 1024, "seed": 26091612, "dt_us": 0.025, "noise_us": 0.05, "slm_rin": 0, "slm_pointing": 0, "ml_vector": true, "id": "refine_lens_T16_R6e-09"}, "joint_rmse_pp": 6.386305540173535, "curve_rmse_pp": [9.766126798961563, 7.913934709082445, 1.234592841434668, 1.8994154607847105], "s60": [0.0400390625, 0.5322265625, 0.58203125, 0.712890625]}
