grid_T4.3_R0 manual_200us rmse_pp 27.243 S60 0.6094 seconds 5.7
grid_T4.3_R0 manual_400us rmse_pp 30.423 S60 1.0 seconds 3.0
grid_T4.3_R0 manual_600us rmse_pp 20.646 S60 1.0 seconds 4.3
grid_T4.3_R0 ml_400us rmse_pp 15.206 S60 1.0 seconds 3.0
SUMMARY {"case": {"temperature": 4.3, "rin": 0, "pointing": 1e-24, "vs": 0, "jitter_nm": 10.0, "alignment_nm": 50.0, "manual": "paper_cubic", "model": "diffusion", "shots": 256, "seed": 26091611, "dt_us": 0.025, "noise_us": 0.05, "id": "grid_T4.3_R0"}, "joint_rmse_pp": 24.11004226806304, "curve_rmse_pp": [27.242636069592425, 30.42284525793916, 20.64573332333078, 15.205903939072], "s60": [0.609375, 1.0, 1.0, 1.0]}
grid_T4.3_R1e-09 manual_200us rmse_pp 26.491 S60 0.5234 seconds 4.0
grid_T4.3_R1e-09 manual_400us rmse_pp 29.886 S60 0.9844 seconds 3.0
grid_T4.3_R1e-09 manual_600us rmse_pp 20.646 S60 1.0 seconds 4.3
grid_T4.3_R1e-09 ml_400us rmse_pp 15.206 S60 1.0 seconds 3.0
SUMMARY {"case": {"temperature": 4.3, "rin": 1e-09, "pointing": 1e-24, "vs": 0, "jitter_nm": 10.0, "alignment_nm": 50.0, "manual": "paper_cubic", "model": "diffusion", "shots": 256, "seed": 26091611, "dt_us": 0.025, "noise_us": 0.05, "id": "grid_T4.3_R1e-09"}, "joint_rmse_pp": 23.729779427916185, "curve_rmse_pp": [26.490895261725463, 29.886056547496047, 20.64573332333078, 15.205903939072], "s60": [0.5234375, 0.984375, 1.0, 1.0]}
grid_T4.3_R3e-09 manual_200us rmse_pp 27.567 S60 0.5117 seconds 1.3
grid_T4.3_R3e-09 manual_400us rmse_pp 29.032 S60 0.9648 seconds 3.0
grid_T4.3_R3e-09 manual_600us rmse_pp 19.074 S60 0.9609 seconds 4.3
grid_T4.3_R3e-09 ml_400us rmse_pp 14.882 S60 0.9883 seconds 3.0
SUMMARY {"case": {"temperature": 4.3, "rin": 3e-09, "pointing": 1e-24, "vs": 0, "jitter_nm": 10.0, "alignment_nm": 50.0, "manual": "paper_cubic", "model": "diffusion", "shots": 256, "seed": 26091611, "dt_us": 0.025, "noise_us": 0.05, "id": "grid_T4.3_R3e-09"}, "joint_rmse_pp": 23.38846293024141, "curve_rmse_pp": [27.567379687794574, 29.031620497961818, 19.07418755339623, 14.881557396531614], "s60": [0.51171875, 0.96484375, 0.9609375, 0.98828125]}
grid_T4.3_R6e-09 manual_200us rmse_pp 25.372 S60 0.4062 seconds 1.3
grid_T4.3_R6e-09 manual_400us rmse_pp 24.449 S60 0.8242 seconds 2.9
grid_T4.3_R6e-09 manual_600us rmse_pp 13.215 S60 0.7578 seconds 4.2
grid_T4.3_R6e-09 ml_400us rmse_pp 10.259 S60 0.8672 seconds 2.9
SUMMARY {"case": {"temperature": 4.3, "rin": 6e-09, "pointing": 1e-24, "vs": 0, "jitter_nm": 10.0, "alignment_nm": 50.0, "manual": "paper_cubic", "model": "diffusion", "shots": 256, "seed": 26091611, "dt_us": 0.025, "noise_us": 0.05, "id": "grid_T4.3_R6e-09"}, "joint_rmse_pp": 19.502139462081825, "curve_rmse_pp": [25.371534914305105, 24.44868508470821, 13.21473819817029, 10.259214515192614], "s60": [0.40625, 0.82421875, 0.7578125, 0.8671875]}
grid_T4.3_R1e-08 manual_200us rmse_pp 21.958 S60 0.293 seconds 1.2
grid_T4.3_R1e-08 manual_400us rmse_pp 16.337 S60 0.6172 seconds 2.8
grid_T4.3_R1e-08 manual_600us rmse_pp 4.396 S60 0.5312 seconds 3.9
grid_T4.3_R1e-08 ml_400us rmse_pp 2.823 S60 0.6133 seconds 2.7
SUMMARY {"case": {"temperature": 4.3, "rin": 1e-08, "pointing": 1e-24, "vs": 0, "jitter_nm": 10.0, "alignment_nm": 50.0, "manual": "paper_cubic", "model": "diffusion", "shots": 256, "seed": 26091611, "dt_us": 0.025, "noise_us": 0.05, "id": "grid_T4.3_R1e-08"}, "joint_rmse_pp": 13.931407582314362, "curve_rmse_pp": [21.957596830928043, 16.337318791992004, 4.3960053903573355, 2.8226869478312966], "s60": [0.29296875, 0.6171875, 0.53125, 0.61328125]}
grid_T7_R0 manual_200us rmse_pp 24.95 S60 0.5195 seconds 1.3
grid_T7_R0 manual_400us rmse_pp 29.582 S60 0.9844 seconds 3.0
grid_T7_R0 manual_600us rmse_pp 20.646 S60 1.0 seconds 4.4
grid_T7_R0 ml_400us rmse_pp 15.206 S60 1.0 seconds 3.0
SUMMARY {"case": {"temperature": 7, "rin": 0, "pointing": 1e-24, "vs": 0, "jitter_nm": 10.0, "alignment_nm": 50.0, "manual": "paper_cubic", "model": "diffusion", "shots": 256, "seed": 26091611, "dt_us": 0.025, "noise_us": 0.05, "id": "grid_T7_R0"}, "joint_rmse_pp": 23.21159774297531, "curve_rmse_pp": [24.950485456778434, 29.58243626775013, 20.64573332333078, 15.205903939072], "s60": [0.51953125, 0.984375, 1.0, 1.0]}
grid_T7_R1e-09 manual_200us rmse_pp 25.662 S60 0.4727 seconds 1.4
grid_T7_R1e-09 manual_400us rmse_pp 29.533 S60 0.9727 seconds 3.0
grid_T7_R1e-09 manual_600us rmse_pp 20.646 S60 1.0 seconds 4.3
grid_T7_R1e-09 ml_400us rmse_pp 15.206 S60 1.0 seconds 3.0
SUMMARY {"case": {"temperature": 7, "rin": 1e-09, "pointing": 1e-24, "vs": 0, "jitter_nm": 10.0, "alignment_nm": 50.0, "manual": "paper_cubic", "model": "diffusion", "shots": 256, "seed": 26091611, "dt_us": 0.025, "noise_us": 0.05, "id": "grid_T7_R1e-09"}, "joint_rmse_pp": 23.389299078518413, "curve_rmse_pp": [25.662458132814002, 29.53319605218374, 20.64573332333078, 15.205903939072], "s60": [0.47265625, 0.97265625, 1.0, 1.0]}
grid_T7_R3e-09 manual_200us rmse_pp 21.631 S60 0.3633 seconds 1.2
grid_T7_R3e-09 manual_400us rmse_pp 27.178 S60 0.9062 seconds 3.0
grid_T7_R3e-09 manual_600us rmse_pp 17.118 S60 0.9062 seconds 4.3
grid_T7_R3e-09 ml_400us rmse_pp 12.703 S60 0.9336 seconds 3.0
SUMMARY {"case": {"temperature": 7, "rin": 3e-09, "pointing": 1e-24, "vs": 0, "jitter_nm": 10.0, "alignment_nm": 50.0, "manual": "paper_cubic", "model": "diffusion", "shots": 256, "seed": 26091611, "dt_us": 0.025, "noise_us": 0.05, "id": "grid_T7_R3e-09"}, "joint_rmse_pp": 20.37734464912252, "curve_rmse_pp": [21.630839833772963, 27.178245200269313, 17.118273057578907, 12.702723457682447], "s60": [0.36328125, 0.90625, 0.90625, 0.93359375]}
grid_T7_R6e-09 manual_200us rmse_pp 18.838 S60 0.2617 seconds 1.2
grid_T7_R6e-09 manual_400us rmse_pp 22.037 S60 0.7617 seconds 2.9
grid_T7_R6e-09 manual_600us rmse_pp 8.965 S60 0.7305 seconds 4.0
grid_T7_R6e-09 ml_400us rmse_pp 7.374 S60 0.7812 seconds 2.9
SUMMARY {"case": {"temperature": 7, "rin": 6e-09, "pointing": 1e-24, "vs": 0, "jitter_nm": 10.0, "alignment_nm": 50.0, "manual": "paper_cubic", "model": "diffusion", "shots": 256, "seed": 26091611, "dt_us": 0.025, "noise_us": 0.05, "id": "grid_T7_R6e-09"}, "joint_rmse_pp": 15.614648075850338, "curve_rmse_pp": [18.83842238037966, 22.03708143940287, 8.964952407112774, 7.374242355684118], "s60": [0.26171875, 0.76171875, 0.73046875, 0.78125]}
grid_T7_R1e-08 manual_200us rmse_pp 15.97 S60 0.1875 seconds 1.1
grid_T7_R1e-08 manual_400us rmse_pp 11.115 S60 0.543 seconds 2.6
grid_T7_R1e-08 manual_600us rmse_pp 6.73 S60 0.4062 seconds 3.8
grid_T7_R1e-08 ml_400us rmse_pp 5.678 S60 0.5273 seconds 2.7
SUMMARY {"case": {"temperature": 7, "rin": 1e-08, "pointing": 1e-24, "vs": 0, "jitter_nm": 10.0, "alignment_nm": 50.0, "manual": "paper_cubic", "model": "diffusion", "shots": 256, "seed": 26091611, "dt_us": 0.025, "noise_us": 0.05, "id": "grid_T7_R1e-08"}, "joint_rmse_pp": 10.678468732984838, "curve_rmse_pp": [15.969805744156194, 11.115443828787988, 6.729974304500595, 5.677890168810575], "s60": [0.1875, 0.54296875, 0.40625, 0.52734375]}
grid_T10_R0 manual_200us rmse_pp 18.627 S60 0.418 seconds 1.4
grid_T10_R0 manual_400us rmse_pp 29.071 S60 0.9609 seconds 3.0
grid_T10_R0 manual_600us rmse_pp 20.412 S60 0.9961 seconds 4.4
grid_T10_R0 ml_400us rmse_pp 15.206 S60 1.0 seconds 3.0
SUMMARY {"case": {"temperature": 10, "rin": 0, "pointing": 1e-24, "vs": 0, "jitter_nm": 10.0, "alignment_nm": 50.0, "manual": "paper_cubic", "model": "diffusion", "shots": 256, "seed": 26091611, "dt_us": 0.025, "noise_us": 0.05, "id": "grid_T10_R0"}, "joint_rmse_pp": 21.447580383202617, "curve_rmse_pp": [18.626987781823242, 29.07139863069508, 20.412359256158837, 15.205903939072], "s60": [0.41796875, 0.9609375, 0.99609375, 1.0]}
grid_T10_R1e-09 manual_200us rmse_pp 15.979 S60 0.3516 seconds 1.2
grid_T10_R1e-09 manual_400us rmse_pp 28.564 S60 0.9492 seconds 3.0
grid_T10_R1e-09 manual_600us rmse_pp 19.827 S60 0.9727 seconds 4.3
grid_T10_R1e-09 ml_400us rmse_pp 14.681 S60 0.9844 seconds 3.0
SUMMARY {"case": {"temperature": 10, "rin": 1e-09, "pointing": 1e-24, "vs": 0, "jitter_nm": 10.0, "alignment_nm": 50.0, "manual": "paper_cubic", "model": "diffusion", "shots": 256, "seed": 26091611, "dt_us": 0.025, "noise_us": 0.05, "id": "grid_T10_R1e-09"}, "joint_rmse_pp": 20.493061398757607, "curve_rmse_pp": [15.97892340020036, 28.56411239175586, 19.826583680824196, 14.681087553786371], "s60": [0.3515625, 0.94921875, 0.97265625, 0.984375]}
grid_T10_R3e-09 manual_200us rmse_pp 15.007 S60 0.2656 seconds 1.2
grid_T10_R3e-09 manual_400us rmse_pp 24.766 S60 0.8516 seconds 2.9
grid_T10_R3e-09 manual_600us rmse_pp 15.414 S60 0.8594 seconds 4.2
grid_T10_R3e-09 ml_400us rmse_pp 11.535 S60 0.9062 seconds 3.0
SUMMARY {"case": {"temperature": 10, "rin": 3e-09, "pointing": 1e-24, "vs": 0, "jitter_nm": 10.0, "alignment_nm": 50.0, "manual": "paper_cubic", "model": "diffusion", "shots": 256, "seed": 26091611, "dt_us": 0.025, "noise_us": 0.05, "id": "grid_T10_R3e-09"}, "joint_rmse_pp": 17.386788723665912, "curve_rmse_pp": [15.006718651702533, 24.7662001916884, 15.413645082761185, 11.534945042006623], "s60": [0.265625, 0.8515625, 0.859375, 0.90625]}
grid_T10_R6e-09 manual_200us rmse_pp 10.539 S60 0.168 seconds 1.0
grid_T10_R6e-09 manual_400us rmse_pp 20.223 S60 0.7344 seconds 2.9
grid_T10_R6e-09 manual_600us rmse_pp 3.831 S60 0.5703 seconds 3.9
grid_T10_R6e-09 ml_400us rmse_pp 5.066 S60 0.7383 seconds 2.9
SUMMARY {"case": {"temperature": 10, "rin": 6e-09, "pointing": 1e-24, "vs": 0, "jitter_nm": 10.0, "alignment_nm": 50.0, "manual": "paper_cubic", "model": "diffusion", "shots": 256, "seed": 26091611, "dt_us": 0.025, "noise_us": 0.05, "id": "grid_T10_R6e-09"}, "joint_rmse_pp": 11.836221980717374, "curve_rmse_pp": [10.539306743420742, 20.22299632652322, 3.830778519534318, 5.06588313989353], "s60": [0.16796875, 0.734375, 0.5703125, 0.73828125]}
grid_T10_R1e-08 manual_200us rmse_pp 8.351 S60 0.1484 seconds 1.0
grid_T10_R1e-08 manual_400us rmse_pp 8.185 S60 0.4922 seconds 2.6
grid_T10_R1e-08 manual_600us rmse_pp 10.753 S60 0.3398 seconds 3.4
grid_T10_R1e-08 ml_400us rmse_pp 6.028 S60 0.5195 seconds 2.8
SUMMARY {"case": {"temperature": 10, "rin": 1e-08, "pointing": 1e-24, "vs": 0, "jitter_nm": 10.0, "alignment_nm": 50.0, "manual": "paper_cubic", "model": "diffusion", "shots": 256, "seed": 26091611, "dt_us": 0.025, "noise_us": 0.05, "id": "grid_T10_R1e-08"}, "joint_rmse_pp": 8.49532703330736, "curve_rmse_pp": [8.35053848818299, 8.184741756913022, 10.7531396385919, 6.027505525035531], "s60": [0.1484375, 0.4921875, 0.33984375, 0.51953125]}
grid_T15_R0 manual_200us rmse_pp 7.718 S60 0.207 seconds 1.1
grid_T15_R0 manual_400us rmse_pp 26.527 S60 0.918 seconds 3.4
grid_T15_R0 manual_600us rmse_pp 18.96 S60 0.9648 seconds 4.9
grid_T15_R0 ml_400us rmse_pp 12.953 S60 0.9531 seconds 3.4
SUMMARY {"case": {"temperature": 15, "rin": 0, "pointing": 1e-24, "vs": 0, "jitter_nm": 10.0, "alignment_nm": 50.0, "manual": "paper_cubic", "model": "diffusion", "shots": 256, "seed": 26091611, "dt_us": 0.025, "noise_us": 0.05, "id": "grid_T15_R0"}, "joint_rmse_pp": 17.96190722587577, "curve_rmse_pp": [7.717584181870587, 26.527088370556644, 18.960084683092788, 12.953305004910613], "s60": [0.20703125, 0.91796875, 0.96484375, 0.953125]}
grid_T15_R1e-09 manual_200us rmse_pp 6.597 S60 0.207 seconds 1.1
grid_T15_R1e-09 manual_400us rmse_pp 24.185 S60 0.8594 seconds 3.2
grid_T15_R1e-09 manual_600us rmse_pp 16.049 S60 0.9023 seconds 4.2
grid_T15_R1e-09 ml_400us rmse_pp 10.444 S60 0.9062 seconds 3.0
SUMMARY {"case": {"temperature": 15, "rin": 1e-09, "pointing": 1e-24, "vs": 0, "jitter_nm": 10.0, "alignment_nm": 50.0, "manual": "paper_cubic", "model": "diffusion", "shots": 256, "seed": 26091611, "dt_us": 0.025, "noise_us": 0.05, "id": "grid_T15_R1e-09"}, "joint_rmse_pp": 15.772165428459479, "curve_rmse_pp": [6.597286880232129, 24.18460912251024, 16.048510609048762, 10.443687272861544], "s60": [0.20703125, 0.859375, 0.90234375, 0.90625]}
grid_T15_R3e-09 manual_200us rmse_pp 7.299 S60 0.1602 seconds 1.0
grid_T15_R3e-09 manual_400us rmse_pp 18.8 S60 0.7422 seconds 2.8
grid_T15_R3e-09 manual_600us rmse_pp 10.33 S60 0.75 seconds 4.1
grid_T15_R3e-09 ml_400us rmse_pp 7.394 S60 0.832 seconds 3.0
SUMMARY {"case": {"temperature": 15, "rin": 3e-09, "pointing": 1e-24, "vs": 0, "jitter_nm": 10.0, "alignment_nm": 50.0, "manual": "paper_cubic", "model": "diffusion", "shots": 256, "seed": 26091611, "dt_us": 0.025, "noise_us": 0.05, "id": "grid_T15_R3e-09"}, "joint_rmse_pp": 11.91755324822096, "curve_rmse_pp": [7.298881313985555, 18.800096015328915, 10.330404166680001, 7.394442022798926], "s60": [0.16015625, 0.7421875, 0.75, 0.83203125]}
grid_T15_R6e-09 manual_200us rmse_pp 1.855 S60 0.1211 seconds 0.9
grid_T15_R6e-09 manual_400us rmse_pp 10.109 S60 0.543 seconds 2.7
grid_T15_R6e-09 manual_600us rmse_pp 2.146 S60 0.5195 seconds 3.7
grid_T15_R6e-09 ml_400us rmse_pp 1.213 S60 0.6484 seconds 2.7
SUMMARY {"case": {"temperature": 15, "rin": 6e-09, "pointing": 1e-24, "vs": 0, "jitter_nm": 10.0, "alignment_nm": 50.0, "manual": "paper_cubic", "model": "diffusion", "shots": 256, "seed": 26091611, "dt_us": 0.025, "noise_us": 0.05, "id": "grid_T15_R6e-09"}, "joint_rmse_pp": 5.284563360821895, "curve_rmse_pp": [1.8554591694646645, 10.108679867059719, 2.1462184776517663, 1.213280066638362], "s60": [0.12109375, 0.54296875, 0.51953125, 0.6484375]}
grid_T15_R1e-08 manual_200us rmse_pp 3.521 S60 0.0703 seconds 0.7
grid_T15_R1e-08 manual_400us rmse_pp 3.917 S60 0.3984 seconds 2.5
grid_T15_R1e-08 manual_600us rmse_pp 17.691 S60 0.2422 seconds 3.1
grid_T15_R1e-08 ml_400us rmse_pp 13.455 S60 0.4219 seconds 2.5
SUMMARY {"case": {"temperature": 15, "rin": 1e-08, "pointing": 1e-24, "vs": 0, "jitter_nm": 10.0, "alignment_nm": 50.0, "manual": "paper_cubic", "model": "diffusion", "shots": 256, "seed": 26091611, "dt_us": 0.025, "noise_us": 0.05, "id": "grid_T15_R1e-08"}, "joint_rmse_pp": 11.420865633555014, "curve_rmse_pp": [3.5213204367392095, 3.9166932496190645, 17.69088174633593, 13.45500675162303], "s60": [0.0703125, 0.3984375, 0.2421875, 0.421875]}
grid_T21_R0 manual_200us rmse_pp 5.194 S60 0.125 seconds 0.9
grid_T21_R0 manual_400us rmse_pp 18.466 S60 0.7812 seconds 3.0
grid_T21_R0 manual_600us rmse_pp 13.629 S60 0.8672 seconds 4.3
grid_T21_R0 ml_400us rmse_pp 9.31 S60 0.8867 seconds 3.0
SUMMARY {"case": {"temperature": 21, "rin": 0, "pointing": 1e-24, "vs": 0, "jitter_nm": 10.0, "alignment_nm": 50.0, "manual": "paper_cubic", "model": "diffusion", "shots": 256, "seed": 26091611, "dt_us": 0.025, "noise_us": 0.05, "id": "grid_T21_R0"}, "joint_rmse_pp": 12.652943289872686, "curve_rmse_pp": [5.194262954980145, 18.465534793867455, 13.62935575291526, 9.309791323032105], "s60": [0.125, 0.78125, 0.8671875, 0.88671875]}
grid_T21_R1e-09 manual_200us rmse_pp 5.72 S60 0.1445 seconds 1.0
grid_T21_R1e-09 manual_400us rmse_pp 16.909 S60 0.7539 seconds 2.8
grid_T21_R1e-09 manual_600us rmse_pp 10.912 S60 0.8008 seconds 4.2
grid_T21_R1e-09 ml_400us rmse_pp 7.112 S60 0.8359 seconds 2.9
SUMMARY {"case": {"temperature": 21, "rin": 1e-09, "pointing": 1e-24, "vs": 0, "jitter_nm": 10.0, "alignment_nm": 50.0, "manual": "paper_cubic", "model": "diffusion", "shots": 256, "seed": 26091611, "dt_us": 0.025, "noise_us": 0.05, "id": "grid_T21_R1e-09"}, "joint_rmse_pp": 11.048783284706843, "curve_rmse_pp": [5.720087327862313, 16.909494692239218, 10.912151571760319, 7.11174989572614], "s60": [0.14453125, 0.75390625, 0.80078125, 0.8359375]}
grid_T21_R3e-09 manual_200us rmse_pp 5.719 S60 0.1055 seconds 0.8
grid_T21_R3e-09 manual_400us rmse_pp 9.13 S60 0.6133 seconds 2.6
grid_T21_R3e-09 manual_600us rmse_pp 3.34 S60 0.6367 seconds 4.2
grid_T21_R3e-09 ml_400us rmse_pp 3.419 S60 0.7031 seconds 3.2
SUMMARY {"case": {"temperature": 21, "rin": 3e-09, "pointing": 1e-24, "vs": 0, "jitter_nm": 10.0, "alignment_nm": 50.0, "manual": "paper_cubic", "model": "diffusion", "shots": 256, "seed": 26091611, "dt_us": 0.025, "noise_us": 0.05, "id": "grid_T21_R3e-09"}, "joint_rmse_pp": 5.8931248333023944, "curve_rmse_pp": [5.71928637987171, 9.130181709671211, 3.3395405676667758, 3.419458327549643], "s60": [0.10546875, 0.61328125, 0.63671875, 0.703125]}
grid_T21_R6e-09 manual_200us rmse_pp 9.484 S60 0.0625 seconds 0.9
grid_T21_R6e-09 manual_400us rmse_pp 2.817 S60 0.457 seconds 2.6
grid_T21_R6e-09 manual_600us rmse_pp 10.368 S60 0.4336 seconds 3.5
grid_T21_R6e-09 ml_400us rmse_pp 10.163 S60 0.5156 seconds 2.7
SUMMARY {"case": {"temperature": 21, "rin": 6e-09, "pointing": 1e-24, "vs": 0, "jitter_nm": 10.0, "alignment_nm": 50.0, "manual": "paper_cubic", "model": "diffusion", "shots": 256, "seed": 26091611, "dt_us": 0.025, "noise_us": 0.05, "id": "grid_T21_R6e-09"}, "joint_rmse_pp": 8.78437437558496, "curve_rmse_pp": [9.483984232222415, 2.81687455549679, 10.36804496912682, 10.162865591035338], "s60": [0.0625, 0.45703125, 0.43359375, 0.515625]}
grid_T21_R1e-08 manual_200us rmse_pp 13.402 S60 0.0273 seconds 0.6
grid_T21_R1e-08 manual_400us rmse_pp 6.631 S60 0.3242 seconds 2.2
grid_T21_R1e-08 manual_600us rmse_pp 20.509 S60 0.2539 seconds 3.3
grid_T21_R1e-08 ml_400us rmse_pp 19.441 S60 0.3281 seconds 2.3
SUMMARY {"case": {"temperature": 21, "rin": 1e-08, "pointing": 1e-24, "vs": 0, "jitter_nm": 10.0, "alignment_nm": 50.0, "manual": "paper_cubic", "model": "diffusion", "shots": 256, "seed": 26091611, "dt_us": 0.025, "noise_us": 0.05, "id": "grid_T21_R1e-08"}, "joint_rmse_pp": 15.985443881950392, "curve_rmse_pp": [13.402040564661203, 6.630522061492091, 20.509065348646086, 19.440611843050302], "s60": [0.02734375, 0.32421875, 0.25390625, 0.328125]}
grid_T28_R0 manual_200us rmse_pp 15.433 S60 0.0898 seconds 0.7
grid_T28_R0 manual_400us rmse_pp 11.951 S60 0.6484 seconds 2.7
grid_T28_R0 manual_600us rmse_pp 9.824 S60 0.8047 seconds 4.1
grid_T28_R0 ml_400us rmse_pp 7.21 S60 0.8164 seconds 2.8
SUMMARY {"case": {"temperature": 28, "rin": 0, "pointing": 1e-24, "vs": 0, "jitter_nm": 10.0, "alignment_nm": 50.0, "manual": "paper_cubic", "model": "diffusion", "shots": 256, "seed": 26091611, "dt_us": 0.025, "noise_us": 0.05, "id": "grid_T28_R0"}, "joint_rmse_pp": 11.50527345047428, "curve_rmse_pp": [15.43258241406636, 11.950544134046647, 9.824459893670245, 7.210072913062074], "s60": [0.08984375, 0.6484375, 0.8046875, 0.81640625]}
grid_T28_R1e-09 manual_200us rmse_pp 15.141 S60 0.082 seconds 0.7
grid_T28_R1e-09 manual_400us rmse_pp 10.492 S60 0.6133 seconds 2.6
grid_T28_R1e-09 manual_600us rmse_pp 7.264 S60 0.7188 seconds 3.9
grid_T28_R1e-09 ml_400us rmse_pp 5.364 S60 0.6992 seconds 2.9
SUMMARY {"case": {"temperature": 28, "rin": 1e-09, "pointing": 1e-24, "vs": 0, "jitter_nm": 10.0, "alignment_nm": 50.0, "manual": "paper_cubic", "model": "diffusion", "shots": 256, "seed": 26091611, "dt_us": 0.025, "noise_us": 0.05, "id": "grid_T28_R1e-09"}, "joint_rmse_pp": 10.257269261809416, "curve_rmse_pp": [15.140602892688207, 10.4917033707865, 7.26359288341865, 5.364029612738898], "s60": [0.08203125, 0.61328125, 0.71875, 0.69921875]}
grid_T28_R3e-09 manual_200us rmse_pp 17.937 S60 0.0625 seconds 0.7
grid_T28_R3e-09 manual_400us rmse_pp 4.329 S60 0.4648 seconds 2.4
grid_T28_R3e-09 manual_600us rmse_pp 7.45 S60 0.5352 seconds 3.6
grid_T28_R3e-09 ml_400us rmse_pp 7.994 S60 0.625 seconds 2.6
SUMMARY {"case": {"temperature": 28, "rin": 3e-09, "pointing": 1e-24, "vs": 0, "jitter_nm": 10.0, "alignment_nm": 50.0, "manual": "paper_cubic", "model": "diffusion", "shots": 256, "seed": 26091611, "dt_us": 0.025, "noise_us": 0.05, "id": "grid_T28_R3e-09"}, "joint_rmse_pp": 10.72254691742799, "curve_rmse_pp": [17.937207277350836, 4.328913018725823, 7.450259478975554, 7.993922094151973], "s60": [0.0625, 0.46484375, 0.53515625, 0.625]}
grid_T28_R6e-09 manual_200us rmse_pp 18.693 S60 0.0664 seconds 0.6
grid_T28_R6e-09 manual_400us rmse_pp 8.758 S60 0.3477 seconds 2.1
grid_T28_R6e-09 manual_600us rmse_pp 16.726 S60 0.332 seconds 3.2
grid_T28_R6e-09 ml_400us rmse_pp 17.157 S60 0.4102 seconds 2.2
SUMMARY {"case": {"temperature": 28, "rin": 6e-09, "pointing": 1e-24, "vs": 0, "jitter_nm": 10.0, "alignment_nm": 50.0, "manual": "paper_cubic", "model": "diffusion", "shots": 256, "seed": 26091611, "dt_us": 0.025, "noise_us": 0.05, "id": "grid_T28_R6e-09"}, "joint_rmse_pp": 15.813243245182024, "curve_rmse_pp": [18.692935815462462, 8.75787336145747, 16.725586592577905, 17.15701622203092], "s60": [0.06640625, 0.34765625, 0.33203125, 0.41015625]}
grid_T28_R1e-08 manual_200us rmse_pp 18.933 S60 0.0312 seconds 0.5
grid_T28_R1e-08 manual_400us rmse_pp 16.369 S60 0.2148 seconds 1.7
grid_T28_R1e-08 manual_600us rmse_pp 28.43 S60 0.1836 seconds 2.8
grid_T28_R1e-08 ml_400us rmse_pp 28.766 S60 0.2539 seconds 1.9
SUMMARY {"case": {"temperature": 28, "rin": 1e-08, "pointing": 1e-24, "vs": 0, "jitter_nm": 10.0, "alignment_nm": 50.0, "manual": "paper_cubic", "model": "diffusion", "shots": 256, "seed": 26091611, "dt_us": 0.025, "noise_us": 0.05, "id": "grid_T28_R1e-08"}, "joint_rmse_pp": 23.78103325776197, "curve_rmse_pp": [18.9332596778417, 16.368662533643047, 28.430185215736426, 28.765835719776494], "s60": [0.03125, 0.21484375, 0.18359375, 0.25390625]}
