boundary_steps 1 81 9eb417f4277103d1f3 Cs min_jerk A 270.0 500.0 0.0 1 0.993896484375 0.52
boundary_steps 2 81 850e092d66c55f4434 Cs min_jerk A 270.0 500.0 0.0 1 0.993896484375 0.76
boundary_steps 3 81 bcb7689b23746b9b16 Cs min_jerk A 270.0 500.0 0.0 1 0.993896484375 1.46
boundary_steps 4 81 3bf7882d8bb1a0012b Cs min_jerk A 270.0 600.0 2.0 1 0.995361328125 0.44
boundary_steps 5 81 d2b76c0b7a9a036a2e Cs min_jerk A 270.0 600.0 2.0 1 0.995361328125 0.84
boundary_steps 6 81 140b465c88a94003ab Cs min_jerk A 270.0 600.0 2.0 1 0.995361328125 1.66
boundary_steps 7 81 af5d69aeac1d3b50ae Cs min_jerk A 270.0 850.0 5.0 1 0.996337890625 0.59
boundary_steps 8 81 37c0b62c03261b047c Cs min_jerk A 270.0 850.0 5.0 1 0.996337890625 1.1
boundary_steps 9 81 6338712ada4e05c572 Cs min_jerk A 270.0 850.0 5.0 1 0.996337890625 2.27
boundary_steps 10 81 4449d6313d9c8beda7 Cs rb_cubic A 270.0 550.0 0.0 1 0.9951171875 0.43
boundary_steps 11 81 32cc789c11be989770 Cs rb_cubic A 270.0 550.0 0.0 1 0.9951171875 0.82
boundary_steps 12 81 4230d16db4cedf3d43 Cs rb_cubic A 270.0 550.0 0.0 1 0.9951171875 1.57
boundary_steps 13 81 17cc7672cb94033fad Cs rb_cubic A 270.0 550.0 2.0 1 0.990234375 0.43
boundary_steps 14 81 87dc60713c97ff8955 Cs rb_cubic A 270.0 550.0 2.0 1 0.990234375 0.81
boundary_steps 15 81 f1e769a7b0d1744c44 Cs rb_cubic A 270.0 550.0 2.0 1 0.990234375 1.53
boundary_steps 16 81 3573708f7a6e88bf37 Cs rb_cubic A 270.0 700.0 5.0 1 0.99462890625 0.53
boundary_steps 17 81 8211f5081515302fe6 Cs rb_cubic A 270.0 700.0 5.0 1 0.994384765625 0.96
boundary_steps 18 81 2ef86f6c760aaa354f Cs rb_cubic A 270.0 700.0 5.0 1 0.994384765625 1.88
boundary_steps 19 81 27e401a7d8251e6129 Cs zero_jerk A 270.0 500.0 0.0 1 0.9921875 0.38
boundary_steps 20 81 669066665da620dbc2 Cs zero_jerk A 270.0 500.0 0.0 1 0.9921875 0.75
boundary_steps 21 81 3bc4887d6c20d92314 Cs zero_jerk A 270.0 500.0 0.0 1 0.9921875 1.47
boundary_steps 22 81 ace71f747f2bfe97f6 Cs zero_jerk A 270.0 550.0 2.0 1 0.992431640625 0.42
boundary_steps 23 81 44069d413cdb5f3ecb Cs zero_jerk A 270.0 550.0 2.0 1 0.992431640625 0.78
boundary_steps 24 81 e97d3ac4bc29d8574e Cs zero_jerk A 270.0 550.0 2.0 1 0.992431640625 1.46
boundary_steps 25 81 61463aac2d0ab367df Cs zero_jerk A 270.0 700.0 5.0 1 0.993896484375 0.51
boundary_steps 26 81 c097e1f28a2b09f03d Cs zero_jerk A 270.0 700.0 5.0 1 0.993896484375 0.98
boundary_steps 27 81 85e40a94be9a153fdb Cs zero_jerk A 270.0 700.0 5.0 1 0.993896484375 1.94
boundary_steps 28 81 cc0c6d9b56949c3b08 Cs min_jerk A 510.0 700.0 0.0 1 0.993896484375 0.53
boundary_steps 29 81 713ed0dd1b4f63b0a4 Cs min_jerk A 510.0 700.0 0.0 1 0.993896484375 0.99
boundary_steps 30 81 fca879aedf4eb7d2bf Cs min_jerk A 510.0 700.0 0.0 1 0.993896484375 1.79
boundary_steps 31 81 1c1037193e7e3bb636 Cs min_jerk A 510.0 900.0 2.0 1 0.994384765625 0.62
boundary_steps 32 81 09972bba002af15b3c Cs min_jerk A 510.0 900.0 2.0 1 0.994384765625 1.19
boundary_steps 33 81 19fc6db0e4491d0a56 Cs min_jerk A 510.0 900.0 2.0 1 0.994384765625 2.34
boundary_steps 34 81 c668d0f9059b93512c Cs min_jerk A 510.0 1300.0 5.0 1 0.99169921875 0.84
boundary_steps 35 81 298e4d189b44b68b17 Cs min_jerk A 510.0 1300.0 5.0 1 0.99169921875 1.64
boundary_steps 36 81 7d68f4d6c02290a79d Cs min_jerk A 510.0 1300.0 5.0 1 0.99169921875 3.2
boundary_steps 37 81 c2dde59cd40e8540bf Cs rb_cubic A 510.0 850.0 0.0 1 0.99755859375 0.58
boundary_steps 38 81 d414ca5efd3111fc57 Cs rb_cubic A 510.0 850.0 0.0 1 0.99755859375 1.06
boundary_steps 39 81 b075a4fc0f53bf3f69 Cs rb_cubic A 510.0 850.0 0.0 1 0.99755859375 2.22
boundary_steps 40 81 98b16eea73a5fcf8a6 Cs rb_cubic A 510.0 800.0 2.0 1 0.991455078125 0.55
boundary_steps 41 81 0ba0f4c46346cf16b3 Cs rb_cubic A 510.0 800.0 2.0 1 0.991455078125 0.94
boundary_steps 42 81 9046f81f5003d92e55 Cs rb_cubic A 510.0 800.0 2.0 1 0.991455078125 1.76
boundary_steps 43 81 0e1ed9d750891c004b Cs rb_cubic A 510.0 1050.0 5.0 1 0.993408203125 0.61
boundary_steps 44 81 618a9243f81c43e65f Cs rb_cubic A 510.0 1050.0 5.0 1 0.993408203125 1.33
boundary_steps 45 81 e027463cc547395357 Cs rb_cubic A 510.0 1050.0 5.0 1 0.993408203125 2.7
boundary_steps 46 81 54f430c6f9e94dfe1b Cs zero_jerk A 510.0 700.0 0.0 1 0.9931640625 0.53
boundary_steps 47 81 9f1c18e76a50af0714 Cs zero_jerk A 510.0 700.0 0.0 1 0.9931640625 0.97
boundary_steps 48 81 7d222898da01f540c2 Cs zero_jerk A 510.0 700.0 0.0 1 0.9931640625 1.83
boundary_steps 49 81 d4deeb61d946e43cfa Cs zero_jerk A 510.0 750.0 2.0 1 0.98583984375 0.48
boundary_steps 50 81 ec9823fdd827e6c7b9 Cs zero_jerk A 510.0 750.0 2.0 1 0.98583984375 0.99
boundary_steps 51 81 d008e84425def8fb1c Cs zero_jerk A 510.0 750.0 2.0 1 0.98583984375 1.9
boundary_steps 52 81 2e9773f24161f22c29 Cs zero_jerk A 510.0 1100.0 5.0 1 0.99560546875 0.75
boundary_steps 53 81 aafb940b6a29a57a19 Cs zero_jerk A 510.0 1100.0 5.0 1 0.99560546875 1.43
boundary_steps 54 81 c84fe05bb13f148768 Cs zero_jerk A 510.0 1100.0 5.0 1 0.99560546875 2.78
boundary_steps 55 81 97e9febac4b22782dd Cs min_jerk A 610.0 750.0 0.0 1 0.992431640625 0.59
boundary_steps 56 81 b94309690dcfc6408f Cs min_jerk A 610.0 750.0 0.0 1 0.992431640625 1.05
boundary_steps 57 81 752614eeb42cbcaef5 Cs min_jerk A 610.0 750.0 0.0 1 0.992431640625 1.96
boundary_steps 58 81 04cd597e0d4d33d1ac Cs min_jerk A 610.0 1000.0 2.0 1 0.9921875 0.71
boundary_steps 59 81 3214ac9794af4b8ead Cs min_jerk A 610.0 1000.0 2.0 1 0.9921875 1.34
boundary_steps 60 81 63df06cbfd4a62b1cd Cs min_jerk A 610.0 1000.0 2.0 1 0.9921875 2.72
boundary_steps 61 81 7588bd052ac1c36903 Cs min_jerk A 610.0 1500.0 5.0 1 0.99462890625 1.03
boundary_steps 62 81 63c403d6fb77e14819 Cs min_jerk A 610.0 1500.0 5.0 1 0.99462890625 1.82
boundary_steps 63 81 426b4aa17e4b92078e Cs min_jerk A 610.0 1500.0 5.0 1 0.99462890625 3.53
boundary_steps 64 81 45504d1fe628352911 Cs rb_cubic A 610.0 800.0 0.0 1 0.991455078125 0.57
boundary_steps 65 81 72d3e6923e654f3b4e Cs rb_cubic A 610.0 800.0 0.0 1 0.991455078125 1.1
boundary_steps 66 81 e0ae32688378c222f2 Cs rb_cubic A 610.0 800.0 0.0 1 0.991455078125 2.4
boundary_steps 67 81 9dd3da7afa7fd2c42a Cs rb_cubic A 610.0 1050.0 2.0 1 0.998291015625 0.73
boundary_steps 68 81 d21d1584b01d1245a0 Cs rb_cubic A 610.0 1050.0 2.0 1 0.998291015625 1.45
boundary_steps 69 81 8093e7f449a8e96d2d Cs rb_cubic A 610.0 1050.0 2.0 1 0.998291015625 2.67
boundary_steps 70 81 6b279c0a86bcfe5919 Cs rb_cubic A 610.0 1200.0 5.0 1 0.993408203125 0.9
boundary_steps 71 81 9d16408c7afae5414e Cs rb_cubic A 610.0 1200.0 5.0 1 0.993408203125 1.74
boundary_steps 72 81 e2324b1761d610b8a8 Cs rb_cubic A 610.0 1200.0 5.0 1 0.993408203125 3.34
boundary_steps 73 81 6470488a5d939c6c75 Cs zero_jerk A 610.0 750.0 0.0 1 0.990966796875 0.59
boundary_steps 74 81 50fb5f5be1c0c70be1 Cs zero_jerk A 610.0 750.0 0.0 1 0.990966796875 1.16
boundary_steps 75 81 0895bc91f02958bbde Cs zero_jerk A 610.0 750.0 0.0 1 0.990966796875 2.3
boundary_steps 76 81 1c3542dfc172ecc1e5 Cs zero_jerk A 610.0 900.0 2.0 1 0.995849609375 0.69
boundary_steps 77 81 156b1e9be9a4f4596b Cs zero_jerk A 610.0 900.0 2.0 1 0.995849609375 1.37
boundary_steps 78 81 8a540abcbb9a072e2c Cs zero_jerk A 610.0 900.0 2.0 1 0.995849609375 2.69
boundary_steps 79 81 f241df7f8d31c1a75d Cs zero_jerk A 610.0 1400.0 5.0 1 0.999267578125 0.96
boundary_steps 80 81 4d9ae71bf381c1bd51 Cs zero_jerk A 610.0 1400.0 5.0 1 0.99951171875 1.95
boundary_steps 81 81 33545ea1ec647ea5fd Cs zero_jerk A 610.0 1400.0 5.0 1 0.99951171875 3.16
