confirm 1 132 6825436dbd49c93bcd Cs rb_cubic A 270.0 700.0 0.0 1 0.99951171875 0.48
confirm 2 132 8263711179c0d5f236 Cs rb_cubic A 270.0 700.0 0.0 1 0.99951171875 0.39
confirm 3 132 0a64d0860575cd51a6 Cs rb_cubic A 270.0 650.0 0.0 1 0.999267578125 0.37
confirm 4 132 18e9be8f16a8484d2d Cs rb_cubic A 270.0 650.0 0.0 1 0.999267578125 0.37
confirm 5 132 fd9d055f05b713234a Cs rb_cubic A 270.0 700.0 2.0 1 0.9990234375 0.39
confirm 6 132 f4c452a835e113aa96 Cs rb_cubic A 270.0 700.0 2.0 1 0.9990234375 0.38
confirm 7 132 282d5c9ff8f2ecc8e9 Cs rb_cubic A 270.0 650.0 2.0 1 0.998291015625 0.36
confirm 8 132 8ad186c06dfd075cdf Cs rb_cubic A 270.0 650.0 2.0 1 0.998779296875 0.38
confirm 9 132 f14bcc8da4bc63ff43 Cs rb_cubic A 270.0 800 5.0 1 0.998779296875 0.44
confirm 10 132 04371f5983fc107825 Cs rb_cubic A 270.0 800 5.0 1 0.9990234375 0.44
confirm 11 132 40f88c98ba2a7ffb9d Cs rb_cubic A 270.0 750.0 5.0 1 0.997314453125 0.42
confirm 12 132 9e586d35e6966013b6 Cs rb_cubic A 270.0 750.0 5.0 1 0.998046875 0.41
confirm 13 132 be7f34fb0227d882f5 Cs zero_jerk A 270.0 700.0 0.0 1 0.999755859375 0.4
confirm 14 132 b906ab5952defbd2da Cs zero_jerk A 270.0 700.0 0.0 1 0.99951171875 0.39
confirm 15 132 ce95070a774e7a2b93 Cs zero_jerk A 270.0 650.0 0.0 1 0.99951171875 0.36
confirm 16 132 878ae1e40896a30d5d Cs zero_jerk A 270.0 650.0 0.0 1 0.999267578125 0.36
confirm 17 132 da50d86ccb87bc70a8 Cs zero_jerk A 270.0 700.0 2.0 1 0.9990234375 0.38
confirm 18 132 781ef693dad017a657 Cs zero_jerk A 270.0 700.0 2.0 1 0.999267578125 0.39
confirm 19 132 23d7232243996d7f4e Cs zero_jerk A 270.0 650.0 2.0 1 0.99853515625 0.39
confirm 20 132 4461182678cf3f1a7e Cs zero_jerk A 270.0 650.0 2.0 1 0.9990234375 0.37
confirm 21 132 8bd6ca99cf9932360b Cs zero_jerk A 270.0 800 5.0 1 0.99853515625 0.47
confirm 22 132 7035ac684b29e1258a Cs zero_jerk A 270.0 800 5.0 1 0.9990234375 0.46
confirm 23 132 a595e87cd21c82d036 Cs zero_jerk A 270.0 750.0 5.0 1 0.997802734375 0.41
confirm 24 132 2aaf967556d320ff6a Cs zero_jerk A 270.0 750.0 5.0 1 0.99853515625 0.42
confirm 25 132 c657685f0c6c68793c Cs min_jerk A 270.0 650.0 0.0 1 0.999755859375 0.37
confirm 26 132 da51870f9a2137b636 Cs min_jerk A 270.0 650.0 0.0 1 0.999267578125 0.36
confirm 27 132 c58c5b053c6fcf309f Cs min_jerk A 270.0 600 0.0 1 0.999267578125 0.34
confirm 28 132 a17127100e828e39d4 Cs min_jerk A 270.0 600 0.0 1 0.998779296875 0.35
confirm 29 132 926b3779ab311eded8 Cs min_jerk A 270.0 650.0 2.0 1 0.998779296875 0.37
confirm 30 132 4cecfdc429609554b6 Cs min_jerk A 270.0 650.0 2.0 1 0.998779296875 0.37
confirm 31 132 bcf3d8899faaab0d02 Cs min_jerk A 270.0 600 2.0 1 0.996337890625 0.36
confirm 32 132 d3611ee08125eec314 Cs min_jerk A 270.0 600 2.0 1 0.995849609375 0.34
confirm 33 132 64e69bd03415204dcf Cs min_jerk A 270.0 900.0 5.0 1 0.999755859375 0.46
confirm 34 132 2f569ceaa64a199181 Cs min_jerk A 270.0 900.0 5.0 1 0.999267578125 0.48
confirm 35 132 2a1ca522b9afd693a4 Cs min_jerk A 270.0 850.0 5.0 1 0.997314453125 0.45
confirm 36 132 3e97eb5853beca7504 Cs min_jerk A 270.0 850.0 5.0 1 0.997802734375 0.45
confirm 37 132 9779a3ddfc0d2fd481 Cs rb_cubic A 510.0 900.0 0.0 1 0.9990234375 0.51
confirm 38 132 c274d2bc21d834b9ef Cs rb_cubic A 510.0 900.0 0.0 1 0.998779296875 0.48
confirm 39 132 d767afdc662cda5011 Cs rb_cubic A 510.0 850.0 0.0 1 0.99853515625 0.46
confirm 40 132 79feba29cc20548118 Cs rb_cubic A 510.0 850.0 0.0 1 0.998779296875 0.46
confirm 41 132 b833fa84a3e866efe9 Cs rb_cubic A 510.0 1050.0 2.0 1 0.999267578125 0.53
confirm 42 132 e591427380887edb1b Cs rb_cubic A 510.0 1050.0 2.0 1 0.999267578125 0.52
confirm 43 132 7a9a87ffcaeb02ef2b Cs rb_cubic A 510.0 1000 2.0 1 0.999267578125 0.52
confirm 44 132 2e60886b6cf2d1ad1d Cs rb_cubic A 510.0 1000 2.0 1 0.9990234375 0.52
confirm 45 132 a08ddd79127a0955e1 Cs rb_cubic A 510.0 1150.0 5.0 1 0.99853515625 0.61
confirm 46 132 c0a84881e2d9dd9d99 Cs rb_cubic A 510.0 1150.0 5.0 1 0.998779296875 0.58
confirm 47 132 d8205e8fb798cbfd35 Cs rb_cubic A 510.0 1100.0 5.0 1 0.997314453125 0.56
confirm 48 132 144803377f1cb5d1ed Cs rb_cubic A 510.0 1100.0 5.0 1 0.99755859375 0.56
confirm 49 132 2c55cf33599c8f1c62 Cs zero_jerk A 510.0 900.0 0.0 1 0.99951171875 0.46
confirm 50 132 4b612a37ee0d69920e Cs zero_jerk A 510.0 900.0 0.0 1 0.99951171875 0.48
confirm 51 132 1954430934f7987f0b Cs zero_jerk A 510.0 850.0 0.0 1 0.999267578125 0.48
confirm 52 132 8d802c5b8f57734c7b Cs zero_jerk A 510.0 850.0 0.0 1 0.9990234375 0.46
confirm 53 132 082ce3eb4092eac725 Cs zero_jerk A 510.0 950.0 2.0 1 0.998779296875 0.53
confirm 54 132 2fb1053ed30df7ff39 Cs zero_jerk A 510.0 950.0 2.0 1 0.9990234375 0.5
confirm 55 132 7d5f2fcdbef30d03ad Cs zero_jerk A 510.0 900.0 2.0 1 0.998046875 0.48
confirm 56 132 a1a00f417b999d895c Cs zero_jerk A 510.0 900.0 2.0 1 0.99853515625 0.48
confirm 57 132 9539ceb19dfc837299 Cs zero_jerk A 510.0 1200 5.0 1 0.999267578125 0.65
confirm 58 132 4370b4b1412051f7ff Cs zero_jerk A 510.0 1200 5.0 1 0.9990234375 0.61
confirm 59 132 1c1a0ab559e06cfe4e Cs zero_jerk A 510.0 1150.0 5.0 1 0.998046875 0.59
confirm 60 132 81232575f643e9e423 Cs zero_jerk A 510.0 1150.0 5.0 1 0.998046875 0.58
confirm 61 132 30abc50e36e9548e27 Cs min_jerk A 510.0 850.0 0.0 1 0.999267578125 0.47
confirm 62 132 aaefcaeae8b2ddd5b7 Cs min_jerk A 510.0 850.0 0.0 1 0.9990234375 0.46
confirm 63 132 d91a5f007bc75ac83a Cs min_jerk A 510.0 800 0.0 1 0.99951171875 0.45
confirm 64 132 e7bfa340ffaa5890d9 Cs min_jerk A 510.0 800 0.0 1 0.998046875 0.43
confirm 65 132 f08dc0fff0802ff795 Cs min_jerk A 510.0 1100.0 2.0 1 0.999755859375 0.57
confirm 66 132 cdf8c0c361be57a624 Cs min_jerk A 510.0 1100.0 2.0 1 0.9990234375 0.56
confirm 67 132 9b9fa09c1f7d788565 Cs min_jerk A 510.0 1050.0 2.0 1 0.998779296875 0.54
confirm 68 132 83de060f041888bd33 Cs min_jerk A 510.0 1050.0 2.0 1 0.998779296875 0.54
confirm 69 132 6876901d3aec225a0a Cs min_jerk A 510.0 1500.0 5.0 1 0.999755859375 0.76
confirm 70 132 d7ba14ba6873678ca6 Cs min_jerk A 510.0 1500.0 5.0 1 0.999267578125 0.8
confirm 71 132 e3e06689cda0877744 Cs min_jerk A 510.0 1400.0 5.0 1 0.998779296875 0.71
confirm 72 132 b59af202bf01d3a89b Cs min_jerk A 510.0 1400.0 5.0 1 0.999267578125 0.72
confirm 73 132 d7d52986b7d503cc86 Cs rb_cubic A 610.0 1050.0 0.0 1 0.999755859375 0.55
confirm 74 132 69b17076977cd36be8 Cs rb_cubic A 610.0 1050.0 0.0 1 0.99951171875 0.55
confirm 75 132 00d756a8bf4028688c Cs rb_cubic A 610.0 1000 0.0 1 0.99951171875 0.53
confirm 76 132 6226795dc6eb7d11cc Cs rb_cubic A 610.0 1000 0.0 1 0.9990234375 0.57
confirm 77 132 57da03a3b69f6b0dec Cs rb_cubic A 610.0 1100.0 2.0 1 0.9990234375 0.57
confirm 78 132 b02e83f232cc571ab8 Cs rb_cubic A 610.0 1100.0 2.0 1 0.9990234375 0.57
confirm 79 132 e365faa737f20d3a2b Cs rb_cubic A 610.0 1050.0 2.0 1 0.99853515625 0.54
confirm 80 132 b97350f7f7379bb88b Cs rb_cubic A 610.0 1050.0 2.0 1 0.9990234375 0.55
confirm 81 132 79ed9ac694dabc0bae Cs rb_cubic A 610.0 1400.0 5.0 1 0.9990234375 0.7
confirm 82 132 daa3d53ad04e99761c Cs rb_cubic A 610.0 1400.0 5.0 1 0.9990234375 0.68
confirm 83 132 abc4166861976de121 Cs rb_cubic A 610.0 1300.0 5.0 1 0.998291015625 0.66
confirm 84 132 d78dcedd7116d62892 Cs rb_cubic A 610.0 1300.0 5.0 1 0.997802734375 0.64
confirm 85 132 7fb73219fcda410989 Cs zero_jerk A 610.0 950.0 0.0 1 0.9990234375 0.52
confirm 86 132 75a521cb340f290296 Cs zero_jerk A 610.0 950.0 0.0 1 0.999267578125 0.53
confirm 87 132 c7cff16e0973f96c5b Cs zero_jerk A 610.0 900.0 0.0 1 0.998779296875 0.5
confirm 88 132 be3a244be21afff15c Cs zero_jerk A 610.0 900.0 0.0 1 0.998779296875 0.51
confirm 89 132 c9924d320b8e84cc6e Cs zero_jerk A 610.0 1050.0 2.0 1 0.998779296875 0.56
confirm 90 132 8769eead430790e7eb Cs zero_jerk A 610.0 1050.0 2.0 1 0.99853515625 0.55
confirm 91 132 330ffc2a5ec2e49b01 Cs zero_jerk A 610.0 1000 2.0 1 0.997802734375 0.51
confirm 92 132 46ee61d7f7eb43f7f6 Cs zero_jerk A 610.0 1000 2.0 1 0.998779296875 0.53
confirm 93 132 74ca229380b70deab9 Cs zero_jerk A 610.0 1500.0 5.0 1 0.999755859375 0.73
confirm 94 132 310abc1b39a558f2e2 Cs zero_jerk A 610.0 1500.0 5.0 1 0.9990234375 0.75
confirm 95 132 0ab52427e516acda03 Cs zero_jerk A 610.0 1400.0 5.0 1 0.9990234375 0.7
confirm 96 132 c283b088f08f7fb862 Cs zero_jerk A 610.0 1400.0 5.0 1 0.99853515625 0.74
confirm 97 132 9ca806df09d090e1ed Cs min_jerk A 610.0 950.0 0.0 1 0.999755859375 0.51
confirm 98 132 7a4b4b4230e9f3bd8e Cs min_jerk A 610.0 950.0 0.0 1 0.9990234375 0.52
confirm 99 132 46344f50003e1194c5 Cs min_jerk A 610.0 900.0 0.0 1 0.999267578125 0.48
confirm 100 132 194bc70684da242baa Cs min_jerk A 610.0 900.0 0.0 1 0.998779296875 0.47
confirm 101 132 1dfa5f424bc7290cbb Cs min_jerk A 610.0 1300.0 2.0 1 0.999755859375 0.69
confirm 102 132 1e79527e41d0df32da Cs min_jerk A 610.0 1300.0 2.0 1 0.999267578125 0.67
confirm 103 132 35e0ca738126a7eb11 Cs min_jerk A 610.0 1200 2.0 1 0.999267578125 0.62
confirm 104 132 c6f4808e11136acddc Cs min_jerk A 610.0 1200 2.0 1 0.999267578125 0.65
confirm 105 132 1aa7686b7a2ae883b0 Cs min_jerk A 610.0 1750.0 5.0 1 0.999755859375 0.84
confirm 106 132 964d5f96c9f9d0a1ee Cs min_jerk A 610.0 1750.0 5.0 1 0.999755859375 0.84
confirm 107 132 40fca88c35ebb5001c Cs min_jerk A 610.0 1600 5.0 1 0.998779296875 0.81
confirm 108 132 cfdcba05734bb0fb34 Cs min_jerk A 610.0 1600 5.0 1 0.9990234375 0.82
confirm 109 132 d349b9aac03b33ff63 Cs zero_jerk A 510.0 1600.0 5 50 0.886962890625 35.61
confirm 110 132 4a856b20724f1cb3f5 Cs zero_jerk A 510.0 1600.0 5 50 0.88330078125 38.51
confirm 111 132 e042b461394f9bd367 Cs zero_jerk A 510.0 3000.0 5 50 0.999755859375 74.78
confirm 112 132 2ba581f0452a8be97f Cs zero_jerk A 510.0 3000.0 5 50 0.99951171875 74.97
confirm 113 132 58f5819b45170c37d2 Cs zero_jerk A 510.0 6000.0 5 50 0.999755859375 154.48
confirm 114 132 80f0ca646cc1f79f74 Cs zero_jerk A 510.0 6000.0 5 50 1.0 168.22
confirm 115 132 ca5f6aa1d0787e6ec8 Cs zero_jerk A 510.0 1600.0 5 50 0.306640625 44.12
confirm 116 132 42258c62d37cd15936 Cs zero_jerk A 510.0 1600.0 5 50 0.3134765625 44.55
confirm 117 132 81d60e84fbb2769aaa Cs zero_jerk A 510.0 3000.0 5 50 0.099365234375 61.62
confirm 118 132 ce9caec59f91217f9d Cs zero_jerk A 510.0 3000.0 5 50 0.093017578125 59.72
confirm 119 132 de4746afa7de33d90a Cs zero_jerk A 510.0 6000.0 5 50 0.0029296875 55.87
confirm 120 132 9736fcf198fb3dc714 Cs zero_jerk A 510.0 6000.0 5 50 0.004150390625 50.77
confirm 121 132 7d9d42421b3b9dd5a8 Cs zero_jerk B 510.0 1600.0 5 50 0.660400390625 47.47
confirm 122 132 94de720bfb89ffa568 Cs zero_jerk B 510.0 1600.0 5 50 0.650146484375 48.77
confirm 123 132 217bd2cdd809645d80 Cs zero_jerk B 510.0 3000.0 5 50 0.928955078125 86.86
confirm 124 132 94ef63950273b2f5c9 Cs zero_jerk B 510.0 3000.0 5 50 0.92724609375 85.01
confirm 125 132 e0cbcad973490840d8 Cs zero_jerk B 510.0 6000.0 5 50 0.948486328125 157.58
confirm 126 132 83ef51c78fa345d570 Cs zero_jerk B 510.0 6000.0 5 50 0.93994140625 154.21
confirm 127 132 9efb3bc5a0d7f56362 Cs zero_jerk B 510.0 1600.0 5 50 0.184814453125 42.37
confirm 128 132 3a7cd5bbb598a66bfa Cs zero_jerk B 510.0 1600.0 5 50 0.173828125 40.54
confirm 129 132 f694e6b58bd7b86f21 Cs zero_jerk B 510.0 3000.0 5 50 0.044677734375 46.69
confirm 130 132 8c1e09f4bd6f30107b Cs zero_jerk B 510.0 3000.0 5 50 0.050537109375 46.85
confirm 131 132 4fc21170be452de438 Cs zero_jerk B 510.0 6000.0 5 50 0.00146484375 44.24
confirm 132 132 e718a10ed36b40f991 Cs zero_jerk B 510.0 6000.0 5 50 0.001708984375 43.99
convergence 1 108 ea35f64b9902214d47 Cs rb_cubic A 510.0 900.0 0.0 1 0.99853515625 0.17
convergence 2 108 0c50cdff7aef511785 Cs rb_cubic A 510.0 900.0 0.0 1 0.99853515625 0.31
convergence 3 108 83d39d597619221827 Cs rb_cubic A 510.0 900.0 0.0 1 0.99853515625 0.59
convergence 4 108 4c3bf99e25fadcec04 Cs rb_cubic A 510.0 850.0 0.0 1 0.998046875 0.16
convergence 5 108 0191f50a7d4cf4d806 Cs rb_cubic A 510.0 850.0 0.0 1 0.998046875 0.3
convergence 6 108 2244da887fa3a7321f Cs rb_cubic A 510.0 850.0 0.0 1 0.998046875 0.58
convergence 7 108 5f717950effae802ed Cs rb_cubic A 510.0 1050.0 2.0 1 0.99951171875 0.19
convergence 8 108 235d65949683ec9d2f Cs rb_cubic A 510.0 1050.0 2.0 1 0.9990234375 0.36
convergence 9 108 5dbb84acaa892e335c Cs rb_cubic A 510.0 1050.0 2.0 1 0.9990234375 0.66
convergence 10 108 d2c0c9bbabfa626410 Cs rb_cubic A 510.0 1000 2.0 1 0.99853515625 0.18
convergence 11 108 576130d98da3a18607 Cs rb_cubic A 510.0 1000 2.0 1 0.99853515625 0.36
convergence 12 108 8491ea63c41f38517c Cs rb_cubic A 510.0 1000 2.0 1 0.99853515625 0.63
convergence 13 108 2c454d49c467f71eb3 Cs rb_cubic A 510.0 1150.0 5.0 1 0.99853515625 0.21
convergence 14 108 afcf480cfce50041c7 Cs rb_cubic A 510.0 1150.0 5.0 1 0.99853515625 0.39
convergence 15 108 047ffbd7b877d48b1e Cs rb_cubic A 510.0 1150.0 5.0 1 0.99853515625 0.71
convergence 16 108 b273e5647e9b35987d Cs rb_cubic A 510.0 1100.0 5.0 1 0.99658203125 0.2
convergence 17 108 7c98860a940e34b92c Cs rb_cubic A 510.0 1100.0 5.0 1 0.99658203125 0.37
convergence 18 108 08314d927526855db8 Cs rb_cubic A 510.0 1100.0 5.0 1 0.99658203125 0.68
convergence 19 108 8076d5fb83b9cd92c5 Cs zero_jerk A 510.0 900.0 0.0 1 0.99951171875 0.16
convergence 20 108 452964529717ccba96 Cs zero_jerk A 510.0 900.0 0.0 1 0.99951171875 0.32
convergence 21 108 8bd659a089d844556c Cs zero_jerk A 510.0 900.0 0.0 1 0.99951171875 0.61
convergence 22 108 85c1940d03cc3b506d Cs zero_jerk A 510.0 850.0 0.0 1 0.998046875 0.16
convergence 23 108 13fd9663c6c904bc91 Cs zero_jerk A 510.0 850.0 0.0 1 0.998046875 0.31
convergence 24 108 e7d45e101fdd13bb42 Cs zero_jerk A 510.0 850.0 0.0 1 0.998046875 0.57
convergence 25 108 a915d9096a0627e141 Cs zero_jerk A 510.0 950.0 2.0 1 0.99853515625 0.18
convergence 26 108 e11a659e3877b56c70 Cs zero_jerk A 510.0 950.0 2.0 1 0.99853515625 0.33
convergence 27 108 f641c4fffb487298b9 Cs zero_jerk A 510.0 950.0 2.0 1 0.99853515625 0.62
convergence 28 108 1601565bfcea5abd64 Cs zero_jerk A 510.0 900.0 2.0 1 0.998046875 0.17
convergence 29 108 6013ddbfbcb5094dda Cs zero_jerk A 510.0 900.0 2.0 1 0.998046875 0.32
convergence 30 108 6c8ccaa44276ff7f5e Cs zero_jerk A 510.0 900.0 2.0 1 0.998046875 0.58
convergence 31 108 8ea7782e4b09b58bb1 Cs zero_jerk A 510.0 1200 5.0 1 0.9990234375 0.22
convergence 32 108 b9174b1a44d3df7f30 Cs zero_jerk A 510.0 1200 5.0 1 0.99853515625 0.41
convergence 33 108 1c30fdb36fe014faa2 Cs zero_jerk A 510.0 1200 5.0 1 0.99853515625 0.78
convergence 34 108 ef6c7875410d9af327 Cs zero_jerk A 510.0 1150.0 5.0 1 0.99755859375 0.21
convergence 35 108 9825de5f11611b8531 Cs zero_jerk A 510.0 1150.0 5.0 1 0.99755859375 0.38
convergence 36 108 760a48fe787377f3d0 Cs zero_jerk A 510.0 1150.0 5.0 1 0.99755859375 0.74
convergence 37 108 a452ca773c1b064579 Cs min_jerk A 510.0 850.0 0.0 1 0.998046875 0.16
convergence 38 108 ab7873079d8fb4f543 Cs min_jerk A 510.0 850.0 0.0 1 0.998046875 0.3
convergence 39 108 66dfc48d83485eee6e Cs min_jerk A 510.0 850.0 0.0 1 0.998046875 0.57
convergence 40 108 f498ef89ece1c84ae2 Cs min_jerk A 510.0 800 0.0 1 0.99755859375 0.15
convergence 41 108 ed0214e53dc6c3025a Cs min_jerk A 510.0 800 0.0 1 0.99755859375 0.27
convergence 42 108 c146b68cac53ae53ea Cs min_jerk A 510.0 800 0.0 1 0.99755859375 0.56
convergence 43 108 d701ee950871525284 Cs min_jerk A 510.0 1100.0 2.0 1 0.9990234375 0.2
convergence 44 108 9fbea00e97cec4fb10 Cs min_jerk A 510.0 1100.0 2.0 1 0.9990234375 0.37
convergence 45 108 e4e99670c0e8abc1cb Cs min_jerk A 510.0 1100.0 2.0 1 0.9990234375 0.74
convergence 46 108 0d7443688f1b31f95d Cs min_jerk A 510.0 1050.0 2.0 1 0.99853515625 0.19
convergence 47 108 cf8ce47fbd1e7086af Cs min_jerk A 510.0 1050.0 2.0 1 0.99853515625 0.37
convergence 48 108 a8f0ff60c9190fd25f Cs min_jerk A 510.0 1050.0 2.0 1 0.99853515625 0.71
convergence 49 108 bfecb16f0b95ddba14 Cs min_jerk A 510.0 1500.0 5.0 1 0.99951171875 0.25
convergence 50 108 7ec7bb00e5c6542bf6 Cs min_jerk A 510.0 1500.0 5.0 1 0.99951171875 0.49
convergence 51 108 c54e8843567c251239 Cs min_jerk A 510.0 1500.0 5.0 1 0.99951171875 0.9
convergence 52 108 46db365797173bde12 Cs min_jerk A 510.0 1400.0 5.0 1 0.9990234375 0.25
convergence 53 108 df3c9bde92ce8fdf85 Cs min_jerk A 510.0 1400.0 5.0 1 0.9990234375 0.46
convergence 54 108 d91514636f875e3687 Cs min_jerk A 510.0 1400.0 5.0 1 0.9990234375 0.89
convergence 55 108 af74f18765e1669e02 Cs zero_jerk A 510.0 1600.0 5 50 0.87353515625 10.23
convergence 56 108 b6493d182a19769180 Cs zero_jerk A 510.0 1600.0 5 50 0.8837890625 19.73
convergence 57 108 b2b6a8f38f2ebbb687 Cs zero_jerk A 510.0 1600.0 5 50 0.8720703125 38.82
convergence 58 108 f3a7f88ba9ad01daf8 Cs zero_jerk A 510.0 3000.0 5 50 1.0 18.88
convergence 59 108 35026329a7cbdfe46b Cs zero_jerk A 510.0 3000.0 5 50 0.99951171875 39.71
convergence 60 108 cb26a59043c6cdba7e Cs zero_jerk A 510.0 3000.0 5 50 1.0 79.83
convergence 61 108 1a116fdf78828c3378 Cs zero_jerk A 510.0 6000.0 5 50 1.0 39.24
convergence 62 108 937ef47c964a4ffe6e Cs zero_jerk A 510.0 6000.0 5 50 1.0 76.92
convergence 63 108 28f88b1bc9b689fd09 Cs zero_jerk A 510.0 6000.0 5 50 1.0 157.59
convergence 64 108 78da5c7a371c6b8a9a Cs zero_jerk A 510.0 1600.0 5 50 0.29443359375 14.23
convergence 65 108 bce9d46d3310f45b91 Cs zero_jerk A 510.0 1600.0 5 50 0.3115234375 23.25
convergence 66 108 8630577102434fe7b3 Cs zero_jerk A 510.0 1600.0 5 50 0.34130859375 41.65
convergence 67 108 9d6b40539af5f45dfa Cs zero_jerk A 510.0 3000.0 5 50 0.091796875 18.79
convergence 68 108 7881d063a4e6e8c3c7 Cs zero_jerk A 510.0 3000.0 5 50 0.0869140625 29.01
convergence 69 108 3eb09edfd291fcd7ed Cs zero_jerk A 510.0 3000.0 5 50 0.09912109375 54.3
convergence 70 108 4a7184d23d0026352a Cs zero_jerk A 510.0 6000.0 5 50 0.00146484375 18.52
convergence 71 108 fd749cf6ad200b5f9e Cs zero_jerk A 510.0 6000.0 5 50 0.00146484375 31.77
convergence 72 108 fb1a9c18dd39a97ab5 Cs zero_jerk A 510.0 6000.0 5 50 0.0048828125 58.92
convergence 73 108 f58f47234282d463b8 Cs zero_jerk B 510.0 1600.0 5 50 0.64697265625 14.3
convergence 74 108 ee9f97fd02ce4df98f Cs zero_jerk B 510.0 1600.0 5 50 0.65087890625 27.8
convergence 75 108 7435bdfeb4f0071525 Cs zero_jerk B 510.0 1600.0 5 50 0.65869140625 51.33
convergence 76 108 dafdd69505a30d28eb Cs zero_jerk B 510.0 3000.0 5 50 0.92919921875 22.9
convergence 77 108 12365866ff1a6bbd08 Cs zero_jerk B 510.0 3000.0 5 50 0.92333984375 45.43
convergence 78 108 91c792c1b23053e974 Cs zero_jerk B 510.0 3000.0 5 50 0.9267578125 91.9
convergence 79 108 e5a0004e5f6f79701c Cs zero_jerk B 510.0 6000.0 5 50 0.93798828125 41.77
convergence 80 108 3596429d02681b8985 Cs zero_jerk B 510.0 6000.0 5 50 0.9462890625 80.64
convergence 81 108 11a0c70b26ae62c7dc Cs zero_jerk B 510.0 6000.0 5 50 0.9462890625 162.19
convergence 82 108 1be3d649cddcf460ff Cs zero_jerk B 510.0 1600.0 5 50 0.15869140625 12.76
convergence 83 108 44f1ae27a6aa81a588 Cs zero_jerk B 510.0 1600.0 5 50 0.17578125 21.05
convergence 84 108 e2f8b6e248612b9dbb Cs zero_jerk B 510.0 1600.0 5 50 0.171875 42.09
convergence 85 108 c8fb4405d1db99c915 Cs zero_jerk B 510.0 3000.0 5 50 0.0478515625 17.09
convergence 86 108 e907e287bbf78e7b12 Cs zero_jerk B 510.0 3000.0 5 50 0.04345703125 29.24
convergence 87 108 6e2dfa4e73b88ba7ff Cs zero_jerk B 510.0 3000.0 5 50 0.04150390625 47.23
convergence 88 108 908c59d49b33216aa4 Cs zero_jerk B 510.0 6000.0 5 50 0.0009765625 16.96
convergence 89 108 505b192799e878ac09 Cs zero_jerk B 510.0 6000.0 5 50 0.0 26.39
convergence 90 108 28035a9536d44b3fe7 Cs zero_jerk B 510.0 6000.0 5 50 0.00146484375 45.87
convergence 91 108 f3dd1e2962e6d32e86 Cs zero_jerk A 510.0 1600.0 5 50 0.3037109375 41.72
convergence 92 108 b3cdb813b738871b87 Cs zero_jerk A 510.0 1600.0 5 50 0.30712890625 49.05
convergence 93 108 fd59eba087ad44ecc3 Cs zero_jerk A 510.0 1600.0 5 50 0.30224609375 65.77
convergence 94 108 9cb50e726798e00dc1 Cs zero_jerk A 510.0 3000.0 5 50 0.1044921875 64.99
convergence 95 108 618efef405fbec7440 Cs zero_jerk A 510.0 3000.0 5 50 0.1044921875 70.19
convergence 96 108 2b0ca2a6f4ceb57475 Cs zero_jerk A 510.0 3000.0 5 50 0.09716796875 92.76
convergence 97 108 8313e8ede4ed9f3f42 Cs zero_jerk A 510.0 6000.0 5 50 0.0029296875 65.18
convergence 98 108 817637f208e1b023a9 Cs zero_jerk A 510.0 6000.0 5 50 0.00439453125 67.38
convergence 99 108 2eba0f9cdc60bd40da Cs zero_jerk A 510.0 6000.0 5 50 0.0029296875 88.43
convergence 107 108 de708a9b98ba5f1065 Cs zero_jerk B 510.0 6000.0 5 50 0.00048828125 58.86
convergence 108 108 3cfbe35c1d6a7d595c Cs zero_jerk B 510.0 6000.0 5 50 0.00048828125 72.46
