edge_robustness 1 180 44899896d4eb335d12 Cs min_jerk A 270.0 500.0 0.0 10 0.978515625 1.06
edge_robustness 2 180 8325606f7ef5176f2c Cs min_jerk A 270.0 500.0 0.0 10 0.9794921875 1.0
edge_robustness 3 180 f20c7ea2317daf2989 Cs min_jerk A 270.0 500.0 0.0 10 0.8955078125 0.95
edge_robustness 4 180 8b7317bb79b02fef2e Cs min_jerk A 270.0 500.0 0.0 10 0.9794921875 1.02
edge_robustness 5 180 0447e055106a5bc6d9 Cs min_jerk A 270.0 495.0 0.0 10 0.978515625 1.01
edge_robustness 6 180 d3aadee36facb04b73 Cs min_jerk A 270.0 505.0 0.0 10 0.9814453125 1.01
edge_robustness 7 180 1f7001249520b2401e Cs min_jerk A 270.0 600.0 2.0 10 0.9677734375 1.17
edge_robustness 8 180 7151362cc1afb4e52f Cs min_jerk A 270.0 600.0 2.0 10 0.9775390625 1.2
edge_robustness 9 180 919f67be2c29f92b88 Cs min_jerk A 270.0 600.0 2.0 10 0.875 1.11
edge_robustness 10 180 5a4baec96fd5acf2a5 Cs min_jerk A 270.0 600.0 2.0 10 0.96875 1.19
edge_robustness 11 180 e98689223a776a441b Cs min_jerk A 270.0 594.0 2.0 10 0.970703125 1.18
edge_robustness 12 180 42d552eee4e26d549d Cs min_jerk A 270.0 606.0 2.0 10 0.9716796875 1.17
edge_robustness 13 180 0173e56c878704193b Cs min_jerk A 270.0 600.0 2.4 10 0.919921875 1.16
edge_robustness 14 180 756196d747b7114b19 Cs min_jerk A 270.0 850.0 5.0 10 0.7744140625 1.53
edge_robustness 15 180 633d7d396f0a80fa59 Cs min_jerk A 270.0 850.0 5.0 10 0.806640625 1.51
edge_robustness 16 180 b559fcdf761bb53ea5 Cs min_jerk A 270.0 850.0 5.0 10 0.6416015625 1.35
edge_robustness 17 180 0494986cd2ac5b91f2 Cs min_jerk A 270.0 850.0 5.0 10 0.8349609375 1.53
edge_robustness 18 180 227e82fce3dc8f50bb Cs min_jerk A 270.0 841.5 5.0 10 0.77734375 1.45
edge_robustness 19 180 14ff5f8c74b62290b4 Cs min_jerk A 270.0 858.5 5.0 10 0.802734375 1.5
edge_robustness 20 180 2886c3bb04e2dca7c3 Cs min_jerk A 270.0 850.0 6.0 10 0.154296875 0.87
edge_robustness 21 180 9bc39b1c37c3da1c3f Cs rb_cubic A 270.0 550.0 0.0 10 0.6083984375 0.97
edge_robustness 22 180 17164731b51dfbee95 Cs rb_cubic A 270.0 550.0 0.0 10 0.607421875 0.97
edge_robustness 23 180 1757554b0929fa5fa1 Cs rb_cubic A 270.0 550.0 0.0 10 0.4736328125 0.79
edge_robustness 24 180 7aabead65fa1512d49 Cs rb_cubic A 270.0 550.0 0.0 10 0.6611328125 0.9
edge_robustness 25 180 f3268e23d3f8bf3262 Cs rb_cubic A 270.0 544.5 0.0 10 0.580078125 0.87
edge_robustness 26 180 5fe73f56a8164ae522 Cs rb_cubic A 270.0 555.5 0.0 10 0.6328125 0.89
edge_robustness 27 180 3b74bc7b41d9a1acf0 Cs rb_cubic A 270.0 550.0 2.0 10 0.419921875 0.75
edge_robustness 28 180 53d625969e37926a4f Cs rb_cubic A 270.0 550.0 2.0 10 0.419921875 0.77
edge_robustness 29 180 70cc96424b8ced5f87 Cs rb_cubic A 270.0 550.0 2.0 10 0.294921875 0.67
edge_robustness 30 180 97c0ad81d926fd61a9 Cs rb_cubic A 270.0 550.0 2.0 10 0.4404296875 0.72
edge_robustness 31 180 2d2d2014f1f84eb67d Cs rb_cubic A 270.0 544.5 2.0 10 0.3544921875 0.69
edge_robustness 32 180 bf03bf6baa19574adf Cs rb_cubic A 270.0 555.5 2.0 10 0.4599609375 0.77
edge_robustness 33 180 ec55d4f3d4416109d5 Cs rb_cubic A 270.0 550.0 2.4 10 0.296875 0.67
edge_robustness 34 180 cc710e4f12423106ce Cs rb_cubic A 270.0 700.0 5.0 10 0.33203125 0.9
edge_robustness 35 180 18e31b66b3b152036d Cs rb_cubic A 270.0 700.0 5.0 10 0.3515625 0.97
edge_robustness 36 180 e5e7f45c59c5807d8a Cs rb_cubic A 270.0 700.0 5.0 10 0.27734375 0.92
edge_robustness 37 180 300c537d4a287b59db Cs rb_cubic A 270.0 700.0 5.0 10 0.5244140625 1.09
edge_robustness 38 180 48bac24ee48dff5b76 Cs rb_cubic A 270.0 693.0 5.0 10 0.39453125 1.01
edge_robustness 39 180 802a4ae6c73a7ff5c3 Cs rb_cubic A 270.0 707.0 5.0 10 0.3212890625 1.02
edge_robustness 40 180 cde79f4c74ff359374 Cs rb_cubic A 270.0 700.0 6.0 10 0.1630859375 0.78
edge_robustness 41 180 3c0c21a9fb15cd56d2 Cs zero_jerk A 270.0 500.0 0.0 10 0.560546875 0.84
edge_robustness 42 180 2fdf8a0a0a94983515 Cs zero_jerk A 270.0 500.0 0.0 10 0.5791015625 0.88
edge_robustness 43 180 50bebb0522ef91cefd Cs zero_jerk A 270.0 500.0 0.0 10 0.46875 0.8
edge_robustness 44 180 bbbda96caa13b7d1bd Cs zero_jerk A 270.0 500.0 0.0 10 0.599609375 0.89
edge_robustness 45 180 e76217830bc1b91048 Cs zero_jerk A 270.0 495.0 0.0 10 0.548828125 0.85
edge_robustness 46 180 7f98296bf553bc5a30 Cs zero_jerk A 270.0 505.0 0.0 10 0.6201171875 0.89
edge_robustness 47 180 6f98fedd0b3d55dd6a Cs zero_jerk A 270.0 550.0 2.0 10 0.634765625 0.98
edge_robustness 48 180 fc71bfeff802fc8671 Cs zero_jerk A 270.0 550.0 2.0 10 0.6376953125 0.99
edge_robustness 49 180 4ae60c0931d138e23d Cs zero_jerk A 270.0 550.0 2.0 10 0.482421875 0.85
edge_robustness 50 180 3ae4f8c78e4bcc7030 Cs zero_jerk A 270.0 550.0 2.0 10 0.6318359375 0.95
edge_robustness 51 180 7b5f19bdcb5dfc04a2 Cs zero_jerk A 270.0 544.5 2.0 10 0.611328125 0.99
edge_robustness 52 180 e0b178652f24d0d2c8 Cs zero_jerk A 270.0 555.5 2.0 10 0.6787109375 0.98
edge_robustness 53 180 ada4af4846420f203b Cs zero_jerk A 270.0 550.0 2.4 10 0.55859375 0.83
edge_robustness 54 180 8dc59ba42907913e65 Cs zero_jerk A 270.0 700.0 5.0 10 0.623046875 1.09
edge_robustness 55 180 64f5e0d4dd040d36fb Cs zero_jerk A 270.0 700.0 5.0 10 0.5986328125 1.14
edge_robustness 56 180 1c364de4255b5121df Cs zero_jerk A 270.0 700.0 5.0 10 0.42578125 1.01
edge_robustness 57 180 83e7b6e8b30ba71dae Cs zero_jerk A 270.0 700.0 5.0 10 0.6630859375 1.22
edge_robustness 58 180 86907f63e922876d40 Cs zero_jerk A 270.0 693.0 5.0 10 0.6025390625 1.18
edge_robustness 59 180 4cdb13300a6d595fd4 Cs zero_jerk A 270.0 707.0 5.0 10 0.6298828125 1.22
edge_robustness 60 180 340ce638d649e4e209 Cs zero_jerk A 270.0 700.0 6.0 10 0.0673828125 0.64
edge_robustness 61 180 d249607d64379a2553 Cs min_jerk A 510.0 700.0 0.0 10 0.9833984375 1.44
edge_robustness 62 180 b2c5fa5942c3808a7e Cs min_jerk A 510.0 700.0 0.0 10 0.984375 1.4
edge_robustness 63 180 c521666494b862165e Cs min_jerk A 510.0 700.0 0.0 10 0.91015625 1.33
edge_robustness 64 180 9478e5f6f5a3b63ba6 Cs min_jerk A 510.0 700.0 0.0 10 0.98046875 1.44
edge_robustness 65 180 e2225350079b0dce79 Cs min_jerk A 510.0 693.0 0.0 10 0.9814453125 1.42
edge_robustness 66 180 4d97118aec393a1bed Cs min_jerk A 510.0 707.0 0.0 10 0.9833984375 1.45
edge_robustness 67 180 95d209210ea5d80585 Cs min_jerk A 510.0 900.0 2.0 10 0.919921875 1.69
edge_robustness 68 180 71751c8587b54d6477 Cs min_jerk A 510.0 900.0 2.0 10 0.9267578125 1.7
edge_robustness 69 180 c7612f681e11fa28e0 Cs min_jerk A 510.0 900.0 2.0 10 0.76171875 1.55
edge_robustness 70 180 7ab3a36733ff249c00 Cs min_jerk A 510.0 900.0 2.0 10 0.9267578125 1.68
edge_robustness 71 180 7f466e7c93d25e6864 Cs min_jerk A 510.0 891.0 2.0 10 0.888671875 1.62
edge_robustness 72 180 322e7206eda39c9cc1 Cs min_jerk A 510.0 909.0 2.0 10 0.9443359375 1.66
edge_robustness 73 180 e0b4f98ab9a839d983 Cs min_jerk A 510.0 900.0 2.4 10 0.7255859375 1.3
edge_robustness 74 180 fd7bd968235952cf6f Cs min_jerk A 510.0 1300.0 5.0 10 0.5849609375 1.62
edge_robustness 75 180 6d8ee16db5b2346901 Cs min_jerk A 510.0 1300.0 5.0 10 0.58984375 1.42
edge_robustness 76 180 04c8d3eade9ab6888d Cs min_jerk A 510.0 1300.0 5.0 10 0.4609375 1.23
edge_robustness 77 180 e4aa0ca5c757462c17 Cs min_jerk A 510.0 1300.0 5.0 10 0.658203125 1.87
edge_robustness 78 180 8ce25bfc3925e57385 Cs min_jerk A 510.0 1287.0 5.0 10 0.548828125 1.86
edge_robustness 79 180 b703997a71ebb1372c Cs min_jerk A 510.0 1313.0 5.0 10 0.6298828125 2.03
edge_robustness 80 180 a95e96273c54676f8d Cs min_jerk A 510.0 1300.0 6.0 10 0.033203125 0.89
edge_robustness 81 180 960ef5703768b9af7f Cs rb_cubic A 510.0 850.0 0.0 10 0.837890625 1.52
edge_robustness 82 180 7ecf15135b63ad5122 Cs rb_cubic A 510.0 850.0 0.0 10 0.818359375 1.53
edge_robustness 83 180 04232e68f2a497e992 Cs rb_cubic A 510.0 850.0 0.0 10 0.66796875 1.42
edge_robustness 84 180 24a082edaa167981e9 Cs rb_cubic A 510.0 850.0 0.0 10 0.8330078125 1.49
edge_robustness 85 180 63758db2a4be0e026d Cs rb_cubic A 510.0 841.5 0.0 10 0.830078125 1.45
edge_robustness 86 180 6f7c9ae6f12352be1c Cs rb_cubic A 510.0 858.5 0.0 10 0.8447265625 1.45
edge_robustness 87 180 48a7ab70c7caef2a60 Cs rb_cubic A 510.0 800.0 2.0 10 0.3330078125 1.0
edge_robustness 88 180 1345b5cce04eda964e Cs rb_cubic A 510.0 800.0 2.0 10 0.3388671875 1.03
edge_robustness 89 180 f63dc3d7219e4b8718 Cs rb_cubic A 510.0 800.0 2.0 10 0.251953125 0.87
edge_robustness 90 180 3a8ae84d8cddcf477b Cs rb_cubic A 510.0 800.0 2.0 10 0.2294921875 1.03
edge_robustness 91 180 5eae0e7c775bcbc2c4 Cs rb_cubic A 510.0 792.0 2.0 10 0.287109375 1.13
edge_robustness 92 180 b9121bd54319b87db5 Cs rb_cubic A 510.0 808.0 2.0 10 0.365234375 1.24
edge_robustness 93 180 c105be253d764ef46c Cs rb_cubic A 510.0 800.0 2.4 10 0.455078125 1.24
edge_robustness 94 180 e7bea490a90dbece69 Cs rb_cubic A 510.0 1050.0 5.0 10 0.4013671875 1.46
edge_robustness 95 180 e6681402d9daf7c68c Cs rb_cubic A 510.0 1050.0 5.0 10 0.4072265625 1.48
edge_robustness 96 180 16c9d2ccf1c093e343 Cs rb_cubic A 510.0 1050.0 5.0 10 0.2998046875 1.35
edge_robustness 97 180 b4e8a26d582912d3fd Cs rb_cubic A 510.0 1050.0 5.0 10 0.3994140625 1.52
edge_robustness 98 180 e6d8753cf25d3163af Cs rb_cubic A 510.0 1039.5 5.0 10 0.353515625 1.4
edge_robustness 99 180 ded1e543b7a87ca944 Cs rb_cubic A 510.0 1060.5 5.0 10 0.4375 1.57
edge_robustness 100 180 36e84475ef8ef37776 Cs rb_cubic A 510.0 1050.0 6.0 10 0.2763671875 1.23
edge_robustness 101 180 8ba6fb67efdee129fc Cs zero_jerk A 510.0 700.0 0.0 10 0.6103515625 1.19
edge_robustness 102 180 ab4f88dfc527137a25 Cs zero_jerk A 510.0 700.0 0.0 10 0.638671875 1.18
edge_robustness 103 180 67e1bddeafec015b71 Cs zero_jerk A 510.0 700.0 0.0 10 0.4990234375 1.06
edge_robustness 104 180 0e9da77af7a57b1015 Cs zero_jerk A 510.0 700.0 0.0 10 0.640625 1.18
edge_robustness 105 180 dc98d46d0a44365ee6 Cs zero_jerk A 510.0 693.0 0.0 10 0.5849609375 1.16
edge_robustness 106 180 2a2b6b3d5fa9eb0e95 Cs zero_jerk A 510.0 707.0 0.0 10 0.6318359375 1.22
edge_robustness 107 180 589400982e9242e8dc Cs zero_jerk A 510.0 750.0 2.0 10 0.4384765625 1.14
edge_robustness 108 180 8f0318d12734e0170f Cs zero_jerk A 510.0 750.0 2.0 10 0.4501953125 1.12
edge_robustness 109 180 75b6f399dece42dfbb Cs zero_jerk A 510.0 750.0 2.0 10 0.359375 0.97
edge_robustness 110 180 64222dcdaefe9b93c6 Cs zero_jerk A 510.0 750.0 2.0 10 0.6669921875 1.28
edge_robustness 111 180 ea0bc9efb7b6b4005e Cs zero_jerk A 510.0 742.5 2.0 10 0.4736328125 1.16
edge_robustness 112 180 bac6e1863aed1f13af Cs zero_jerk A 510.0 757.5 2.0 10 0.4169921875 1.1
edge_robustness 113 180 2864c4278b0c8a8348 Cs zero_jerk A 510.0 750.0 2.4 10 0.41796875 1.13
edge_robustness 114 180 ffa093040c2a00c109 Cs zero_jerk A 510.0 1100.0 5.0 10 0.5439453125 1.68
edge_robustness 115 180 212f8e6bc66085c53e Cs zero_jerk A 510.0 1100.0 5.0 10 0.556640625 1.56
edge_robustness 116 180 c28af5a98d2fc96624 Cs zero_jerk A 510.0 1100.0 5.0 10 0.44140625 1.26
edge_robustness 117 180 48d6845cd9418a83cf Cs zero_jerk A 510.0 1100.0 5.0 10 0.58984375 1.45
edge_robustness 118 180 ac2fa10dcd50857ff8 Cs zero_jerk A 510.0 1089.0 5.0 10 0.4765625 1.37
edge_robustness 119 180 f3b44db35afa6836ac Cs zero_jerk A 510.0 1111.0 5.0 10 0.6044921875 1.46
edge_robustness 120 180 8262f7ac8b3e9f3476 Cs zero_jerk A 510.0 1100.0 6.0 10 0.1142578125 0.81
edge_robustness 121 180 a29b9af26768c22078 Cs min_jerk A 610.0 750.0 0.0 10 0.9833984375 1.15
edge_robustness 122 180 2eed9963c84413ccd0 Cs min_jerk A 610.0 750.0 0.0 10 0.982421875 1.17
edge_robustness 123 180 350f0f642cc81684d9 Cs min_jerk A 610.0 750.0 0.0 10 0.900390625 1.33
edge_robustness 124 180 87dffdd39554d9f4b7 Cs min_jerk A 610.0 750.0 0.0 10 0.9775390625 1.44
edge_robustness 125 180 49d8472e2a5606a151 Cs min_jerk A 610.0 742.5 0.0 10 0.98046875 1.4
edge_robustness 126 180 66b5264f2b87ce35f8 Cs min_jerk A 610.0 757.5 0.0 10 0.9833984375 1.46
edge_robustness 127 180 b900db1b72746729d5 Cs min_jerk A 610.0 1000.0 2.0 10 0.8583984375 1.71
edge_robustness 128 180 f37b7d2c201ba96055 Cs min_jerk A 610.0 1000.0 2.0 10 0.8544921875 1.57
edge_robustness 129 180 c80699260791c69406 Cs min_jerk A 610.0 1000.0 2.0 10 0.6572265625 1.55
edge_robustness 130 180 eeff8bced212bacad6 Cs min_jerk A 610.0 1000.0 2.0 10 0.892578125 1.72
edge_robustness 131 180 485ca8d5f11a059a8c Cs min_jerk A 610.0 990.0 2.0 10 0.8173828125 1.47
edge_robustness 132 180 264ad40f182c5e4dab Cs min_jerk A 610.0 1010.0 2.0 10 0.892578125 1.69
edge_robustness 133 180 2f7c1bbe1b00a44ff0 Cs min_jerk A 610.0 1000.0 2.4 10 0.5234375 1.51
edge_robustness 134 180 f158d47552602354ce Cs min_jerk A 610.0 1500.0 5.0 10 0.67578125 2.38
edge_robustness 135 180 8068c7c1322e930c13 Cs min_jerk A 610.0 1500.0 5.0 10 0.6787109375 2.33
edge_robustness 136 180 a71f8df4ea9fb8c782 Cs min_jerk A 610.0 1500.0 5.0 10 0.51171875 2.0
edge_robustness 137 180 85d50701325f28e09f Cs min_jerk A 610.0 1500.0 5.0 10 0.6748046875 2.4
edge_robustness 138 180 22948ad437a007b794 Cs min_jerk A 610.0 1485.0 5.0 10 0.6025390625 2.13
edge_robustness 139 180 3b586bcd7b252b1181 Cs min_jerk A 610.0 1515.0 5.0 10 0.7275390625 2.4
edge_robustness 140 180 31b62492a284ce26fb Cs min_jerk A 610.0 1500.0 6.0 10 0.056640625 1.16
edge_robustness 141 180 c4db6909fae1ed90e2 Cs rb_cubic A 610.0 800.0 0.0 10 0.4990234375 1.26
edge_robustness 142 180 03c4c4ee41b46fb9bc Cs rb_cubic A 610.0 800.0 0.0 10 0.5166015625 1.22
edge_robustness 143 180 36c142790e0f5aa281 Cs rb_cubic A 610.0 800.0 0.0 10 0.3740234375 1.08
edge_robustness 144 180 9ab722e129d43ee728 Cs rb_cubic A 610.0 800.0 0.0 10 0.5185546875 1.21
edge_robustness 145 180 30f8e5c2de0c9c2586 Cs rb_cubic A 610.0 792.0 0.0 10 0.4658203125 1.21
edge_robustness 146 180 4229e1f35bdee06977 Cs rb_cubic A 610.0 808.0 0.0 10 0.548828125 1.3
edge_robustness 147 180 b4754e1058cf1415b3 Cs rb_cubic A 610.0 1050.0 2.0 10 0.830078125 1.67
edge_robustness 148 180 3be356f56537d78dc0 Cs rb_cubic A 610.0 1050.0 2.0 10 0.828125 1.58
edge_robustness 149 180 cd019e396fa8fbfc45 Cs rb_cubic A 610.0 1050.0 2.0 10 0.6455078125 1.5
edge_robustness 150 180 57065a1b57eb905996 Cs rb_cubic A 610.0 1050.0 2.0 10 0.78515625 1.63
edge_robustness 151 180 3668c7a11f277f27b3 Cs rb_cubic A 610.0 1039.5 2.0 10 0.8056640625 1.64
edge_robustness 152 180 0f66c07e94002feb1d Cs rb_cubic A 610.0 1060.5 2.0 10 0.8740234375 1.66
edge_robustness 153 180 e2a029292c572ff8e3 Cs rb_cubic A 610.0 1050.0 2.4 10 0.7666015625 1.65
edge_robustness 154 180 f833f29d1f745203fe Cs rb_cubic A 610.0 1200.0 5.0 10 0.42578125 1.47
edge_robustness 155 180 0d54564f9d9fa692d3 Cs rb_cubic A 610.0 1200.0 5.0 10 0.4150390625 1.63
edge_robustness 156 180 02cd90aa8e57929c47 Cs rb_cubic A 610.0 1200.0 5.0 10 0.3349609375 1.52
edge_robustness 157 180 7290b294719adcf6ee Cs rb_cubic A 610.0 1200.0 5.0 10 0.4755859375 1.7
edge_robustness 158 180 bfc59ec62fecdc5487 Cs rb_cubic A 610.0 1188.0 5.0 10 0.380859375 1.53
edge_robustness 159 180 230735b8180940d826 Cs rb_cubic A 610.0 1212.0 5.0 10 0.451171875 1.66
edge_robustness 160 180 6ec1a8775fce160fb7 Cs rb_cubic A 610.0 1200.0 6.0 10 0.1787109375 1.26
edge_robustness 161 180 c48523e7ab640f5a70 Cs zero_jerk A 610.0 750.0 0.0 10 0.5595703125 1.22
edge_robustness 162 180 ee0c14000954b548c6 Cs zero_jerk A 610.0 750.0 0.0 10 0.5556640625 1.25
edge_robustness 163 180 90ebccc30a81e50853 Cs zero_jerk A 610.0 750.0 0.0 10 0.431640625 1.05
edge_robustness 164 180 44ae810a508ad26272 Cs zero_jerk A 610.0 750.0 0.0 10 0.5869140625 1.16
edge_robustness 165 180 17feb63b61f6ca9976 Cs zero_jerk A 610.0 742.5 0.0 10 0.5458984375 1.1
edge_robustness 166 180 86d2633d57f74b9753 Cs zero_jerk A 610.0 757.5 0.0 10 0.587890625 1.2
edge_robustness 167 180 601cc916c94ae1db32 Cs zero_jerk A 610.0 900.0 2.0 10 0.6044921875 1.29
edge_robustness 168 180 2f87711d6dcff2fcc2 Cs zero_jerk A 610.0 900.0 2.0 10 0.6044921875 1.31
edge_robustness 169 180 b8d4e1e5bd23c8b517 Cs zero_jerk A 610.0 900.0 2.0 10 0.43359375 1.06
edge_robustness 170 180 a7c26ee5efb9041558 Cs zero_jerk A 610.0 900.0 2.0 10 0.509765625 1.19
edge_robustness 171 180 703124e4331160f9d7 Cs zero_jerk A 610.0 891.0 2.0 10 0.5576171875 1.16
edge_robustness 172 180 79ba7c3bac55a30c26 Cs zero_jerk A 610.0 909.0 2.0 10 0.6748046875 1.26
edge_robustness 173 180 288f5afb3631296183 Cs zero_jerk A 610.0 900.0 2.4 10 0.2412109375 0.94
edge_robustness 174 180 6830a6044d6050d59c Cs zero_jerk A 610.0 1400.0 5.0 10 0.9140625 1.86
edge_robustness 175 180 5f9bc8ecde4b6a2ad0 Cs zero_jerk A 610.0 1400.0 5.0 10 0.9208984375 2.04
edge_robustness 176 180 cdbe8a86c390ee274d Cs zero_jerk A 610.0 1400.0 5.0 10 0.7646484375 1.84
edge_robustness 177 180 a5551fb9f4f25e452b Cs zero_jerk A 610.0 1400.0 5.0 10 0.8759765625 2.34
edge_robustness 178 180 fbe680c3994bdc34de Cs zero_jerk A 610.0 1386.0 5.0 10 0.8876953125 2.39
edge_robustness 179 180 6cff88861cdb49c781 Cs zero_jerk A 610.0 1414.0 5.0 10 0.916015625 2.29
edge_robustness 180 180 028e594f0859821fa3 Cs zero_jerk A 610.0 1400.0 6.0 10 0.5908203125 1.86
