final_single 1 216 f57546aa69285d05b9 Cs rb_cubic A 270.0 550.0 0.0 1 0.99658203125 0.66
final_single 2 216 7fe6468bc1cf3775f4 Cs rb_cubic A 270.0 550.0 0.0 1 0.997802734375 0.56
final_single 3 216 40146427d5935a7fdd Cs rb_cubic A 270.0 900.0 0.0 1 0.999755859375 0.76
final_single 4 216 d06c3a1496ad1aeaa3 Cs rb_cubic A 270.0 900.0 0.0 1 1.0 0.86
final_single 5 216 f3fb8d1747c828e6ef Cs rb_cubic A 270.0 3000.0 0.0 1 1.0 2.49
final_single 6 216 f742195a4661f3c2dd Cs rb_cubic A 270.0 3000.0 0.0 1 1.0 2.37
final_single 7 216 0f80d1c26f58da08e6 Cs rb_cubic A 270.0 6000.0 0.0 1 1.0 4.65
final_single 8 216 da19c211db39d79865 Cs rb_cubic A 270.0 6000.0 0.0 1 1.0 4.58
final_single 9 216 940dc83cd3fe7e778c Cs rb_cubic A 270.0 550.0 2.0 1 0.993896484375 0.58
final_single 10 216 c6dab82d4f0be30320 Cs rb_cubic A 270.0 550.0 2.0 1 0.993408203125 0.58
final_single 11 216 db0017b58dbd1331d0 Cs rb_cubic A 270.0 960.0 2.0 1 1.0 0.85
final_single 12 216 d0cd8d2635b529e0e3 Cs rb_cubic A 270.0 960.0 2.0 1 1.0 0.92
final_single 13 216 d17344ac9e010416ea Cs rb_cubic A 270.0 3000.0 2.0 1 1.0 2.49
final_single 14 216 c61701e6212628c818 Cs rb_cubic A 270.0 3000.0 2.0 1 1.0 2.35
final_single 15 216 b68b32bfe7cfa51ace Cs rb_cubic A 270.0 6000.0 2.0 1 1.0 4.64
final_single 16 216 b1a3bee83fe67c9e52 Cs rb_cubic A 270.0 6000.0 2.0 1 1.0 4.81
final_single 17 216 1066b5b92ddd2cd553 Cs rb_cubic A 270.0 700.0 5.0 1 0.99609375 0.68
final_single 18 216 eb15658da10c0ffb29 Cs rb_cubic A 270.0 700.0 5.0 1 0.995849609375 0.67
final_single 19 216 51a3e5f9d9bae1bb5d Cs rb_cubic A 270.0 960.0 5.0 1 0.999755859375 0.82
final_single 20 216 3c8b73657ecf28c681 Cs rb_cubic A 270.0 960.0 5.0 1 1.0 0.9
final_single 21 216 900c67a99032da1250 Cs rb_cubic A 270.0 3000.0 5.0 1 1.0 2.4
final_single 22 216 c6a556f3a083c6f4b7 Cs rb_cubic A 270.0 3000.0 5.0 1 1.0 2.55
final_single 23 216 84c8f8458fc658a3d8 Cs rb_cubic A 270.0 6000.0 5.0 1 1.0 4.97
final_single 24 216 047969da7ac8545eb7 Cs rb_cubic A 270.0 6000.0 5.0 1 1.0 4.91
final_single 25 216 cac3ba6a8e0b9ce0db Cs zero_jerk A 270.0 500.0 0.0 1 0.994384765625 0.55
final_single 26 216 390e9eec2bd6a324dc Cs zero_jerk A 270.0 500.0 0.0 1 0.995849609375 0.53
final_single 27 216 256c35c9819355ac77 Cs zero_jerk A 270.0 900.0 0.0 1 0.999755859375 0.84
final_single 28 216 30b7464086df4491de Cs zero_jerk A 270.0 900.0 0.0 1 1.0 0.87
final_single 29 216 27162f55049b507760 Cs zero_jerk A 270.0 3000.0 0.0 1 1.0 2.5
final_single 30 216 44a3d16430f03eba8f Cs zero_jerk A 270.0 3000.0 0.0 1 1.0 2.45
final_single 31 216 6f896701a34a1b711a Cs zero_jerk A 270.0 6000.0 0.0 1 1.0 4.65
final_single 32 216 e558c885869e8a6a30 Cs zero_jerk A 270.0 6000.0 0.0 1 1.0 4.72
final_single 33 216 39a774c8b3ef825e13 Cs zero_jerk A 270.0 550.0 2.0 1 0.99560546875 0.54
final_single 34 216 e58e0e9adaa2b3fd49 Cs zero_jerk A 270.0 550.0 2.0 1 0.99560546875 0.58
final_single 35 216 6b720e522c51e9bfed Cs zero_jerk A 270.0 960.0 2.0 1 1.0 0.93
final_single 36 216 1377fa137e75bd68e6 Cs zero_jerk A 270.0 960.0 2.0 1 1.0 0.9
final_single 37 216 d76d695a4abd3b5148 Cs zero_jerk A 270.0 3000.0 2.0 1 1.0 2.48
final_single 38 216 ba9cae8634d4ce9aba Cs zero_jerk A 270.0 3000.0 2.0 1 1.0 2.46
final_single 39 216 5aa97487f8be153435 Cs zero_jerk A 270.0 6000.0 2.0 1 1.0 4.97
final_single 40 216 9e0b1c0b998f4ff9fd Cs zero_jerk A 270.0 6000.0 2.0 1 1.0 4.8
final_single 41 216 778b715727d52bfcf3 Cs zero_jerk A 270.0 700.0 5.0 1 0.99658203125 0.69
final_single 42 216 5986c93fdc849f61f1 Cs zero_jerk A 270.0 700.0 5.0 1 0.995849609375 0.71
final_single 43 216 a2b3647d44ddbff9dd Cs zero_jerk A 270.0 960.0 5.0 1 0.999755859375 0.94
final_single 44 216 55aba92c99afb0ab2c Cs zero_jerk A 270.0 960.0 5.0 1 1.0 0.95
final_single 45 216 975ccc43fe51e55a9f Cs zero_jerk A 270.0 3000.0 5.0 1 1.0 2.71
final_single 46 216 dad1845357f77c83ac Cs zero_jerk A 270.0 3000.0 5.0 1 1.0 2.65
final_single 47 216 49daabe56d7fdf757b Cs zero_jerk A 270.0 6000.0 5.0 1 1.0 4.73
final_single 48 216 e35ce64c14f08825b6 Cs zero_jerk A 270.0 6000.0 5.0 1 1.0 4.94
final_single 49 216 6980acaa90920b958d Cs min_jerk A 270.0 500.0 0.0 1 0.995849609375 0.53
final_single 50 216 a1b19c5ff685d8bf1e Cs min_jerk A 270.0 500.0 0.0 1 0.996826171875 0.54
final_single 51 216 04e940f83f5c75ed37 Cs min_jerk A 270.0 960.0 0.0 1 0.999755859375 0.92
final_single 52 216 8705ef6cf26830395d Cs min_jerk A 270.0 960.0 0.0 1 1.0 0.94
final_single 53 216 406ee0d6ee29ddd93b Cs min_jerk A 270.0 3000.0 0.0 1 1.0 2.33
final_single 54 216 dc40d9e0bcb76f5737 Cs min_jerk A 270.0 3000.0 0.0 1 1.0 2.46
final_single 55 216 c989bbeadf62b7dd8d Cs min_jerk A 270.0 6000.0 0.0 1 1.0 4.57
final_single 56 216 7312d1fe4e30bca867 Cs min_jerk A 270.0 6000.0 0.0 1 1.0 4.8
final_single 57 216 c79aabae79412aeafa Cs min_jerk A 270.0 600 2.0 1 0.997314453125 0.6
final_single 58 216 f780897a8676c7a97d Cs min_jerk A 270.0 600 2.0 1 0.997314453125 0.62
final_single 59 216 6a3c58f6393ca24f18 Cs min_jerk A 270.0 1020.0 2.0 1 1.0 1.0
final_single 60 216 b33e3b20d8c2d7bd29 Cs min_jerk A 270.0 1020.0 2.0 1 1.0 0.94
final_single 61 216 110318596e5af62f45 Cs min_jerk A 270.0 3000.0 2.0 1 1.0 2.45
final_single 62 216 03114b3856182cc745 Cs min_jerk A 270.0 3000.0 2.0 1 1.0 2.45
final_single 63 216 f93bffe6203ce5e98a Cs min_jerk A 270.0 6000.0 2.0 1 1.0 4.71
final_single 64 216 a1d8f76bb07d174a9b Cs min_jerk A 270.0 6000.0 2.0 1 1.0 4.68
final_single 65 216 a2dc1e805847e3fbbb Cs min_jerk A 270.0 800 5.0 1 0.987060546875 0.81
final_single 66 216 7b8d9d9f6a75e24666 Cs min_jerk A 270.0 800 5.0 1 0.984130859375 0.79
final_single 67 216 6b6aab4e9bb883fbd8 Cs min_jerk A 270.0 1260.0 5.0 1 1.0 1.16
final_single 68 216 51a71bb3a7d9fa2f9a Cs min_jerk A 270.0 1260.0 5.0 1 1.0 1.17
final_single 69 216 d70678c12360bb8001 Cs min_jerk A 270.0 3000.0 5.0 1 1.0 2.42
final_single 70 216 da83c19e350a34aa84 Cs min_jerk A 270.0 3000.0 5.0 1 1.0 2.55
final_single 71 216 7b6ffc0889355cfe90 Cs min_jerk A 270.0 6000.0 5.0 1 1.0 4.81
final_single 72 216 4cf9ab028b27506355 Cs min_jerk A 270.0 6000.0 5.0 1 1.0 4.91
final_single 73 216 99fc575b89d8567234 Cs rb_cubic A 510.0 700.0 0.0 1 0.98974609375 0.68
final_single 74 216 f6347950b2a6a5394e Cs rb_cubic A 510.0 700.0 0.0 1 0.990966796875 0.67
final_single 75 216 31769f6a03ad64b626 Cs rb_cubic A 510.0 1260.0 0.0 1 0.999755859375 1.11
final_single 76 216 b0cad9725ace3103b7 Cs rb_cubic A 510.0 1260.0 0.0 1 1.0 1.09
final_single 77 216 087d25b573c3df6b5f Cs rb_cubic A 510.0 3000.0 0.0 1 1.0 2.53
final_single 78 216 de1dd28d39cc050e71 Cs rb_cubic A 510.0 3000.0 0.0 1 1.0 2.3
final_single 79 216 7f0aff6322ebed961d Cs rb_cubic A 510.0 6000.0 0.0 1 1.0 4.61
final_single 80 216 cbec61398dffef71e3 Cs rb_cubic A 510.0 6000.0 0.0 1 1.0 4.81
final_single 81 216 561d9d4e709fb48b03 Cs rb_cubic A 510.0 800 2.0 1 0.994384765625 0.76
final_single 82 216 6892a4f36a30f983b4 Cs rb_cubic A 510.0 800 2.0 1 0.995849609375 0.72
final_single 83 216 2f08feb5bfaf4f60dd Cs rb_cubic A 510.0 1440.0 2.0 1 1.0 1.3
final_single 84 216 8e77bc4cc6dbf78fae Cs rb_cubic A 510.0 1440.0 2.0 1 1.0 1.26
final_single 85 216 58107adc1dc365680c Cs rb_cubic A 510.0 3000.0 2.0 1 1.0 2.49
final_single 86 216 396f6e9f904bc9bfbd Cs rb_cubic A 510.0 3000.0 2.0 1 1.0 2.41
final_single 87 216 b5f87029681f547a6d Cs rb_cubic A 510.0 6000.0 2.0 1 1.0 4.9
final_single 88 216 5686987dbe2350536a Cs rb_cubic A 510.0 6000.0 2.0 1 1.0 4.83
final_single 89 216 e95287259ad0d2713e Cs rb_cubic A 510.0 1050.0 5.0 1 0.99365234375 0.97
final_single 90 216 5b507b67a0832daf0a Cs rb_cubic A 510.0 1050.0 5.0 1 0.994140625 0.99
final_single 91 216 a48d41aa5b4e732f77 Cs rb_cubic A 510.0 1440.0 5.0 1 1.0 1.21
final_single 92 216 0d910a23a195a35240 Cs rb_cubic A 510.0 1440.0 5.0 1 1.0 1.33
final_single 93 216 4bd17cfe5ac6361d77 Cs rb_cubic A 510.0 3000.0 5.0 1 1.0 2.47
final_single 94 216 419602170085950dca Cs rb_cubic A 510.0 3000.0 5.0 1 1.0 2.4
final_single 95 216 fffcf98f327eff616d Cs rb_cubic A 510.0 6000.0 5.0 1 1.0 4.93
final_single 96 216 2f543d7cc1dd893683 Cs rb_cubic A 510.0 6000.0 5.0 1 1.0 4.9
final_single 97 216 9fc3984ea71c3547b5 Cs zero_jerk A 510.0 700.0 0.0 1 0.9951171875 0.73
final_single 98 216 cb6725442dc782ccfd Cs zero_jerk A 510.0 700.0 0.0 1 0.9951171875 0.7
final_single 99 216 c0219adcb7f279bd34 Cs zero_jerk A 510.0 1260.0 0.0 1 0.999755859375 1.14
final_single 100 216 06a11f0e02df576a83 Cs zero_jerk A 510.0 1260.0 0.0 1 1.0 1.17
final_single 101 216 f21682d927ea1b9a58 Cs zero_jerk A 510.0 3000.0 0.0 1 1.0 2.54
final_single 102 216 2a64ba527822ffd46a Cs zero_jerk A 510.0 3000.0 0.0 1 1.0 2.46
final_single 103 216 0b2485a28977698122 Cs zero_jerk A 510.0 6000.0 0.0 1 1.0 5.0
final_single 104 216 ff1def645dc4d8a30b Cs zero_jerk A 510.0 6000.0 0.0 1 1.0 4.49
final_single 105 216 14dc18ae9cfd0946f8 Cs zero_jerk A 510.0 750.0 2.0 1 0.99169921875 0.61
final_single 106 216 1646e2e58a90a6998c Cs zero_jerk A 510.0 750.0 2.0 1 0.992919921875 0.64
final_single 107 216 6560209b6dadeaa398 Cs zero_jerk A 510.0 1380.0 2.0 1 1.0 1.19
final_single 108 216 f12812a5fa3ee24235 Cs zero_jerk A 510.0 1380.0 2.0 1 1.0 1.23
final_single 109 216 f7bc4727cb65a62cc7 Cs zero_jerk A 510.0 3000.0 2.0 1 1.0 2.43
final_single 110 216 238e7812e34501e336 Cs zero_jerk A 510.0 3000.0 2.0 1 1.0 2.51
final_single 111 216 e14f23bc159a3046aa Cs zero_jerk A 510.0 6000.0 2.0 1 1.0 4.78
final_single 112 216 acc9c23e57cf8a5ac5 Cs zero_jerk A 510.0 6000.0 2.0 1 1.0 4.63
final_single 113 216 efa72d0340b492048c Cs zero_jerk A 510.0 1100.0 5.0 1 0.99658203125 0.95
final_single 114 216 3d63ae381a01a099c2 Cs zero_jerk A 510.0 1100.0 5.0 1 0.995849609375 0.96
final_single 115 216 bd1a698a6b93431e08 Cs zero_jerk A 510.0 1440.0 5.0 1 1.0 1.25
final_single 116 216 d9d16dc86c9b219470 Cs zero_jerk A 510.0 1440.0 5.0 1 1.0 1.25
final_single 117 216 e613a3324a2fd6b191 Cs zero_jerk A 510.0 3000.0 5.0 1 1.0 2.31
final_single 118 216 46e7429b4531ff9d35 Cs zero_jerk A 510.0 3000.0 5.0 1 1.0 2.37
final_single 119 216 e17aa5d5759c97ad23 Cs zero_jerk A 510.0 6000.0 5.0 1 1.0 4.64
final_single 120 216 0c222b3427dc00fad8 Cs zero_jerk A 510.0 6000.0 5.0 1 1.0 4.47
final_single 121 216 13d7b3421aa95b1a85 Cs min_jerk A 510.0 700.0 0.0 1 0.996337890625 0.67
final_single 122 216 83f7d76f14a2502de3 Cs min_jerk A 510.0 700.0 0.0 1 0.996826171875 0.66
final_single 123 216 ef76016b0348981652 Cs min_jerk A 510.0 1260.0 0.0 1 0.999755859375 1.17
final_single 124 216 8049c30579adc175c6 Cs min_jerk A 510.0 1260.0 0.0 1 1.0 1.1
final_single 125 216 650cb46494dd75abde Cs min_jerk A 510.0 3000.0 0.0 1 1.0 2.38
final_single 126 216 4d397009c5ff718e16 Cs min_jerk A 510.0 3000.0 0.0 1 1.0 2.37
final_single 127 216 2b128f9e5ca63028f5 Cs min_jerk A 510.0 6000.0 0.0 1 1.0 4.46
final_single 128 216 50d51d6b3c94397356 Cs min_jerk A 510.0 6000.0 0.0 1 1.0 4.59
final_single 129 216 f73494bfb7951660e5 Cs min_jerk A 510.0 900.0 2.0 1 0.995849609375 0.83
final_single 130 216 3f67a077a5ecfed503 Cs min_jerk A 510.0 900.0 2.0 1 0.99658203125 0.81
final_single 131 216 706e2d7681c5d4dbc6 Cs min_jerk A 510.0 1560.0 2.0 1 0.999755859375 1.35
final_single 132 216 e4b268381d6acd8b26 Cs min_jerk A 510.0 1560.0 2.0 1 1.0 1.31
final_single 133 216 d3190065e9df0e8a25 Cs min_jerk A 510.0 3000.0 2.0 1 1.0 2.46
final_single 134 216 ff019bce975e703b5b Cs min_jerk A 510.0 3000.0 2.0 1 1.0 2.34
final_single 135 216 5fae33f57e9b88264a Cs min_jerk A 510.0 6000.0 2.0 1 1.0 4.46
final_single 136 216 590ec8c4fd8660ad47 Cs min_jerk A 510.0 6000.0 2.0 1 1.0 4.86
final_single 137 216 d73c203815ab62cfcb Cs min_jerk A 510.0 1300.0 5.0 1 0.994140625 1.18
final_single 138 216 04980567a4d77ff2e0 Cs min_jerk A 510.0 1300.0 5.0 1 0.993896484375 1.06
final_single 139 216 2792efdd39dd04b8c9 Cs min_jerk A 510.0 1800.0 5.0 1 0.999755859375 1.52
final_single 140 216 7574eac8cb0a2bd8fd Cs min_jerk A 510.0 1800.0 5.0 1 1.0 1.53
final_single 141 216 e2416859a5f4ae6932 Cs min_jerk A 510.0 3000.0 5.0 1 1.0 2.37
final_single 142 216 8e6cc0bba5b72ca412 Cs min_jerk A 510.0 3000.0 5.0 1 1.0 2.57
final_single 143 216 f8787748daa957fb2a Cs min_jerk A 510.0 6000.0 5.0 1 1.0 4.75
final_single 144 216 ad10dbdfc4fa7f4a1a Cs min_jerk A 510.0 6000.0 5.0 1 1.0 4.59
final_single 145 216 4abe1a806952d6cf53 Cs rb_cubic A 610.0 800 0.0 1 0.994140625 0.78
final_single 146 216 895b5a518dcce6e3ad Cs rb_cubic A 610.0 800 0.0 1 0.995849609375 0.73
final_single 147 216 9f985fcd4e6ea780e4 Cs rb_cubic A 610.0 1380.0 0.0 1 0.999755859375 1.19
final_single 148 216 80baaa167654e646d9 Cs rb_cubic A 610.0 1380.0 0.0 1 1.0 1.21
final_single 149 216 0375b1ea0b18513285 Cs rb_cubic A 610.0 3000.0 0.0 1 1.0 2.5
final_single 150 216 217b2e74ae30e86d32 Cs rb_cubic A 610.0 3000.0 0.0 1 1.0 2.47
final_single 151 216 976f9adaad5e8695d8 Cs rb_cubic A 610.0 6000.0 0.0 1 1.0 4.84
final_single 152 216 00b7409821557da41c Cs rb_cubic A 610.0 6000.0 0.0 1 1.0 4.83
final_single 153 216 4f7056fdb88167244a Cs rb_cubic A 610.0 850.0 2.0 1 0.9921875 0.77
final_single 154 216 79045c6426707c7080 Cs rb_cubic A 610.0 850.0 2.0 1 0.990966796875 0.82
final_single 155 216 38153e8d0eaa3981e6 Cs rb_cubic A 610.0 1440.0 2.0 1 0.999755859375 1.35
final_single 156 216 7e356b6107eebd224a Cs rb_cubic A 610.0 1440.0 2.0 1 1.0 1.24
final_single 157 216 a24149211d9f738af0 Cs rb_cubic A 610.0 3000.0 2.0 1 1.0 2.37
final_single 158 216 3e834d271333bf69aa Cs rb_cubic A 610.0 3000.0 2.0 1 1.0 2.52
final_single 159 216 937e383b7ec9035592 Cs rb_cubic A 610.0 6000.0 2.0 1 1.0 4.62
final_single 160 216 665009caea4f336b36 Cs rb_cubic A 610.0 6000.0 2.0 1 1.0 4.67
final_single 161 216 35c1c0ae64a9aa075e Cs rb_cubic A 610.0 1200 5.0 1 0.992919921875 1.11
final_single 162 216 ed6753331b684c29dc Cs rb_cubic A 610.0 1200 5.0 1 0.9951171875 1.11
final_single 163 216 f4fb53592b84f8a31a Cs rb_cubic A 610.0 1920.0 5.0 1 1.0 1.66
final_single 164 216 10e7a9da18c4718961 Cs rb_cubic A 610.0 1920.0 5.0 1 1.0 1.62
final_single 165 216 2c8a9a0759a1f1a6b6 Cs rb_cubic A 610.0 3000.0 5.0 1 1.0 2.48
final_single 166 216 d893d1d576a981101a Cs rb_cubic A 610.0 3000.0 5.0 1 1.0 2.29
final_single 167 216 aff3a57a7255a26130 Cs rb_cubic A 610.0 6000.0 5.0 1 1.0 4.66
final_single 168 216 d8268555b6bceb20b5 Cs rb_cubic A 610.0 6000.0 5.0 1 1.0 4.5
final_single 169 216 74873cd3f6e7fafea4 Cs zero_jerk A 610.0 750.0 0.0 1 0.994384765625 0.65
final_single 170 216 531ece71ea12727c34 Cs zero_jerk A 610.0 750.0 0.0 1 0.99462890625 0.64
final_single 171 216 9ace0373e952b4101f Cs zero_jerk A 610.0 1320.0 0.0 1 0.999755859375 0.94
final_single 172 216 c31b7af68e7a770cc4 Cs zero_jerk A 610.0 1320.0 0.0 1 1.0 0.91
final_single 173 216 56f140c6b683e26f69 Cs zero_jerk A 610.0 3000.0 0.0 1 1.0 2.19
final_single 174 216 a4b9a493246302c0ef Cs zero_jerk A 610.0 3000.0 0.0 1 1.0 2.46
final_single 175 216 6b3588bdd6a56f8a03 Cs zero_jerk A 610.0 6000.0 0.0 1 1.0 4.53
final_single 176 216 7878090c6b220428c0 Cs zero_jerk A 610.0 6000.0 0.0 1 1.0 4.7
final_single 177 216 abab343f92ca1bf401 Cs zero_jerk A 610.0 900.0 2.0 1 0.995361328125 0.85
final_single 178 216 e378b4299664c0fdc2 Cs zero_jerk A 610.0 900.0 2.0 1 0.99658203125 0.81
final_single 179 216 37d82ab036670ddf22 Cs zero_jerk A 610.0 1440.0 2.0 1 0.999755859375 1.3
final_single 180 216 a82ea85a49d17aad17 Cs zero_jerk A 610.0 1440.0 2.0 1 1.0 1.26
final_single 181 216 59d442474044071d5a Cs zero_jerk A 610.0 3000.0 2.0 1 1.0 2.54
final_single 182 216 8ad0d6e628bd8e5602 Cs zero_jerk A 610.0 3000.0 2.0 1 1.0 2.39
final_single 183 216 eb885f5373abdee98e Cs zero_jerk A 610.0 6000.0 2.0 1 1.0 4.71
final_single 184 216 52516f6dad3c9e0d2b Cs zero_jerk A 610.0 6000.0 2.0 1 1.0 4.62
final_single 185 216 8ae5a2cdd96cb89856 Cs zero_jerk A 610.0 1200 5.0 1 0.98193359375 1.1
final_single 186 216 7e398b0c4f81aa9fd1 Cs zero_jerk A 610.0 1200 5.0 1 0.984619140625 1.06
final_single 187 216 14d56d08d9b17f32ad Cs zero_jerk A 610.0 1920.0 5.0 1 1.0 1.43
final_single 188 216 c286f696d2e0043c42 Cs zero_jerk A 610.0 1920.0 5.0 1 1.0 1.62
final_single 189 216 a9875dcb212c732be9 Cs zero_jerk A 610.0 3000.0 5.0 1 1.0 2.35
final_single 190 216 b02e86ea104ffcbfd1 Cs zero_jerk A 610.0 3000.0 5.0 1 1.0 2.46
final_single 191 216 602263b721e10a95f4 Cs zero_jerk A 610.0 6000.0 5.0 1 1.0 4.76
final_single 192 216 4e5c42600ee91e7997 Cs zero_jerk A 610.0 6000.0 5.0 1 1.0 4.47
final_single 193 216 0a6558bf18a4e51403 Cs min_jerk A 610.0 750.0 0.0 1 0.99560546875 0.73
final_single 194 216 729bffbfa2c6bf3b76 Cs min_jerk A 610.0 750.0 0.0 1 0.99560546875 0.76
final_single 195 216 af70155e0543eb53a7 Cs min_jerk A 610.0 1380.0 0.0 1 0.999755859375 1.22
final_single 196 216 7357cd21942b5faac6 Cs min_jerk A 610.0 1380.0 0.0 1 1.0 1.15
final_single 197 216 66554c1cf04f82c9ea Cs min_jerk A 610.0 3000.0 0.0 1 1.0 2.33
final_single 198 216 f9f3727590a5327251 Cs min_jerk A 610.0 3000.0 0.0 1 1.0 2.14
final_single 199 216 2769cf2dac29edd21f Cs min_jerk A 610.0 6000.0 0.0 1 1.0 4.74
final_single 200 216 2d47228a6426a68501 Cs min_jerk A 610.0 6000.0 0.0 1 1.0 4.81
final_single 201 216 abdcae3181885d7df6 Cs min_jerk A 610.0 1000 2.0 1 0.9931640625 0.93
final_single 202 216 ede70682035c103f41 Cs min_jerk A 610.0 1000 2.0 1 0.9931640625 0.89
final_single 203 216 b13cb0db6080d7da87 Cs min_jerk A 610.0 1680.0 2.0 1 0.999755859375 1.39
final_single 204 216 92b6b97ce6f2e8971c Cs min_jerk A 610.0 1680.0 2.0 1 1.0 1.34
final_single 205 216 5d1e064547e776b868 Cs min_jerk A 610.0 3000.0 2.0 1 1.0 2.38
final_single 206 216 fc19842c323758530f Cs min_jerk A 610.0 3000.0 2.0 1 1.0 2.45
final_single 207 216 135761abda3744601d Cs min_jerk A 610.0 6000.0 2.0 1 1.0 4.64
final_single 208 216 8948f55c11f420cec1 Cs min_jerk A 610.0 6000.0 2.0 1 1.0 4.62
final_single 209 216 86b374ef8784f64da8 Cs min_jerk A 610.0 1500.0 5.0 1 0.99609375 1.25
final_single 210 216 ba2895b1753f3f92b0 Cs min_jerk A 610.0 1500.0 5.0 1 0.9970703125 1.27
final_single 211 216 44f2dafd7d93eb25c7 Cs min_jerk A 610.0 2100.0 5.0 1 1.0 1.78
final_single 212 216 d5cc876578e77e16de Cs min_jerk A 610.0 2100.0 5.0 1 1.0 1.85
final_single 213 216 ac5e0b213a96c14222 Cs min_jerk A 610.0 3000.0 5.0 1 1.0 2.46
final_single 214 216 e1c891633dd755f666 Cs min_jerk A 610.0 3000.0 5.0 1 1.0 2.41
final_single 215 216 47389affef62a3b0cc Cs min_jerk A 610.0 6000.0 5.0 1 1.0 4.66
final_single 216 216 3b15fd8e46fc5614e6 Cs min_jerk A 610.0 6000.0 5.0 1 1.0 4.76
