native 1 223 a12aadd18275fefad5 Rb rb_cubic A 55 90.0 0.0 1 0.0 0.16
native 2 223 e0ec2f54f1f04284ed Rb rb_cubic A 55 100.0 0.0 1 0.0 0.06
native 3 223 a2e063116cddc59dbc Rb rb_cubic A 55 110.0 0.0 1 0.0 0.07
native 4 223 9ab4d3970d55149e98 Rb rb_cubic A 55 120.0 0.0 1 0.00244140625 0.08
native 5 223 da8f1156f0b8dd3d1b Rb rb_cubic A 55 130.0 0.0 1 0.05322265625 0.08
native 6 223 4a6265531394467cec Rb rb_cubic A 55 140.0 0.0 1 0.28466796875 0.07
native 7 223 9b1f80b012c0d18dd9 Rb rb_cubic A 55 150.0 0.0 1 0.595703125 0.07
native 8 223 b279a73968f5dc65ae Rb rb_cubic A 55 160.0 0.0 1 0.8193359375 0.07
native 9 223 f0cb14f6bd88f92c1d Rb rb_cubic A 55 170.0 0.0 1 0.9267578125 0.07
native 10 223 325762b374b76ed251 Rb rb_cubic A 55 180.0 0.0 1 0.966796875 0.07
native 11 223 a4c72c962e285c0225 Rb rb_cubic A 55 190.0 0.0 1 0.98388671875 0.08
native 12 223 929f282cda4343a961 Rb rb_cubic A 55 200.0 0.0 1 0.99658203125 0.08
native 13 223 1c14fab327228aa231 Rb rb_cubic A 55 210.0 0.0 1 0.998046875 0.1
native 14 223 fc409eec8566eb0cea Rb rb_cubic A 55 220.0 0.0 1 0.99755859375 0.08
native 15 223 d199ce6510884b06e3 Rb rb_cubic A 55 230.0 0.0 1 0.9990234375 0.09
native 16 223 470263973cd5158562 Rb rb_cubic A 55 240.0 0.0 1 1.0 0.09
native 17 223 e2aa6c6812688c33dd Rb rb_cubic A 55 250.0 0.0 1 1.0 0.09
native 18 223 58291354bddb9c6986 Rb rb_cubic A 55 260.0 0.0 1 1.0 0.09
native 19 223 3797b1fb71958e1267 Rb rb_cubic A 55 270.0 0.0 1 1.0 0.1
native 20 223 32b454bc61eb9070c4 Rb rb_cubic A 55 280.0 0.0 1 1.0 0.1
native 21 223 45436f2e15ec37aefa Rb rb_cubic A 55 290.0 0.0 1 1.0 0.1
native 22 223 9fde6bc80fcce725f0 Rb rb_cubic A 55 300.0 0.0 1 1.0 0.1
native 23 223 bf787e3ed69945d710 Rb rb_cubic A 55 310.0 0.0 1 1.0 0.1
native 24 223 8887f0a9f8701db972 Rb rb_cubic A 55 320.0 0.0 1 1.0 0.11
native 25 223 1653bf2b1b9b0ce87a Rb rb_cubic A 55 330.0 0.0 1 1.0 0.11
native 26 223 d13dbf3f42a7426530 Yb zero_jerk A 50 11.0 0.0 1 0.0 0.02
native 27 223 de60b593d66c5ceea1 Yb zero_jerk A 50 22.0 0.0 1 0.0 0.02
native 28 223 1fac8d3434bfc80eda Yb zero_jerk A 50 33.0 0.0 1 0.0 0.02
native 29 223 c2a16795e8a55c32ae Yb zero_jerk A 50 44.0 0.0 1 0.0 0.02
native 30 223 6dd300f643f98474a2 Yb zero_jerk A 50 55.0 0.0 1 0.0 0.02
native 31 223 d1da301e62cfe5c9f4 Yb zero_jerk A 50 66.0 0.0 1 0.0 0.03
native 32 223 be7a00b6a76a9af293 Yb zero_jerk A 50 77.0 0.0 1 0.0 0.03
native 33 223 508e1edb87f6155b40 Yb zero_jerk A 50 88.0 0.0 1 0.0 0.03
native 34 223 3abf8573fbe1f527fe Yb zero_jerk A 50 99.0 0.0 1 0.0 0.03
native 35 223 fe0def21831fd2d9ae Yb zero_jerk A 50 110.0 0.0 1 0.0 0.03
native 36 223 243415ab1d57177aae Yb zero_jerk A 50 121.0 0.0 1 0.0 0.03
native 37 223 249f007fab044065b6 Yb zero_jerk A 50 132.0 0.0 1 0.0 0.03
native 38 223 5d91e5cb6b232d1614 Yb zero_jerk A 50 143.0 0.0 1 0.0 0.04
native 39 223 2181a0a72b5ef02bb3 Yb zero_jerk A 50 154.0 0.0 1 0.0 0.04
native 40 223 4dab39209c8b3c98fb Yb zero_jerk A 50 165.0 0.0 1 0.0 0.04
native 41 223 6028c139ff1d0ccef5 Yb zero_jerk A 50 176.0 0.0 1 0.0 0.04
native 42 223 995350a9c4bc0ada5a Yb zero_jerk A 50 187.0 0.0 1 0.0 0.04
native 43 223 05f652220266af9a30 Yb zero_jerk A 50 198.0 0.0 1 0.02734375 0.04
native 44 223 4388ac33ffca050fa3 Yb zero_jerk A 50 209.0 0.0 1 0.171875 0.05
native 45 223 14f7db8f96d9f920e9 Yb zero_jerk A 50 220.0 0.0 1 0.4248046875 0.05
native 46 223 2c648a2fbdcd759d9c Yb zero_jerk A 50 231.0 0.0 1 0.6396484375 0.05
native 47 223 0f2a088f7e36fb9016 Yb zero_jerk A 50 242.0 0.0 1 0.8056640625 0.05
native 48 223 a1b1f5986f195d60ab Yb zero_jerk A 50 253.0 0.0 1 0.8896484375 0.05
native 49 223 b66f7136f9391abdaf Yb zero_jerk A 50 264.0 0.0 1 0.9453125 0.05
native 50 223 ab88f484c28c624af4 Yb zero_jerk A 50 275.0 0.0 1 0.974609375 0.05
native 51 223 c754f9d5b27a46c946 Yb zero_jerk A 50 286.0 0.0 1 0.984375 0.05
native 52 223 b3fba74e59175e9477 Yb zero_jerk A 50 297.0 0.0 1 0.9912109375 0.05
native 53 223 2e38fa96ce22324bce Yb zero_jerk A 50 308.0 0.0 1 0.9970703125 0.05
native 54 223 355ddb2d94c1c79c03 Yb zero_jerk A 50 319.0 0.0 1 0.9970703125 0.05
native 55 223 49dd2dda1ad32fe943 Yb zero_jerk A 50 330.0 0.0 1 1.0 0.05
native 56 223 ea75cae967ba993ca8 Yb zero_jerk A 50 341.0 0.0 1 1.0 0.06
native 57 223 4c9c03a2313b1d6da1 Yb zero_jerk A 50 363.0 0.0 1 1.0 0.06
native 58 223 f1362256316ac57225 Yb zero_jerk A 50 385.0 0.0 1 1.0 0.06
native 59 223 a7099fbccf1802176c Yb zero_jerk A 50 11.0 2.0 1 0.0 0.02
native 60 223 2e5810a8aa43ac3e59 Yb zero_jerk A 50 22.0 2.0 1 0.0 0.02
native 61 223 afc29adbac23744fb6 Yb zero_jerk A 50 33.0 2.0 1 0.0 0.02
native 62 223 54c9adaedadd215416 Yb zero_jerk A 50 44.0 2.0 1 0.0 0.02
native 63 223 0161eeedbb722cadf0 Yb zero_jerk A 50 55.0 2.0 1 0.0 0.02
native 64 223 e02fb0eab77c2a782f Yb zero_jerk A 50 66.0 2.0 1 0.0 0.02
native 65 223 c30d4d6d64ea8ea7d0 Yb zero_jerk A 50 77.0 2.0 1 0.0 0.03
native 66 223 55c693da4939eaff1d Yb zero_jerk A 50 88.0 2.0 1 0.0 0.03
native 67 223 ebd0cc9cbf3f9ee357 Yb zero_jerk A 50 99.0 2.0 1 0.0 0.03
native 68 223 ec7d6ecc26d76e78e7 Yb zero_jerk A 50 110.0 2.0 1 0.0 0.03
native 69 223 2df496eb931a47ebcf Yb zero_jerk A 50 121.0 2.0 1 0.0 0.03
native 70 223 83a71b4895e314b20e Yb zero_jerk A 50 132.0 2.0 1 0.0 0.03
native 71 223 13f3a4647ad458d57b Yb zero_jerk A 50 143.0 2.0 1 0.0 0.04
native 72 223 d7221958de342e4286 Yb zero_jerk A 50 154.0 2.0 1 0.0 0.04
native 73 223 cd903f0ebbd330c0d1 Yb zero_jerk A 50 165.0 2.0 1 0.0 0.04
native 74 223 f8390314517297a73b Yb zero_jerk A 50 176.0 2.0 1 0.0 0.04
native 75 223 c63140b2fa84796588 Yb zero_jerk A 50 187.0 2.0 1 0.0 0.04
native 76 223 b7a29d6b603ea8ad73 Yb zero_jerk A 50 198.0 2.0 1 0.0087890625 0.05
native 77 223 0e93d5a95d80b879d6 Yb zero_jerk A 50 209.0 2.0 1 0.0830078125 0.05
native 78 223 3862673879e2191d18 Yb zero_jerk A 50 220.0 2.0 1 0.193359375 0.05
native 79 223 a019b1a21effed2685 Yb zero_jerk A 50 231.0 2.0 1 0.39453125 0.05
native 80 223 2bd268b1857613f04c Yb zero_jerk A 50 242.0 2.0 1 0.6005859375 0.05
native 81 223 b8e0a75837fda63f56 Yb zero_jerk A 50 253.0 2.0 1 0.7265625 0.05
native 82 223 2ec4dc72444f12b529 Yb zero_jerk A 50 264.0 2.0 1 0.8154296875 0.05
native 83 223 ac4aab4983e813408b Yb zero_jerk A 50 275.0 2.0 1 0.8984375 0.05
native 84 223 852394610a6b6e7f3a Yb zero_jerk A 50 286.0 2.0 1 0.9365234375 0.05
native 85 223 295d9f663fa84d4f93 Yb zero_jerk A 50 297.0 2.0 1 0.9736328125 0.05
native 86 223 38bd0ed6fe62e53a52 Yb zero_jerk A 50 308.0 2.0 1 0.9873046875 0.05
native 87 223 1396c9eaf2c8c0c28e Yb zero_jerk A 50 319.0 2.0 1 0.9912109375 0.06
native 88 223 e3d0d55415ef0f66fb Yb zero_jerk A 50 330.0 2.0 1 0.9951171875 0.06
native 89 223 b0c88e6b8647c202ce Yb zero_jerk A 50 341.0 2.0 1 0.998046875 0.06
native 90 223 1deaf4be39971b6524 Yb zero_jerk A 50 363.0 2.0 1 1.0 0.06
native 91 223 54be17765a5c27af6d Yb zero_jerk A 50 385.0 2.0 1 1.0 0.06
native 92 223 8ec43aead0ab2f50f6 Yb zero_jerk A 50 11.0 5.0 1 0.0 0.02
native 93 223 c62d01d2791dcb038a Yb zero_jerk A 50 22.0 5.0 1 0.0 0.02
native 94 223 6653b6938120ab489e Yb zero_jerk A 50 33.0 5.0 1 0.0 0.02
native 95 223 d831a7b7d5d8010f17 Yb zero_jerk A 50 44.0 5.0 1 0.0 0.02
native 96 223 de864f001a29e05b4c Yb zero_jerk A 50 55.0 5.0 1 0.0 0.02
native 97 223 9091f62cd0bef4b683 Yb zero_jerk A 50 66.0 5.0 1 0.0 0.02
native 98 223 2c947ce4459bb86546 Yb zero_jerk A 50 77.0 5.0 1 0.0 0.03
native 99 223 9c091cdee0d249c67a Yb zero_jerk A 50 88.0 5.0 1 0.0 0.03
native 100 223 0cd44937c6371b290d Yb zero_jerk A 50 99.0 5.0 1 0.0 0.03
native 101 223 afc0a4f97bb091b9b7 Yb zero_jerk A 50 110.0 5.0 1 0.0 0.03
native 102 223 3640090c16a86b55cf Yb zero_jerk A 50 121.0 5.0 1 0.0 0.03
native 103 223 05a12e301946d2ec2b Yb zero_jerk A 50 132.0 5.0 1 0.0 0.03
native 104 223 a8370e3b913bc22da6 Yb zero_jerk A 50 143.0 5.0 1 0.0 0.04
native 105 223 93df0664e5e9931b3a Yb zero_jerk A 50 154.0 5.0 1 0.0 0.04
native 106 223 79d3d9db56c5d94f7d Yb zero_jerk A 50 165.0 5.0 1 0.0 0.04
native 107 223 d0149f2be67e7f90f1 Yb zero_jerk A 50 176.0 5.0 1 0.0 0.04
native 108 223 6296842ceaf88ce303 Yb zero_jerk A 50 187.0 5.0 1 0.0 0.04
native 109 223 06218eb22b505fe336 Yb zero_jerk A 50 198.0 5.0 1 0.0 0.04
native 110 223 03a74e5f990b9bcec4 Yb zero_jerk A 50 209.0 5.0 1 0.0 0.05
native 111 223 04465bf5fde5cd2b89 Yb zero_jerk A 50 220.0 5.0 1 0.0 0.05
native 112 223 fa0cc24f687147b219 Yb zero_jerk A 50 231.0 5.0 1 0.0 0.05
native 113 223 e44ecd3b54e0a3fd46 Yb zero_jerk A 50 242.0 5.0 1 0.0009765625 0.05
native 114 223 646998daa80852af37 Yb zero_jerk A 50 253.0 5.0 1 0.033203125 0.05
native 115 223 51c46ecf19f6fc3ae8 Yb zero_jerk A 50 264.0 5.0 1 0.1591796875 0.05
native 116 223 24673f0c6ad578301f Yb zero_jerk A 50 275.0 5.0 1 0.2861328125 0.05
native 117 223 17e397d730f3d7eabe Yb zero_jerk A 50 286.0 5.0 1 0.4462890625 0.05
native 118 223 377045db121465f2bc Yb zero_jerk A 50 297.0 5.0 1 0.494140625 0.05
native 119 223 a183438d0f1fddc70b Yb zero_jerk A 50 308.0 5.0 1 0.5361328125 0.05
native 120 223 33eb1cd4ab25afd86d Yb zero_jerk A 50 319.0 5.0 1 0.5849609375 0.06
native 121 223 b37351115ac38e3899 Yb zero_jerk A 50 330.0 5.0 1 0.64453125 0.06
native 122 223 e64376acf4cfc20ab7 Yb zero_jerk A 50 341.0 5.0 1 0.6923828125 0.06
native 123 223 32f469c384c30ad91e Yb zero_jerk A 50 363.0 5.0 1 0.828125 0.06
native 124 223 ba3644179b88585eac Yb zero_jerk A 50 385.0 5.0 1 0.9443359375 0.06
native 125 223 ad959d34cac316a81f Yb min_jerk A 50 11.0 0.0 1 0.0 0.02
native 126 223 3f53dfa042dc7fb2c1 Yb min_jerk A 50 22.0 0.0 1 0.0 0.02
native 127 223 d0b391d912e66a929c Yb min_jerk A 50 33.0 0.0 1 0.0 0.02
native 128 223 67ebc7329cbbc207e6 Yb min_jerk A 50 44.0 0.0 1 0.0 0.02
native 129 223 c88f5efec8073efd50 Yb min_jerk A 50 55.0 0.0 1 0.0 0.02
native 130 223 de944386fcfba70470 Yb min_jerk A 50 66.0 0.0 1 0.0 0.02
native 131 223 e13b79e5ab1872811c Yb min_jerk A 50 77.0 0.0 1 0.0 0.03
native 132 223 bb7f6f7d4e08db691f Yb min_jerk A 50 88.0 0.0 1 0.0 0.03
native 133 223 5566699d458203ed73 Yb min_jerk A 50 99.0 0.0 1 0.0 0.03
native 134 223 0348e8b9e0fb28da62 Yb min_jerk A 50 110.0 0.0 1 0.0 0.03
native 135 223 c9bd5a017c859c74ce Yb min_jerk A 50 121.0 0.0 1 0.0 0.03
native 136 223 1b61a371912dc17683 Yb min_jerk A 50 132.0 0.0 1 0.0 0.03
native 137 223 218ad9c95cd61ac89e Yb min_jerk A 50 143.0 0.0 1 0.0 0.03
native 138 223 88256c71953ab61b07 Yb min_jerk A 50 154.0 0.0 1 0.0 0.04
native 139 223 eab0b9bc1364cf7e19 Yb min_jerk A 50 165.0 0.0 1 0.0 0.04
native 140 223 fa01074b385221d635 Yb min_jerk A 50 176.0 0.0 1 0.0 0.04
native 141 223 ad500ced5d2188bf33 Yb min_jerk A 50 187.0 0.0 1 0.0 0.04
native 142 223 3a0bbf178c71759aa9 Yb min_jerk A 50 198.0 0.0 1 0.0068359375 0.05
native 143 223 a8120d33812c029ff3 Yb min_jerk A 50 209.0 0.0 1 0.1796875 0.05
native 144 223 999f6eba7add00cd44 Yb min_jerk A 50 220.0 0.0 1 0.5126953125 0.05
native 145 223 7c4c735b441af82550 Yb min_jerk A 50 231.0 0.0 1 0.76953125 0.05
native 146 223 690871b59332f80899 Yb min_jerk A 50 242.0 0.0 1 0.9033203125 0.05
native 147 223 d3cd070a139ea5a171 Yb min_jerk A 50 253.0 0.0 1 0.9599609375 0.05
native 148 223 d649b786e73a13e17d Yb min_jerk A 50 264.0 0.0 1 0.984375 0.05
native 149 223 edc31fba00837f2d89 Yb min_jerk A 50 275.0 0.0 1 0.994140625 0.05
native 150 223 6623f3c15d9842c210 Yb min_jerk A 50 286.0 0.0 1 0.9951171875 0.05
native 151 223 2c8f7dd343ddb8f618 Yb min_jerk A 50 297.0 0.0 1 0.99609375 0.05
native 152 223 803bdee7762d51014e Yb min_jerk A 50 308.0 0.0 1 0.998046875 0.05
native 153 223 a4c26d60bc8f1a020f Yb min_jerk A 50 319.0 0.0 1 0.9990234375 0.05
native 154 223 d48fd771cf03d37deb Yb min_jerk A 50 330.0 0.0 1 0.9990234375 0.05
native 155 223 2ed40a115e1ab807af Yb min_jerk A 50 341.0 0.0 1 0.9990234375 0.06
native 156 223 161d73101fdf53a4a8 Yb min_jerk A 50 363.0 0.0 1 1.0 0.06
native 157 223 cd4bcad2be4bb9cdb2 Yb min_jerk A 50 385.0 0.0 1 1.0 0.06
native 158 223 ed1d0d2c62664452b2 Yb min_jerk A 50 11.0 2.0 1 0.0 0.02
native 159 223 4f9c14da0ce75fbe38 Yb min_jerk A 50 22.0 2.0 1 0.0 0.02
native 160 223 2811cf33b6633eccbb Yb min_jerk A 50 33.0 2.0 1 0.0 0.02
native 161 223 bad931b570999abe2c Yb min_jerk A 50 44.0 2.0 1 0.0 0.02
native 162 223 d01dfdf96db06a05fa Yb min_jerk A 50 55.0 2.0 1 0.0 0.02
native 163 223 613171ce70ddd02018 Yb min_jerk A 50 66.0 2.0 1 0.0 0.02
native 164 223 01d343ca5d18cfd20c Yb min_jerk A 50 77.0 2.0 1 0.0 0.03
native 165 223 067ced39d5dc44031b Yb min_jerk A 50 88.0 2.0 1 0.0 0.03
native 166 223 5e512875ca2f76d8ea Yb min_jerk A 50 99.0 2.0 1 0.0 0.03
native 167 223 c2a1cedf3ddb6c7dfa Yb min_jerk A 50 110.0 2.0 1 0.0 0.03
native 168 223 0ac23d7e5114b845c8 Yb min_jerk A 50 121.0 2.0 1 0.0 0.03
native 169 223 ea1ef3cd5bc24a873a Yb min_jerk A 50 132.0 2.0 1 0.0 0.03
native 170 223 8d1daac4fb4ebe6b72 Yb min_jerk A 50 143.0 2.0 1 0.0 0.03
native 171 223 a4163bd1b9c7dd4e09 Yb min_jerk A 50 154.0 2.0 1 0.0 0.04
native 172 223 c03d1209c50b1b0dde Yb min_jerk A 50 165.0 2.0 1 0.0 0.04
native 173 223 6aecac2ebfb7d6c368 Yb min_jerk A 50 176.0 2.0 1 0.0 0.04
native 174 223 d1331684aa732c1485 Yb min_jerk A 50 187.0 2.0 1 0.0 0.04
native 175 223 e255add84e19284fc3 Yb min_jerk A 50 198.0 2.0 1 0.0 0.05
native 176 223 8bf74f83d0381f263b Yb min_jerk A 50 209.0 2.0 1 0.0 0.05
native 177 223 41642db3312d29ed49 Yb min_jerk A 50 220.0 2.0 1 0.033203125 0.05
native 178 223 59cdcf95bdf6ac642c Yb min_jerk A 50 231.0 2.0 1 0.1796875 0.05
native 179 223 94ffbc20216e139b70 Yb min_jerk A 50 242.0 2.0 1 0.3818359375 0.05
native 180 223 0296c69ee0883cd561 Yb min_jerk A 50 253.0 2.0 1 0.541015625 0.05
native 181 223 b8cf763d368e2e942a Yb min_jerk A 50 264.0 2.0 1 0.6875 0.05
native 182 223 0a5b0c725d06628078 Yb min_jerk A 50 275.0 2.0 1 0.802734375 0.05
native 183 223 a0387813587253304b Yb min_jerk A 50 286.0 2.0 1 0.8828125 0.05
native 184 223 89fc1e825f3496416c Yb min_jerk A 50 297.0 2.0 1 0.9345703125 0.05
native 185 223 77120c4a347fdc52bd Yb min_jerk A 50 308.0 2.0 1 0.966796875 0.05
native 186 223 07d02de683b8801605 Yb min_jerk A 50 319.0 2.0 1 0.974609375 0.05
native 187 223 bdd08ed20b20f89bb5 Yb min_jerk A 50 330.0 2.0 1 0.9873046875 0.05
native 188 223 3065255668f3145a9a Yb min_jerk A 50 341.0 2.0 1 0.9921875 0.06
native 189 223 1d2c74de6b0ccc5142 Yb min_jerk A 50 363.0 2.0 1 0.998046875 0.06
native 190 223 eb98aabe9bbd056330 Yb min_jerk A 50 385.0 2.0 1 0.9990234375 0.06
native 191 223 77ab1872178dca69b7 Yb min_jerk A 50 11.0 5.0 1 0.0 0.02
native 192 223 68ac6484a709574341 Yb min_jerk A 50 22.0 5.0 1 0.0 0.02
native 193 223 f0afe5dcac5d0ad672 Yb min_jerk A 50 33.0 5.0 1 0.0 0.02
native 194 223 9a9a8a5d3d12418d8b Yb min_jerk A 50 44.0 5.0 1 0.0 0.02
native 195 223 92def3512734ea9f7e Yb min_jerk A 50 55.0 5.0 1 0.0 0.02
native 196 223 7d29cd59e868cafb66 Yb min_jerk A 50 66.0 5.0 1 0.0 0.03
native 197 223 65e87b0ca6932abb76 Yb min_jerk A 50 77.0 5.0 1 0.0 0.03
native 198 223 9c160334b1c835b748 Yb min_jerk A 50 88.0 5.0 1 0.0 0.03
native 199 223 9c0079ab26ee9bb47b Yb min_jerk A 50 99.0 5.0 1 0.0 0.03
native 200 223 86635c9bdc0bd00689 Yb min_jerk A 50 110.0 5.0 1 0.0 0.03
native 201 223 9a90b2dcc4472c37f8 Yb min_jerk A 50 121.0 5.0 1 0.0 0.03
native 202 223 cd30e146cd40dfac7a Yb min_jerk A 50 132.0 5.0 1 0.0 0.04
native 203 223 0f67afe3c9375c1e86 Yb min_jerk A 50 143.0 5.0 1 0.0 0.03
native 204 223 d9d3ab72f318ba3745 Yb min_jerk A 50 154.0 5.0 1 0.0 0.04
native 205 223 c2b2720b618ed790e0 Yb min_jerk A 50 165.0 5.0 1 0.0 0.04
native 206 223 03cbf3a0c11f54b8e5 Yb min_jerk A 50 176.0 5.0 1 0.0 0.04
native 207 223 e2337847d00e47d3cf Yb min_jerk A 50 187.0 5.0 1 0.0 0.04
native 208 223 30f3aa3156f4aa3710 Yb min_jerk A 50 198.0 5.0 1 0.0 0.05
native 209 223 bf256583326a8f9b14 Yb min_jerk A 50 209.0 5.0 1 0.0 0.05
native 210 223 c135caffcd4426adff Yb min_jerk A 50 220.0 5.0 1 0.0 0.05
native 211 223 b232fb0d67ce90d869 Yb min_jerk A 50 231.0 5.0 1 0.0 0.05
native 212 223 4a862e64a6e2f56d5f Yb min_jerk A 50 242.0 5.0 1 0.0 0.05
native 213 223 2cf5dcece1fa2181e5 Yb min_jerk A 50 253.0 5.0 1 0.0 0.05
native 214 223 ee45cf4c64e0b28e33 Yb min_jerk A 50 264.0 5.0 1 0.0 0.05
native 215 223 af1feb5d6440a436dc Yb min_jerk A 50 275.0 5.0 1 0.0 0.05
native 216 223 6eb712fca588fb84bd Yb min_jerk A 50 286.0 5.0 1 0.0009765625 0.05
native 217 223 b64f635a6e82f036a0 Yb min_jerk A 50 297.0 5.0 1 0.0263671875 0.06
native 218 223 b46eb9399aa31ad735 Yb min_jerk A 50 308.0 5.0 1 0.150390625 0.06
native 219 223 16aada28ef71271e90 Yb min_jerk A 50 319.0 5.0 1 0.345703125 0.05
native 220 223 332275e8db22b624ee Yb min_jerk A 50 330.0 5.0 1 0.48828125 0.06
native 221 223 71990df1d9c75a7491 Yb min_jerk A 50 341.0 5.0 1 0.5673828125 0.06
native 222 223 6743ef105795084ea1 Yb min_jerk A 50 363.0 5.0 1 0.6767578125 0.06
native 223 223 ba51869dffc2d8c0d4 Yb min_jerk A 50 385.0 5.0 1 0.736328125 0.06
coarse 1 546 20fb0cdbef6808002e Cs rb_cubic A 270.0 100 0.0 1 0.0 0.01
coarse 2 546 6ccca033651d628981 Cs rb_cubic A 270.0 150 0.0 1 0.0 0.01
coarse 3 546 aeed3c8730ee5c1acc Cs rb_cubic A 270.0 200 0.0 1 0.0 0.01
coarse 4 546 389fe9fedc75dc0e86 Cs rb_cubic A 270.0 300 0.0 1 0.01171875 0.01
coarse 5 546 7868ac9f89af6e58c5 Cs rb_cubic A 270.0 400 0.0 1 0.841796875 0.02
coarse 6 546 d4b04343f98e5869c1 Cs rb_cubic A 270.0 600 0.0 1 0.998046875 0.02
coarse 7 546 02ed9ff58d1562f760 Cs rb_cubic A 270.0 800 0.0 1 0.998046875 0.03
coarse 8 546 01ca9fd1a09933af7c Cs rb_cubic A 270.0 1000 0.0 1 1.0 0.03
coarse 9 546 9069e61356db47718a Cs rb_cubic A 270.0 1200 0.0 1 1.0 0.04
coarse 10 546 b69e5807d19398951b Cs rb_cubic A 270.0 1600 0.0 1 1.0 0.05
coarse 11 546 c977996ca7162d6b82 Cs rb_cubic A 270.0 2200 0.0 1 1.0 0.07
coarse 12 546 744af18ae7708612f6 Cs rb_cubic A 270.0 3000 0.0 1 1.0 0.09
coarse 13 546 bd98fc39bb667a24b0 Cs rb_cubic A 270.0 4500 0.0 1 1.0 0.13
coarse 14 546 d702c87e85e27fcf36 Cs rb_cubic A 270.0 6000 0.0 1 1.0 0.17
coarse 15 546 90f0fec4ccb97c3f27 Cs rb_cubic A 270.0 100 2.0 1 0.0 0.01
coarse 16 546 b331fe36672849c160 Cs rb_cubic A 270.0 150 2.0 1 0.0 0.01
coarse 17 546 45ec100bb20ee0a545 Cs rb_cubic A 270.0 200 2.0 1 0.0 0.01
coarse 18 546 d7e462dd24024828f4 Cs rb_cubic A 270.0 300 2.0 1 0.0 0.02
coarse 19 546 c56a2c9a875fda528b Cs rb_cubic A 270.0 400 2.0 1 0.6875 0.02
coarse 20 546 81273c31ede27461c2 Cs rb_cubic A 270.0 600 2.0 1 0.998046875 0.02
coarse 21 546 7ef2a137c73b3cb77f Cs rb_cubic A 270.0 800 2.0 1 1.0 0.03
coarse 22 546 3ad08b0dcba3801b2f Cs rb_cubic A 270.0 1000 2.0 1 1.0 0.03
coarse 23 546 f90deb30d44319ac37 Cs rb_cubic A 270.0 1200 2.0 1 1.0 0.04
coarse 24 546 bf20776f1355dcd6d4 Cs rb_cubic A 270.0 1600 2.0 1 1.0 0.05
coarse 25 546 23a95e1229d66ee5ca Cs rb_cubic A 270.0 2200 2.0 1 1.0 0.07
coarse 26 546 ebc564f6b5c157c598 Cs rb_cubic A 270.0 3000 2.0 1 1.0 0.09
coarse 27 546 2daa4f6145ccc855c9 Cs rb_cubic A 270.0 4500 2.0 1 1.0 0.13
coarse 28 546 02b412c207c806ff48 Cs rb_cubic A 270.0 6000 2.0 1 1.0 0.17
coarse 29 546 c9e5b3da70b3245ca8 Cs rb_cubic A 270.0 100 5.0 1 0.0 0.01
coarse 30 546 1365aa9d742dbbad64 Cs rb_cubic A 270.0 150 5.0 1 0.0 0.01
coarse 31 546 ad49fd4c862808270c Cs rb_cubic A 270.0 200 5.0 1 0.0 0.01
coarse 32 546 f5fdfc5770a8c1a2c8 Cs rb_cubic A 270.0 300 5.0 1 0.0 0.02
coarse 33 546 c9159aaafc94bbc8fb Cs rb_cubic A 270.0 400 5.0 1 0.0 0.02
coarse 34 546 bece77ea6c5c2b36f4 Cs rb_cubic A 270.0 600 5.0 1 0.875 0.02
coarse 35 546 379b345666f00200fb Cs rb_cubic A 270.0 800 5.0 1 1.0 0.03
coarse 36 546 f9f0927bcea909d78f Cs rb_cubic A 270.0 1000 5.0 1 1.0 0.03
coarse 37 546 5a3b46a0d4473e63f1 Cs rb_cubic A 270.0 1200 5.0 1 1.0 0.04
coarse 38 546 d52568d2bd8480a0d0 Cs rb_cubic A 270.0 1600 5.0 1 1.0 0.05
coarse 39 546 6dcb47483bf9582b9c Cs rb_cubic A 270.0 2200 5.0 1 1.0 0.07
coarse 40 546 b16ad155e9de7222eb Cs rb_cubic A 270.0 3000 5.0 1 1.0 0.09
coarse 41 546 28df07505096c82f9a Cs rb_cubic A 270.0 4500 5.0 1 1.0 0.13
coarse 42 546 bff53f5bb71ec570a5 Cs rb_cubic A 270.0 6000 5.0 1 1.0 0.17
coarse 43 546 7c723a2a500e11709a Cs zero_jerk A 270.0 100 0.0 1 0.0 0.01
coarse 44 546 7e0377793c7703c906 Cs zero_jerk A 270.0 150 0.0 1 0.0 0.01
coarse 45 546 b26e9788cfa61a434c Cs zero_jerk A 270.0 200 0.0 1 0.0 0.01
coarse 46 546 987d917942557ec743 Cs zero_jerk A 270.0 300 0.0 1 0.10546875 0.02
coarse 47 546 66e23ab8da74543399 Cs zero_jerk A 270.0 400 0.0 1 0.93359375 0.02
coarse 48 546 4a7bac019b07268d67 Cs zero_jerk A 270.0 600 0.0 1 0.998046875 0.02
coarse 49 546 723374e41951a61db5 Cs zero_jerk A 270.0 800 0.0 1 0.998046875 0.03
coarse 50 546 97a54f1f0ca88aad00 Cs zero_jerk A 270.0 1000 0.0 1 1.0 0.03
coarse 51 546 ab668480ea7d92953b Cs zero_jerk A 270.0 1200 0.0 1 1.0 0.04
coarse 52 546 a3c981d6f48a24801b Cs zero_jerk A 270.0 1600 0.0 1 1.0 0.05
coarse 53 546 e8719cb103d544b629 Cs zero_jerk A 270.0 2200 0.0 1 1.0 0.07
coarse 54 546 35ed80ef9a7a4b8b07 Cs zero_jerk A 270.0 3000 0.0 1 1.0 0.09
coarse 55 546 2711d50a3e6363a0b0 Cs zero_jerk A 270.0 4500 0.0 1 1.0 0.13
coarse 56 546 5fadd31e59b03db39a Cs zero_jerk A 270.0 6000 0.0 1 1.0 0.17
coarse 57 546 13755efda29528c849 Cs zero_jerk A 270.0 100 2.0 1 0.0 0.01
coarse 58 546 f727d027c3bf8d781d Cs zero_jerk A 270.0 150 2.0 1 0.0 0.01
coarse 59 546 ad6538841b5c8223bd Cs zero_jerk A 270.0 200 2.0 1 0.0 0.01
coarse 60 546 fd02a9cea04bd85728 Cs zero_jerk A 270.0 300 2.0 1 0.0 0.02
coarse 61 546 15ea9ff6d463238e67 Cs zero_jerk A 270.0 400 2.0 1 0.728515625 0.02
coarse 62 546 e8867562268c68f95f Cs zero_jerk A 270.0 600 2.0 1 0.998046875 0.02
coarse 63 546 565eed7b176e294714 Cs zero_jerk A 270.0 800 2.0 1 1.0 0.03
coarse 64 546 7813728a53f226c026 Cs zero_jerk A 270.0 1000 2.0 1 1.0 0.03
coarse 65 546 201fdbb6a3ae9fe2d9 Cs zero_jerk A 270.0 1200 2.0 1 1.0 0.04
coarse 66 546 848a842c31f48155aa Cs zero_jerk A 270.0 1600 2.0 1 1.0 0.05
coarse 67 546 c22846b75ec2120327 Cs zero_jerk A 270.0 2200 2.0 1 1.0 0.07
coarse 68 546 282324954a6cc83ce2 Cs zero_jerk A 270.0 3000 2.0 1 1.0 0.09
coarse 69 546 31ab4df2e5990adcba Cs zero_jerk A 270.0 4500 2.0 1 1.0 0.13
coarse 70 546 1101df30ed523232e1 Cs zero_jerk A 270.0 6000 2.0 1 1.0 0.17
coarse 71 546 408960276650909c35 Cs zero_jerk A 270.0 100 5.0 1 0.0 0.01
coarse 72 546 e3b910ce25f7f99d00 Cs zero_jerk A 270.0 150 5.0 1 0.0 0.01
coarse 73 546 ed8fffb9e72858bccb Cs zero_jerk A 270.0 200 5.0 1 0.0 0.01
coarse 74 546 d068efb6a222e3193a Cs zero_jerk A 270.0 300 5.0 1 0.0 0.02
coarse 75 546 ba60e2a6493fe1252c Cs zero_jerk A 270.0 400 5.0 1 0.0 0.02
coarse 76 546 70046997778cb0c37c Cs zero_jerk A 270.0 600 5.0 1 0.697265625 0.02
coarse 77 546 a8ac8bf025c7541823 Cs zero_jerk A 270.0 800 5.0 1 1.0 0.03
coarse 78 546 29d0d0005b86aa392a Cs zero_jerk A 270.0 1000 5.0 1 1.0 0.03
coarse 79 546 8a49e491b3f4153827 Cs zero_jerk A 270.0 1200 5.0 1 1.0 0.04
coarse 80 546 4355b80ef12d521ccf Cs zero_jerk A 270.0 1600 5.0 1 1.0 0.05
coarse 81 546 cdea5d63e0e4981b82 Cs zero_jerk A 270.0 2200 5.0 1 1.0 0.07
coarse 82 546 c4dd70c448b4ebb376 Cs zero_jerk A 270.0 3000 5.0 1 1.0 0.09
coarse 83 546 e0844f8d4bedb9a669 Cs zero_jerk A 270.0 4500 5.0 1 1.0 0.13
coarse 84 546 eebd1932d37e04e0ef Cs zero_jerk A 270.0 6000 5.0 1 1.0 0.17
coarse 85 546 6c662ed037eb1f1aac Cs min_jerk A 270.0 100 0.0 1 0.0 0.01
coarse 86 546 87c3326a116ce16a0a Cs min_jerk A 270.0 150 0.0 1 0.0 0.01
coarse 87 546 6240bba7e22b90eedb Cs min_jerk A 270.0 200 0.0 1 0.0 0.01
coarse 88 546 88190d6674c0371a52 Cs min_jerk A 270.0 300 0.0 1 0.09765625 0.02
coarse 89 546 1cdf45b8af959652ed Cs min_jerk A 270.0 400 0.0 1 0.96484375 0.02
coarse 90 546 fdb15ac207d90302dd Cs min_jerk A 270.0 600 0.0 1 0.998046875 0.02
coarse 91 546 d9f63e45cd6eaed3bf Cs min_jerk A 270.0 800 0.0 1 1.0 0.03
coarse 92 546 e5027f77e1d1ca54d4 Cs min_jerk A 270.0 1000 0.0 1 1.0 0.03
coarse 93 546 e8569fda0c18fe0745 Cs min_jerk A 270.0 1200 0.0 1 1.0 0.04
coarse 94 546 63a01eaac2fc3a7868 Cs min_jerk A 270.0 1600 0.0 1 1.0 0.05
coarse 95 546 435f94b2779cf3d3cc Cs min_jerk A 270.0 2200 0.0 1 1.0 0.07
coarse 96 546 8ba1a84f975a6286ef Cs min_jerk A 270.0 3000 0.0 1 1.0 0.09
coarse 97 546 fecd51aefa258d647a Cs min_jerk A 270.0 4500 0.0 1 1.0 0.13
coarse 98 546 8df888ef151025106d Cs min_jerk A 270.0 6000 0.0 1 1.0 0.17
coarse 99 546 e167f66888642829b3 Cs min_jerk A 270.0 100 2.0 1 0.0 0.01
coarse 100 546 066920bf240c05f0df Cs min_jerk A 270.0 150 2.0 1 0.0 0.01
coarse 101 546 e3aca8643bdbc78a3c Cs min_jerk A 270.0 200 2.0 1 0.0 0.01
coarse 102 546 7f8abfdb3507b16ff8 Cs min_jerk A 270.0 300 2.0 1 0.0 0.02
coarse 103 546 8ab2d11cc334316861 Cs min_jerk A 270.0 400 2.0 1 0.02734375 0.02
coarse 104 546 39c977b6e373190b54 Cs min_jerk A 270.0 600 2.0 1 0.998046875 0.02
coarse 105 546 a6d407510886c81224 Cs min_jerk A 270.0 800 2.0 1 0.998046875 0.03
coarse 106 546 dba71065bd5cb87647 Cs min_jerk A 270.0 1000 2.0 1 1.0 0.04
coarse 107 546 baba21efb9abc5ae44 Cs min_jerk A 270.0 1200 2.0 1 1.0 0.04
coarse 108 546 764949b789834dd85f Cs min_jerk A 270.0 1600 2.0 1 1.0 0.05
coarse 109 546 7a35eb2a30fe09c315 Cs min_jerk A 270.0 2200 2.0 1 1.0 0.07
coarse 110 546 272dac8d5f1572fc1a Cs min_jerk A 270.0 3000 2.0 1 1.0 0.09
coarse 111 546 9d77632d01004f0655 Cs min_jerk A 270.0 4500 2.0 1 1.0 0.13
coarse 112 546 f79beb41d6fd3fbe61 Cs min_jerk A 270.0 6000 2.0 1 1.0 0.17
coarse 113 546 abe6d2ca3df51fa8aa Cs min_jerk A 270.0 100 5.0 1 0.0 0.01
coarse 114 546 389a149cf08ad8abd9 Cs min_jerk A 270.0 150 5.0 1 0.0 0.01
coarse 115 546 59e26284d4c285d5e2 Cs min_jerk A 270.0 200 5.0 1 0.0 0.01
coarse 116 546 6a4af07b9c858c5615 Cs min_jerk A 270.0 300 5.0 1 0.0 0.02
coarse 117 546 00bdf1ac7c6c869006 Cs min_jerk A 270.0 400 5.0 1 0.0 0.02
coarse 118 546 06e68ccc75f7b36597 Cs min_jerk A 270.0 600 5.0 1 0.013671875 0.02
coarse 119 546 0e18fb7cd932a9f496 Cs min_jerk A 270.0 800 5.0 1 0.994140625 0.03
coarse 120 546 044e8babb2e51d9e8a Cs min_jerk A 270.0 1000 5.0 1 0.998046875 0.03
coarse 121 546 d590de27830a072a7e Cs min_jerk A 270.0 1200 5.0 1 1.0 0.04
coarse 122 546 9c490f283ef0fbaf19 Cs min_jerk A 270.0 1600 5.0 1 1.0 0.05
coarse 123 546 b1673b61265f3482db Cs min_jerk A 270.0 2200 5.0 1 1.0 0.07
coarse 124 546 c57d1f9d063d6c6ea4 Cs min_jerk A 270.0 3000 5.0 1 1.0 0.09
coarse 125 546 20220d2eee4c2a1f4c Cs min_jerk A 270.0 4500 5.0 1 1.0 0.13
coarse 126 546 16dc9dab5e4d7d4265 Cs min_jerk A 270.0 6000 5.0 1 1.0 0.17
coarse 127 546 0526327cf730bd51d5 Cs rb_cubic A 510.0 100 0.0 1 0.0 0.01
coarse 128 546 6dba85150dcc215797 Cs rb_cubic A 510.0 150 0.0 1 0.0 0.01
coarse 129 546 a437f81271b658ba96 Cs rb_cubic A 510.0 200 0.0 1 0.0 0.01
coarse 130 546 8f3ce9c75583a69294 Cs rb_cubic A 510.0 300 0.0 1 0.0 0.01
coarse 131 546 73ec90d54f1ddc4b9d Cs rb_cubic A 510.0 400 0.0 1 0.0 0.02
coarse 132 546 85feb95a29670b222a Cs rb_cubic A 510.0 600 0.0 1 0.9453125 0.02
coarse 133 546 6e856cddc1806e4030 Cs rb_cubic A 510.0 800 0.0 1 0.998046875 0.03
coarse 134 546 a07c91fa704632df31 Cs rb_cubic A 510.0 1000 0.0 1 0.998046875 0.03
coarse 135 546 d7efe092b29c39bda0 Cs rb_cubic A 510.0 1200 0.0 1 0.998046875 0.04
coarse 136 546 be4710eeadf41ff0e1 Cs rb_cubic A 510.0 1600 0.0 1 1.0 0.05
coarse 137 546 ae3ed06ae6d21fc685 Cs rb_cubic A 510.0 2200 0.0 1 1.0 0.07
coarse 138 546 58c29880baf4a816e5 Cs rb_cubic A 510.0 3000 0.0 1 1.0 0.09
coarse 139 546 e55ce0fee1f740fb96 Cs rb_cubic A 510.0 4500 0.0 1 1.0 0.13
coarse 140 546 9f8d3b844cd435d0d0 Cs rb_cubic A 510.0 6000 0.0 1 1.0 0.17
coarse 141 546 5c51148b88d1660f1a Cs rb_cubic A 510.0 100 2.0 1 0.0 0.01
coarse 142 546 5501fcf60fe771ace5 Cs rb_cubic A 510.0 150 2.0 1 0.0 0.01
coarse 143 546 72a912047e4095064b Cs rb_cubic A 510.0 200 2.0 1 0.0 0.01
coarse 144 546 c17eb15104331a3b4d Cs rb_cubic A 510.0 300 2.0 1 0.0 0.02
coarse 145 546 d93d103287004e90fc Cs rb_cubic A 510.0 400 2.0 1 0.0 0.02
coarse 146 546 f0e7e5f553d2a1f1f5 Cs rb_cubic A 510.0 600 2.0 1 0.728515625 0.02
coarse 147 546 1cc09f60d388b80832 Cs rb_cubic A 510.0 800 2.0 1 0.998046875 0.03
coarse 148 546 8e1ad9b0d6d4a1d19e Cs rb_cubic A 510.0 1000 2.0 1 0.998046875 0.04
coarse 149 546 83966802ba1b751cf5 Cs rb_cubic A 510.0 1200 2.0 1 1.0 0.04
coarse 150 546 235955d4ba9159cfc1 Cs rb_cubic A 510.0 1600 2.0 1 1.0 0.05
coarse 151 546 8ac1949c08e5186ac1 Cs rb_cubic A 510.0 2200 2.0 1 1.0 0.07
coarse 152 546 c71824796a880d503f Cs rb_cubic A 510.0 3000 2.0 1 1.0 0.09
coarse 153 546 36d6c8bfed2282830b Cs rb_cubic A 510.0 4500 2.0 1 1.0 0.13
coarse 154 546 4e9e3aff20d7f24a08 Cs rb_cubic A 510.0 6000 2.0 1 1.0 0.17
coarse 155 546 21a10cdf373042dfd5 Cs rb_cubic A 510.0 100 5.0 1 0.0 0.01
coarse 156 546 3b5f3aff8bee059757 Cs rb_cubic A 510.0 150 5.0 1 0.0 0.01
coarse 157 546 ecde6dedc0efe686e2 Cs rb_cubic A 510.0 200 5.0 1 0.0 0.01
coarse 158 546 cf1ac2822221198b49 Cs rb_cubic A 510.0 300 5.0 1 0.0 0.02
coarse 159 546 89b4dcc6f9194a5197 Cs rb_cubic A 510.0 400 5.0 1 0.0 0.02
coarse 160 546 788f235e0406741306 Cs rb_cubic A 510.0 600 5.0 1 0.0 0.02
coarse 161 546 41653c3ed7c4483ef1 Cs rb_cubic A 510.0 800 5.0 1 0.28125 0.03
coarse 162 546 b8c7060748212bb183 Cs rb_cubic A 510.0 1000 5.0 1 0.982421875 0.03
coarse 163 546 640e4d8af5814ec5e6 Cs rb_cubic A 510.0 1200 5.0 1 1.0 0.04
coarse 164 546 d4da6324d74e314181 Cs rb_cubic A 510.0 1600 5.0 1 1.0 0.05
coarse 165 546 fa11b0764467d614b4 Cs rb_cubic A 510.0 2200 5.0 1 1.0 0.07
coarse 166 546 150d438127e6269fd1 Cs rb_cubic A 510.0 3000 5.0 1 1.0 0.09
coarse 167 546 edb4ae42098de5ffe1 Cs rb_cubic A 510.0 4500 5.0 1 1.0 0.13
coarse 168 546 09676a2db217683a93 Cs rb_cubic A 510.0 6000 5.0 1 1.0 0.17
coarse 169 546 24505143e9b1d14cdf Cs zero_jerk A 510.0 100 0.0 1 0.0 0.01
coarse 170 546 13ec887f04a533eba9 Cs zero_jerk A 510.0 150 0.0 1 0.0 0.01
coarse 171 546 353518edd85edfd779 Cs zero_jerk A 510.0 200 0.0 1 0.0 0.01
coarse 172 546 d0536cfd6b8178b3f8 Cs zero_jerk A 510.0 300 0.0 1 0.0 0.01
coarse 173 546 e12c0f72c8da32fb49 Cs zero_jerk A 510.0 400 0.0 1 0.03125 0.02
coarse 174 546 793cb296a1fd4bafc4 Cs zero_jerk A 510.0 600 0.0 1 0.96484375 0.03
coarse 175 546 ec4ac65fe67aa4e1ac Cs zero_jerk A 510.0 800 0.0 1 0.998046875 0.03
coarse 176 546 11585c106a1a5a3556 Cs zero_jerk A 510.0 1000 0.0 1 0.998046875 0.04
coarse 177 546 4b7d3985fee6d547ba Cs zero_jerk A 510.0 1200 0.0 1 0.998046875 0.04
coarse 178 546 d8adec0a365fb931bf Cs zero_jerk A 510.0 1600 0.0 1 1.0 0.05
coarse 179 546 6a7da600084b6b584d Cs zero_jerk A 510.0 2200 0.0 1 1.0 0.07
coarse 180 546 703dcc2b8cd0e4153b Cs zero_jerk A 510.0 3000 0.0 1 1.0 0.09
coarse 181 546 25bf22217a2c36c496 Cs zero_jerk A 510.0 4500 0.0 1 1.0 0.13
coarse 182 546 bb1a78c9768a2be4ae Cs zero_jerk A 510.0 6000 0.0 1 1.0 0.17
coarse 183 546 d0147585625d847a45 Cs zero_jerk A 510.0 100 2.0 1 0.0 0.01
coarse 184 546 82ddb698b451a3961e Cs zero_jerk A 510.0 150 2.0 1 0.0 0.01
coarse 185 546 01da6bd38f3c8794f2 Cs zero_jerk A 510.0 200 2.0 1 0.0 0.01
coarse 186 546 053a92e386a3677c2d Cs zero_jerk A 510.0 300 2.0 1 0.0 0.02
coarse 187 546 485b60145961b767d6 Cs zero_jerk A 510.0 400 2.0 1 0.0 0.02
coarse 188 546 00d4506a4dd4967059 Cs zero_jerk A 510.0 600 2.0 1 0.6328125 0.02
coarse 189 546 04c1d66bbe8411fe8e Cs zero_jerk A 510.0 800 2.0 1 0.998046875 0.03
coarse 190 546 403a7e8b7bfbc63b07 Cs zero_jerk A 510.0 1000 2.0 1 0.998046875 0.03
coarse 191 546 ac54d9f9c0e827c6b8 Cs zero_jerk A 510.0 1200 2.0 1 1.0 0.04
coarse 192 546 5992f9910c3ea0ad9e Cs zero_jerk A 510.0 1600 2.0 1 1.0 0.05
coarse 193 546 6cb2e3d280e9e8776f Cs zero_jerk A 510.0 2200 2.0 1 1.0 0.07
coarse 194 546 3e08c983b06b9b361d Cs zero_jerk A 510.0 3000 2.0 1 1.0 0.09
coarse 195 546 c8ce4eaa5bf479c9ed Cs zero_jerk A 510.0 4500 2.0 1 1.0 0.13
coarse 196 546 e4fef1c16e2cd82f7e Cs zero_jerk A 510.0 6000 2.0 1 1.0 0.17
coarse 197 546 d8e328080df57ac225 Cs zero_jerk A 510.0 100 5.0 1 0.0 0.01
coarse 198 546 a09941c1bf83b99cad Cs zero_jerk A 510.0 150 5.0 1 0.0 0.01
coarse 199 546 8bf5018bf76ff48972 Cs zero_jerk A 510.0 200 5.0 1 0.0 0.01
coarse 200 546 5ed68b029b9006394d Cs zero_jerk A 510.0 300 5.0 1 0.0 0.02
coarse 201 546 ec7a9a41b1e163db18 Cs zero_jerk A 510.0 400 5.0 1 0.0 0.02
coarse 202 546 b3e3174d2b8d172762 Cs zero_jerk A 510.0 600 5.0 1 0.0 0.02
coarse 203 546 3cd06917bb9f57d453 Cs zero_jerk A 510.0 800 5.0 1 0.1640625 0.03
coarse 204 546 11e880a78c498ab3e7 Cs zero_jerk A 510.0 1000 5.0 1 0.916015625 0.03
coarse 205 546 901e3399eac1dcc2e7 Cs zero_jerk A 510.0 1200 5.0 1 1.0 0.04
coarse 206 546 15308e9898cfe97893 Cs zero_jerk A 510.0 1600 5.0 1 1.0 0.05
coarse 207 546 ea7404b35e6ad57dbb Cs zero_jerk A 510.0 2200 5.0 1 1.0 0.07
coarse 208 546 c97aaa0bfcbb505ab6 Cs zero_jerk A 510.0 3000 5.0 1 1.0 0.09
coarse 209 546 020db33f92333efbb8 Cs zero_jerk A 510.0 4500 5.0 1 1.0 0.13
coarse 210 546 42445542c71bb2a22f Cs zero_jerk A 510.0 6000 5.0 1 1.0 0.17
coarse 211 546 84b06cb3cd2c4050cc Cs min_jerk A 510.0 100 0.0 1 0.0 0.01
coarse 212 546 1a3e51f59fd9a3461a Cs min_jerk A 510.0 150 0.0 1 0.0 0.01
coarse 213 546 cb21084f35f723ee3d Cs min_jerk A 510.0 200 0.0 1 0.0 0.01
coarse 214 546 74d17490c60748775f Cs min_jerk A 510.0 300 0.0 1 0.0 0.02
coarse 215 546 86c97667b0b073684a Cs min_jerk A 510.0 400 0.0 1 0.009765625 0.02
coarse 216 546 a32f6d0a7276ffbf31 Cs min_jerk A 510.0 600 0.0 1 0.98828125 0.02
coarse 217 546 1e95fa8bee7c8ba683 Cs min_jerk A 510.0 800 0.0 1 0.998046875 0.03
coarse 218 546 7806da4daf5fd2741d Cs min_jerk A 510.0 1000 0.0 1 0.998046875 0.03
coarse 219 546 85e8ce4b987c8f9ec7 Cs min_jerk A 510.0 1200 0.0 1 1.0 0.04
coarse 220 546 ddbf9241893651227b Cs min_jerk A 510.0 1600 0.0 1 1.0 0.05
coarse 221 546 a569caaa57e7b99427 Cs min_jerk A 510.0 2200 0.0 1 1.0 0.07
coarse 222 546 6f9a5ef7ac04f29f6a Cs min_jerk A 510.0 3000 0.0 1 1.0 0.09
coarse 223 546 3f4b758d5f170e2088 Cs min_jerk A 510.0 4500 0.0 1 1.0 0.13
coarse 224 546 b34ce28f698f11e398 Cs min_jerk A 510.0 6000 0.0 1 1.0 0.18
coarse 225 546 c3d12d1feb8836e8ac Cs min_jerk A 510.0 100 2.0 1 0.0 0.01
coarse 226 546 ff60f806a6c73f3d1e Cs min_jerk A 510.0 150 2.0 1 0.0 0.01
coarse 227 546 8cd173cf34a6da8f89 Cs min_jerk A 510.0 200 2.0 1 0.0 0.01
coarse 228 546 886b2eea0effa711df Cs min_jerk A 510.0 300 2.0 1 0.0 0.01
coarse 229 546 c298b0f36e4cf90709 Cs min_jerk A 510.0 400 2.0 1 0.0 0.02
coarse 230 546 4099d57ca336cbf184 Cs min_jerk A 510.0 600 2.0 1 0.00390625 0.02
coarse 231 546 820ed024c0210dde97 Cs min_jerk A 510.0 800 2.0 1 0.98046875 0.03
coarse 232 546 4daf3e834b2a543d14 Cs min_jerk A 510.0 1000 2.0 1 0.998046875 0.03
coarse 233 546 ba74fb58124e781d74 Cs min_jerk A 510.0 1200 2.0 1 0.998046875 0.04
coarse 234 546 4a52c74000d993d1a8 Cs min_jerk A 510.0 1600 2.0 1 1.0 0.05
coarse 235 546 cf89dabcce644d8963 Cs min_jerk A 510.0 2200 2.0 1 1.0 0.07
coarse 236 546 659ccd222e22b24814 Cs min_jerk A 510.0 3000 2.0 1 1.0 0.09
coarse 237 546 d451785dc767d91b70 Cs min_jerk A 510.0 4500 2.0 1 1.0 0.13
coarse 238 546 f12ec18df8f27bf843 Cs min_jerk A 510.0 6000 2.0 1 1.0 0.18
coarse 239 546 70032cab2c6ec603de Cs min_jerk A 510.0 100 5.0 1 0.0 0.01
coarse 240 546 f1fc41e62ab4c78f62 Cs min_jerk A 510.0 150 5.0 1 0.0 0.01
coarse 241 546 3d6abc2a9bcfc290d5 Cs min_jerk A 510.0 200 5.0 1 0.0 0.01
coarse 242 546 b5bfee10b54f2830c4 Cs min_jerk A 510.0 300 5.0 1 0.0 0.02
coarse 243 546 e9861c8d7f40e26493 Cs min_jerk A 510.0 400 5.0 1 0.0 0.02
coarse 244 546 04e9cf2cbf5740b64b Cs min_jerk A 510.0 600 5.0 1 0.0 0.02
coarse 245 546 cccf772e133f6ca097 Cs min_jerk A 510.0 800 5.0 1 0.0 0.03
coarse 246 546 dda6e6fcbe97ee10f2 Cs min_jerk A 510.0 1000 5.0 1 0.08203125 0.04
coarse 247 546 110d28c35641145db3 Cs min_jerk A 510.0 1200 5.0 1 0.8984375 0.04
coarse 248 546 b13bb11b479b089c23 Cs min_jerk A 510.0 1600 5.0 1 1.0 0.05
coarse 249 546 fd4dd1ab66b7ade40b Cs min_jerk A 510.0 2200 5.0 1 1.0 0.07
coarse 250 546 cf0edc02df351b4393 Cs min_jerk A 510.0 3000 5.0 1 1.0 0.09
coarse 251 546 aa5d1117b3cf0156d6 Cs min_jerk A 510.0 4500 5.0 1 1.0 0.13
coarse 252 546 238afe579731a16533 Cs min_jerk A 510.0 6000 5.0 1 1.0 0.17
coarse 253 546 bcc59aeb53d3e4cd64 Cs rb_cubic A 610.0 100 0.0 1 0.0 0.01
coarse 254 546 4d2872646113fbaac3 Cs rb_cubic A 610.0 150 0.0 1 0.0 0.01
coarse 255 546 084568100e7753aeeb Cs rb_cubic A 610.0 200 0.0 1 0.0 0.01
coarse 256 546 355c7f6475ee2b0409 Cs rb_cubic A 610.0 300 0.0 1 0.0 0.02
coarse 257 546 bd4dbee3767b3db9b0 Cs rb_cubic A 610.0 400 0.0 1 0.0 0.02
coarse 258 546 531cd1804032ccf148 Cs rb_cubic A 610.0 600 0.0 1 0.80859375 0.02
coarse 259 546 aefd71e465a1d5824f Cs rb_cubic A 610.0 800 0.0 1 0.994140625 0.03
coarse 260 546 373fbfc63ec373eae9 Cs rb_cubic A 610.0 1000 0.0 1 0.998046875 0.03
coarse 261 546 0268929fb8f6b92ac7 Cs rb_cubic A 610.0 1200 0.0 1 0.998046875 0.04
coarse 262 546 010e0bb30971dd8464 Cs rb_cubic A 610.0 1600 0.0 1 1.0 0.05
coarse 263 546 710be71a88ae3ef5e0 Cs rb_cubic A 610.0 2200 0.0 1 1.0 0.07
coarse 264 546 4fb18b6fa991f00a01 Cs rb_cubic A 610.0 3000 0.0 1 1.0 0.09
coarse 265 546 de9481ba89d193fd5e Cs rb_cubic A 610.0 4500 0.0 1 1.0 0.13
coarse 266 546 b4696d02bdd95c15e0 Cs rb_cubic A 610.0 6000 0.0 1 1.0 0.17
coarse 267 546 a35c4aa02fb73ebbaa Cs rb_cubic A 610.0 100 2.0 1 0.0 0.01
coarse 268 546 b952710d3e8e8bfdf6 Cs rb_cubic A 610.0 150 2.0 1 0.0 0.01
coarse 269 546 b91399b43cf3a15b3f Cs rb_cubic A 610.0 200 2.0 1 0.0 0.01
coarse 270 546 533d18b567b4b47cad Cs rb_cubic A 610.0 300 2.0 1 0.0 0.02
coarse 271 546 2a7802dab6d0dbe27c Cs rb_cubic A 610.0 400 2.0 1 0.0 0.02
coarse 272 546 10b4bd19148fcc0b9e Cs rb_cubic A 610.0 600 2.0 1 0.06640625 0.02
coarse 273 546 527796e80a6ec353f0 Cs rb_cubic A 610.0 800 2.0 1 0.98046875 0.03
coarse 274 546 c0b0e4f2a95560f780 Cs rb_cubic A 610.0 1000 2.0 1 0.998046875 0.03
coarse 275 546 17111b2d85daea5e3a Cs rb_cubic A 610.0 1200 2.0 1 1.0 0.04
coarse 276 546 12d9c9b518738bb3d7 Cs rb_cubic A 610.0 1600 2.0 1 1.0 0.05
coarse 277 546 f11cde1805d303dcf1 Cs rb_cubic A 610.0 2200 2.0 1 1.0 0.07
coarse 278 546 87dac8acbe871ea726 Cs rb_cubic A 610.0 3000 2.0 1 1.0 0.09
coarse 279 546 52b2cef43f8c72e572 Cs rb_cubic A 610.0 4500 2.0 1 1.0 0.13
coarse 280 546 49524bb58903fe2f5a Cs rb_cubic A 610.0 6000 2.0 1 1.0 0.17
coarse 281 546 d16822b33031ed6e33 Cs rb_cubic A 610.0 100 5.0 1 0.0 0.01
coarse 282 546 a21422b176bfe3a34d Cs rb_cubic A 610.0 150 5.0 1 0.0 0.01
coarse 283 546 69ad44abee179c5536 Cs rb_cubic A 610.0 200 5.0 1 0.0 0.01
coarse 284 546 ca687df8d2a1222ab7 Cs rb_cubic A 610.0 300 5.0 1 0.0 0.02
coarse 285 546 fe8fb236f78072f964 Cs rb_cubic A 610.0 400 5.0 1 0.0 0.02
coarse 286 546 a160dc5b022b8057ab Cs rb_cubic A 610.0 600 5.0 1 0.0 0.02
coarse 287 546 94f62d87aae9ae266e Cs rb_cubic A 610.0 800 5.0 1 0.013671875 0.03
coarse 288 546 95a3a87a7002f7491d Cs rb_cubic A 610.0 1000 5.0 1 0.70703125 0.03
coarse 289 546 d37e0e977e89bea5a1 Cs rb_cubic A 610.0 1200 5.0 1 0.99609375 0.04
coarse 290 546 1b5d4292b40955e6e6 Cs rb_cubic A 610.0 1600 5.0 1 1.0 0.05
coarse 291 546 0a92ac79a08ba766d5 Cs rb_cubic A 610.0 2200 5.0 1 1.0 0.07
coarse 292 546 31ba476d1b2c53f0bd Cs rb_cubic A 610.0 3000 5.0 1 1.0 0.09
coarse 293 546 4ddfb72e32ed5be0fe Cs rb_cubic A 610.0 4500 5.0 1 1.0 0.13
coarse 294 546 df187edf3ea04eb767 Cs rb_cubic A 610.0 6000 5.0 1 1.0 0.17
coarse 295 546 ecd68a4f6257e78f96 Cs zero_jerk A 610.0 100 0.0 1 0.0 0.01
coarse 296 546 baef9e201f82c94984 Cs zero_jerk A 610.0 150 0.0 1 0.0 0.01
coarse 297 546 a90416ede54ccfd0cc Cs zero_jerk A 610.0 200 0.0 1 0.0 0.01
coarse 298 546 a92843000d41c577d2 Cs zero_jerk A 610.0 300 0.0 1 0.0 0.01
coarse 299 546 3b26f3410faf0bfbd8 Cs zero_jerk A 610.0 400 0.0 1 0.0 0.02
coarse 300 546 b8d8faf0d9c1668d91 Cs zero_jerk A 610.0 600 0.0 1 0.921875 0.03
coarse 301 546 f362a13575d6717dcf Cs zero_jerk A 610.0 800 0.0 1 0.998046875 0.03
coarse 302 546 5e15fc7c3d2ddf6e6b Cs zero_jerk A 610.0 1000 0.0 1 0.998046875 0.04
coarse 303 546 6674a47b43913ae515 Cs zero_jerk A 610.0 1200 0.0 1 0.998046875 0.04
coarse 304 546 b49b5b7b8ac738802c Cs zero_jerk A 610.0 1600 0.0 1 1.0 0.05
coarse 305 546 0b5afb6b0d71f72454 Cs zero_jerk A 610.0 2200 0.0 1 1.0 0.08
coarse 306 546 1443885cc0edb19edb Cs zero_jerk A 610.0 3000 0.0 1 1.0 0.09
coarse 307 546 a2ade6d91fd9c16f6e Cs zero_jerk A 610.0 4500 0.0 1 1.0 0.13
coarse 308 546 2a0166dd31994f48c7 Cs zero_jerk A 610.0 6000 0.0 1 1.0 0.17
coarse 309 546 9c57ac65f074f4251a Cs zero_jerk A 610.0 100 2.0 1 0.0 0.01
coarse 310 546 59304ae4cd56a2f756 Cs zero_jerk A 610.0 150 2.0 1 0.0 0.01
coarse 311 546 1379f0c4cd5e5d82db Cs zero_jerk A 610.0 200 2.0 1 0.0 0.01
coarse 312 546 f4a341f3c6dce22ec5 Cs zero_jerk A 610.0 300 2.0 1 0.0 0.02
coarse 313 546 780758e7804044ace5 Cs zero_jerk A 610.0 400 2.0 1 0.0 0.02
coarse 314 546 397d38389e90167a08 Cs zero_jerk A 610.0 600 2.0 1 0.04296875 0.02
coarse 315 546 3805de28808c33bc77 Cs zero_jerk A 610.0 800 2.0 1 0.982421875 0.03
coarse 316 546 179193471c3ed3423c Cs zero_jerk A 610.0 1000 2.0 1 0.998046875 0.03
coarse 317 546 2f598a439c7670d02b Cs zero_jerk A 610.0 1200 2.0 1 1.0 0.04
coarse 318 546 aac63080dee2f47e1c Cs zero_jerk A 610.0 1600 2.0 1 1.0 0.05
coarse 319 546 1708c12126026878bf Cs zero_jerk A 610.0 2200 2.0 1 1.0 0.07
coarse 320 546 4000f11b4399d79ff1 Cs zero_jerk A 610.0 3000 2.0 1 1.0 0.09
coarse 321 546 2e0522eaa46c41675c Cs zero_jerk A 610.0 4500 2.0 1 1.0 0.13
coarse 322 546 5dde0a91ba7956010e Cs zero_jerk A 610.0 6000 2.0 1 1.0 0.19
coarse 323 546 579c0c50ae1cc2802d Cs zero_jerk A 610.0 100 5.0 1 0.0 0.01
coarse 324 546 5ddf7cba7f28bc2aa6 Cs zero_jerk A 610.0 150 5.0 1 0.0 0.01
coarse 325 546 f0193073ab4ce7f425 Cs zero_jerk A 610.0 200 5.0 1 0.0 0.01
coarse 326 546 218d52e6969820bc5e Cs zero_jerk A 610.0 300 5.0 1 0.0 0.02
coarse 327 546 9a85d72574e3945e59 Cs zero_jerk A 610.0 400 5.0 1 0.0 0.02
coarse 328 546 50aa7f5ff60e285070 Cs zero_jerk A 610.0 600 5.0 1 0.0 0.03
coarse 329 546 919e3bbdca8977b999 Cs zero_jerk A 610.0 800 5.0 1 0.0 0.04
coarse 330 546 a9389bb90efb53df29 Cs zero_jerk A 610.0 1000 5.0 1 0.505859375 0.04
coarse 331 546 f025d3c49d892d0017 Cs zero_jerk A 610.0 1200 5.0 1 0.990234375 0.04
coarse 332 546 df97e963ca6101609e Cs zero_jerk A 610.0 1600 5.0 1 1.0 0.05
coarse 333 546 87ec8eae3ac5139a89 Cs zero_jerk A 610.0 2200 5.0 1 1.0 0.07
coarse 334 546 971be8404fd6abd854 Cs zero_jerk A 610.0 3000 5.0 1 1.0 0.09
coarse 335 546 97202f7f0af41b28a4 Cs zero_jerk A 610.0 4500 5.0 1 1.0 0.13
coarse 336 546 d9fe34ee3a1dae5aba Cs zero_jerk A 610.0 6000 5.0 1 1.0 0.17
coarse 337 546 4d6b369305be672be5 Cs min_jerk A 610.0 100 0.0 1 0.0 0.01
coarse 338 546 a6d817d1f029cd2243 Cs min_jerk A 610.0 150 0.0 1 0.0 0.01
coarse 339 546 29e5896c97db26be8a Cs min_jerk A 610.0 200 0.0 1 0.0 0.01
coarse 340 546 186b1a9f42f0822103 Cs min_jerk A 610.0 300 0.0 1 0.0 0.01
coarse 341 546 3a1ed6ba451c99019f Cs min_jerk A 610.0 400 0.0 1 0.0 0.02
coarse 342 546 acfaebafafe1f9c0e0 Cs min_jerk A 610.0 600 0.0 1 0.958984375 0.03
coarse 343 546 c421e1e76893cae0bb Cs min_jerk A 610.0 800 0.0 1 0.998046875 0.03
coarse 344 546 41bee3592bffad1116 Cs min_jerk A 610.0 1000 0.0 1 0.998046875 0.04
coarse 345 546 3139d5e8e58b47291e Cs min_jerk A 610.0 1200 0.0 1 0.998046875 0.04
coarse 346 546 406fcd2bda7574c2cc Cs min_jerk A 610.0 1600 0.0 1 1.0 0.05
coarse 347 546 21f0af7f8f621acafb Cs min_jerk A 610.0 2200 0.0 1 1.0 0.07
coarse 348 546 0b18035c331ea0f818 Cs min_jerk A 610.0 3000 0.0 1 1.0 0.09
coarse 349 546 9323c011fcc0b55303 Cs min_jerk A 610.0 4500 0.0 1 1.0 0.13
coarse 350 546 8e0a3e2b45140296ce Cs min_jerk A 610.0 6000 0.0 1 1.0 0.17
coarse 351 546 776aa6bcd087374c86 Cs min_jerk A 610.0 100 2.0 1 0.0 0.01
coarse 352 546 02181c066032ab4c0f Cs min_jerk A 610.0 150 2.0 1 0.0 0.01
coarse 353 546 89cee870c96c54fb87 Cs min_jerk A 610.0 200 2.0 1 0.0 0.01
coarse 354 546 b2fb328389d7a4ecf1 Cs min_jerk A 610.0 300 2.0 1 0.0 0.02
coarse 355 546 cfc5941a8d98346723 Cs min_jerk A 610.0 400 2.0 1 0.0 0.02
coarse 356 546 51de3342a871e2cf06 Cs min_jerk A 610.0 600 2.0 1 0.0 0.02
coarse 357 546 1b24eda1e3e63119d8 Cs min_jerk A 610.0 800 2.0 1 0.349609375 0.03
coarse 358 546 626d8499d328794e6c Cs min_jerk A 610.0 1000 2.0 1 0.99609375 0.03
coarse 359 546 514a969481a0f2cf40 Cs min_jerk A 610.0 1200 2.0 1 0.998046875 0.04
coarse 360 546 cb9923716ac8782aab Cs min_jerk A 610.0 1600 2.0 1 1.0 0.05
coarse 361 546 5799801fa02fff510b Cs min_jerk A 610.0 2200 2.0 1 1.0 0.07
coarse 362 546 4d67e8e395fa75b316 Cs min_jerk A 610.0 3000 2.0 1 1.0 0.09
coarse 363 546 564d09ed1d6865fecc Cs min_jerk A 610.0 4500 2.0 1 1.0 0.14
coarse 364 546 8102170855b0cd87d1 Cs min_jerk A 610.0 6000 2.0 1 1.0 0.18
coarse 365 546 9f8d751ad6b2407b9a Cs min_jerk A 610.0 100 5.0 1 0.0 0.01
coarse 366 546 8ba46182818ea5ea3d Cs min_jerk A 610.0 150 5.0 1 0.0 0.01
coarse 367 546 8e39809176a620f911 Cs min_jerk A 610.0 200 5.0 1 0.0 0.01
coarse 368 546 f14c84e03bf1104285 Cs min_jerk A 610.0 300 5.0 1 0.0 0.02
coarse 369 546 7883286ffd680805ba Cs min_jerk A 610.0 400 5.0 1 0.0 0.02
coarse 370 546 de01d11060cb914993 Cs min_jerk A 610.0 600 5.0 1 0.0 0.02
coarse 371 546 e1dbee767be499421b Cs min_jerk A 610.0 800 5.0 1 0.0 0.03
coarse 372 546 96a00d974fbca23990 Cs min_jerk A 610.0 1000 5.0 1 0.00390625 0.04
coarse 373 546 36731c02cd632d85f2 Cs min_jerk A 610.0 1200 5.0 1 0.189453125 0.04
coarse 374 546 db537cf4cb40de6b94 Cs min_jerk A 610.0 1600 5.0 1 0.998046875 0.05
coarse 375 546 c41789219d02084b1e Cs min_jerk A 610.0 2200 5.0 1 1.0 0.07
coarse 376 546 842eff24f9b1ce58db Cs min_jerk A 610.0 3000 5.0 1 1.0 0.09
coarse 377 546 70b82db46124340e7b Cs min_jerk A 610.0 4500 5.0 1 1.0 0.13
coarse 378 546 61f9ad0938088c5313 Cs min_jerk A 610.0 6000 5.0 1 1.0 0.17
coarse 379 546 3415d2a1ce98233bc0 Cs rb_cubic A 510.0 100 0.0 1 0.0 0.01
coarse 380 546 b9b26ad7d98836d35b Cs rb_cubic A 510.0 150 0.0 1 0.0 0.01
coarse 381 546 58b21c97fa41c9c001 Cs rb_cubic A 510.0 200 0.0 1 0.0 0.01
coarse 382 546 0fedc74411e04c5fb2 Cs rb_cubic A 510.0 300 0.0 1 0.0 0.01
coarse 383 546 5a7ec006e77e1d2263 Cs rb_cubic A 510.0 400 0.0 1 0.0 0.02
coarse 384 546 ba91e346da73008b0b Cs rb_cubic A 510.0 600 0.0 1 0.01171875 0.02
coarse 385 546 fde91ea6232ecf89ee Cs rb_cubic A 510.0 800 0.0 1 0.5625 0.03
coarse 386 546 cf012c3af9a5c7c737 Cs rb_cubic A 510.0 1000 0.0 1 0.849609375 0.04
coarse 387 546 3dce05df87f8e194a6 Cs rb_cubic A 510.0 1200 0.0 1 0.9375 0.04
coarse 388 546 cf15dd98786e667440 Cs rb_cubic A 510.0 1600 0.0 1 0.98046875 0.05
coarse 389 546 f05b5616f1165ea2ff Cs rb_cubic A 510.0 2200 0.0 1 0.994140625 0.07
coarse 390 546 196c2623871e5570b0 Cs rb_cubic A 510.0 3000 0.0 1 0.998046875 0.09
coarse 391 546 92fae81003a65dd22c Cs rb_cubic A 510.0 4500 0.0 1 0.998046875 0.13
coarse 392 546 aff8ac5350791beaf5 Cs rb_cubic A 510.0 6000 0.0 1 0.998046875 0.17
coarse 393 546 760f7f99171e401ebe Cs zero_jerk A 510.0 100 0.0 1 0.0 0.01
coarse 394 546 4eb1021b0b91af5c38 Cs zero_jerk A 510.0 150 0.0 1 0.0 0.01
coarse 395 546 78179fb7a5b08ca829 Cs zero_jerk A 510.0 200 0.0 1 0.0 0.01
coarse 396 546 eebd281423e20c5769 Cs zero_jerk A 510.0 300 0.0 1 0.0 0.02
coarse 397 546 506409fd690f598a1a Cs zero_jerk A 510.0 400 0.0 1 0.0 0.02
coarse 398 546 5197b962fd1a7c8ba6 Cs zero_jerk A 510.0 600 0.0 1 0.076171875 0.02
coarse 399 546 28376c5a31fa1e5380 Cs zero_jerk A 510.0 800 0.0 1 0.65625 0.03
coarse 400 546 ed3eed864e8077a2fa Cs zero_jerk A 510.0 1000 0.0 1 0.890625 0.04
coarse 401 546 37717c37b2b03ef03e Cs zero_jerk A 510.0 1200 0.0 1 0.94921875 0.04
coarse 402 546 322bc9de7cd8d94a09 Cs zero_jerk A 510.0 1600 0.0 1 0.982421875 0.05
coarse 403 546 8121805ac72572fd89 Cs zero_jerk A 510.0 2200 0.0 1 0.994140625 0.07
coarse 404 546 6124d66953469e3fcc Cs zero_jerk A 510.0 3000 0.0 1 0.998046875 0.09
coarse 405 546 1b252a18fd9e50599b Cs zero_jerk A 510.0 4500 0.0 1 0.998046875 0.13
coarse 406 546 cd70e8b7de5f367e0a Cs zero_jerk A 510.0 6000 0.0 1 1.0 0.17
coarse 407 546 38d8c0ee1da5d41b44 Cs min_jerk A 510.0 100 0.0 1 0.0 0.01
coarse 408 546 233141d2fa9e52d6e3 Cs min_jerk A 510.0 150 0.0 1 0.0 0.01
coarse 409 546 0731914903c17821de Cs min_jerk A 510.0 200 0.0 1 0.0 0.01
coarse 410 546 4fb7e29b60a8db11b4 Cs min_jerk A 510.0 300 0.0 1 0.0 0.02
coarse 411 546 e914cac0f924d84c82 Cs min_jerk A 510.0 400 0.0 1 0.0 0.02
coarse 412 546 904812db48de6cfd91 Cs min_jerk A 510.0 600 0.0 1 0.06640625 0.02
coarse 413 546 0f81c52e0e98692e7b Cs min_jerk A 510.0 800 0.0 1 0.671875 0.03
coarse 414 546 dddc0909c3c5a9f848 Cs min_jerk A 510.0 1000 0.0 1 0.87890625 0.03
coarse 415 546 70478f0975f9966c3f Cs min_jerk A 510.0 1200 0.0 1 0.95703125 0.04
coarse 416 546 711646009f447a3c1c Cs min_jerk A 510.0 1600 0.0 1 0.982421875 0.05
coarse 417 546 e8a9fb9e40c5981a6b Cs min_jerk A 510.0 2200 0.0 1 0.990234375 0.07
coarse 418 546 d6e124d274ade9fd49 Cs min_jerk A 510.0 3000 0.0 1 0.998046875 0.09
coarse 419 546 807fada7c8d5a51f60 Cs min_jerk A 510.0 4500 0.0 1 0.998046875 0.13
coarse 420 546 a34b043ce9b04464b5 Cs min_jerk A 510.0 6000 0.0 1 0.998046875 0.17
coarse 421 546 9f92b5caf48f494982 Cs rb_cubic A 510.0 100 5.0 1 0.0 0.01
coarse 422 546 0b898db403d756542f Cs rb_cubic A 510.0 150 5.0 1 0.0 0.01
coarse 423 546 33bdc43bfbc9a96220 Cs rb_cubic A 510.0 200 5.0 1 0.0 0.01
coarse 424 546 65e1cb4322981bbd96 Cs rb_cubic A 510.0 300 5.0 1 0.0 0.02
coarse 425 546 bf8b051834d65abcd9 Cs rb_cubic A 510.0 400 5.0 1 0.0 0.02
coarse 426 546 eb76e66c233437eee5 Cs rb_cubic A 510.0 600 5.0 1 0.0 0.03
coarse 427 546 8eab2c700a909521ee Cs rb_cubic A 510.0 800 5.0 1 0.0 0.03
coarse 428 546 a5ca10893e7af16f9c Cs rb_cubic A 510.0 1000 5.0 1 0.267578125 0.04
coarse 429 546 a80ff55040e1d822a3 Cs rb_cubic A 510.0 1200 5.0 1 0.798828125 0.04
coarse 430 546 999406cb6d6066fbec Cs rb_cubic A 510.0 1600 5.0 1 0.96875 0.05
coarse 431 546 1f8312f1dfa18750f4 Cs rb_cubic A 510.0 2200 5.0 1 0.9921875 0.07
coarse 432 546 d2c63e5390bf402820 Cs rb_cubic A 510.0 3000 5.0 1 0.994140625 0.09
coarse 433 546 95f450651fbd6603eb Cs rb_cubic A 510.0 4500 5.0 1 0.998046875 0.13
coarse 434 546 c082fe123512f1e75c Cs rb_cubic A 510.0 6000 5.0 1 0.998046875 0.17
coarse 435 546 90f14c8dd5a460f947 Cs zero_jerk A 510.0 100 5.0 1 0.0 0.01
coarse 436 546 6049c5ed025b0e031f Cs zero_jerk A 510.0 150 5.0 1 0.0 0.01
coarse 437 546 a57eb1f9973ca62f60 Cs zero_jerk A 510.0 200 5.0 1 0.0 0.01
coarse 438 546 84f28cac80ffbdac5d Cs zero_jerk A 510.0 300 5.0 1 0.0 0.02
coarse 439 546 7031649a5799340365 Cs zero_jerk A 510.0 400 5.0 1 0.0 0.02
coarse 440 546 b1d676b042cb72a35d Cs zero_jerk A 510.0 600 5.0 1 0.0 0.03
coarse 441 546 065a7c2a7523aa3df4 Cs zero_jerk A 510.0 800 5.0 1 0.0 0.03
coarse 442 546 597f41634ac4e06dc0 Cs zero_jerk A 510.0 1000 5.0 1 0.162109375 0.04
coarse 443 546 7a6afd28c71d2ba6c8 Cs zero_jerk A 510.0 1200 5.0 1 0.748046875 0.04
coarse 444 546 ea012205111a9a0073 Cs zero_jerk A 510.0 1600 5.0 1 0.96484375 0.05
coarse 445 546 5fc6b4e2e7fb3cb5ac Cs zero_jerk A 510.0 2200 5.0 1 0.994140625 0.07
coarse 446 546 a1bf70249845fd5ca3 Cs zero_jerk A 510.0 3000 5.0 1 0.99609375 0.09
coarse 447 546 f95163c84e58eb2e49 Cs zero_jerk A 510.0 4500 5.0 1 0.998046875 0.13
coarse 448 546 d14ce17b3149422e40 Cs zero_jerk A 510.0 6000 5.0 1 0.998046875 0.17
coarse 449 546 fa63fb45f1b55f14c8 Cs min_jerk A 510.0 100 5.0 1 0.0 0.01
coarse 450 546 ff6d7b4b3c58b4eb3b Cs min_jerk A 510.0 150 5.0 1 0.0 0.01
coarse 451 546 587bdddcb3d21f5eaa Cs min_jerk A 510.0 200 5.0 1 0.0 0.01
coarse 452 546 dd59c5a421f67a55d4 Cs min_jerk A 510.0 300 5.0 1 0.0 0.02
coarse 453 546 9dcc96f463e2d90bda Cs min_jerk A 510.0 400 5.0 1 0.0 0.02
coarse 454 546 da7bcdb2d8ea61e8da Cs min_jerk A 510.0 600 5.0 1 0.0 0.03
coarse 455 546 75da7a53688cef63f4 Cs min_jerk A 510.0 800 5.0 1 0.0 0.03
coarse 456 546 1498d2612afa1e0e97 Cs min_jerk A 510.0 1000 5.0 1 0.0 0.04
coarse 457 546 05a3f5c26da1cca8ec Cs min_jerk A 510.0 1200 5.0 1 0.0859375 0.04
coarse 458 546 8de07d1943f66bc262 Cs min_jerk A 510.0 1600 5.0 1 0.90625 0.05
coarse 459 546 945e60de7c5e4ab406 Cs min_jerk A 510.0 2200 5.0 1 0.98828125 0.07
coarse 460 546 2f720f6fd52eeec25c Cs min_jerk A 510.0 3000 5.0 1 0.99609375 0.09
coarse 461 546 ad4aba20e958f5f04a Cs min_jerk A 510.0 4500 5.0 1 0.998046875 0.13
coarse 462 546 0a13497def559e622f Cs min_jerk A 510.0 6000 5.0 1 0.998046875 0.17
coarse 463 546 4de939b95f4185943d Cs rb_cubic A 510.0 100 0.0 1 0.0 0.01
coarse 464 546 a226bef2b15a066eb9 Cs rb_cubic A 510.0 150 0.0 1 0.0 0.01
coarse 465 546 9c80e2e0ab499b5693 Cs rb_cubic A 510.0 200 0.0 1 0.0 0.01
coarse 466 546 12d28771048d2a6627 Cs rb_cubic A 510.0 300 0.0 1 0.025390625 0.02
coarse 467 546 de2917e704971f4137 Cs rb_cubic A 510.0 400 0.0 1 0.98828125 0.02
coarse 468 546 151a82dbe6fb994b73 Cs rb_cubic A 510.0 600 0.0 1 1.0 0.02
coarse 469 546 bcabb363dc8b105701 Cs rb_cubic A 510.0 800 0.0 1 1.0 0.03
coarse 470 546 2153c1a2acb47b4c2f Cs rb_cubic A 510.0 1000 0.0 1 1.0 0.03
coarse 471 546 346f8d596e2857cc41 Cs rb_cubic A 510.0 1200 0.0 1 1.0 0.04
coarse 472 546 7b3aef67beb3978742 Cs rb_cubic A 510.0 1600 0.0 1 1.0 0.05
coarse 473 546 373cd91a3eb3ce4c91 Cs rb_cubic A 510.0 2200 0.0 1 1.0 0.07
coarse 474 546 c998d4434a7a080816 Cs rb_cubic A 510.0 3000 0.0 1 1.0 0.09
coarse 475 546 cd51a8c20373a97faf Cs rb_cubic A 510.0 4500 0.0 1 1.0 0.13
coarse 476 546 fc5995bcaa0bb63125 Cs rb_cubic A 510.0 6000 0.0 1 1.0 0.17
coarse 477 546 034790384985cf2cf1 Cs zero_jerk A 510.0 100 0.0 1 0.0 0.01
coarse 478 546 e72ca162e15c56c744 Cs zero_jerk A 510.0 150 0.0 1 0.0 0.01
coarse 479 546 3f3453d32c321e0b22 Cs zero_jerk A 510.0 200 0.0 1 0.0 0.01
coarse 480 546 63b0d4cf7942dab626 Cs zero_jerk A 510.0 300 0.0 1 0.291015625 0.01
coarse 481 546 bec882ce07eeb5ac99 Cs zero_jerk A 510.0 400 0.0 1 0.998046875 0.02
coarse 482 546 7f895e10143be88a02 Cs zero_jerk A 510.0 600 0.0 1 1.0 0.02
coarse 483 546 47b2a50bafd9599295 Cs zero_jerk A 510.0 800 0.0 1 1.0 0.03
coarse 484 546 c9c79891c5017d5256 Cs zero_jerk A 510.0 1000 0.0 1 1.0 0.03
coarse 485 546 fdfbe4e6132d30d83d Cs zero_jerk A 510.0 1200 0.0 1 1.0 0.04
coarse 486 546 e58fb16ebfaa758b3c Cs zero_jerk A 510.0 1600 0.0 1 1.0 0.05
coarse 487 546 0c18d44b1b8cba8cfe Cs zero_jerk A 510.0 2200 0.0 1 1.0 0.07
coarse 488 546 fa5906921be932a8dd Cs zero_jerk A 510.0 3000 0.0 1 1.0 0.09
coarse 489 546 cdcc68a5a327693fa7 Cs zero_jerk A 510.0 4500 0.0 1 1.0 0.13
coarse 490 546 e1f7118fba2c404491 Cs zero_jerk A 510.0 6000 0.0 1 1.0 0.18
coarse 491 546 e4514dcdcf37778c1e Cs min_jerk A 510.0 100 0.0 1 0.0 0.01
coarse 492 546 11a8633eadaf000c67 Cs min_jerk A 510.0 150 0.0 1 0.0 0.01
coarse 493 546 7b0b17d443069e53e3 Cs min_jerk A 510.0 200 0.0 1 0.0 0.01
coarse 494 546 1634c5c53b9782412f Cs min_jerk A 510.0 300 0.0 1 0.529296875 0.01
coarse 495 546 13b65a7151fd9b6702 Cs min_jerk A 510.0 400 0.0 1 0.998046875 0.02
coarse 496 546 e952e10529f7951767 Cs min_jerk A 510.0 600 0.0 1 1.0 0.02
coarse 497 546 1d562d113d8f683be1 Cs min_jerk A 510.0 800 0.0 1 1.0 0.03
coarse 498 546 65f6d23a2320410f80 Cs min_jerk A 510.0 1000 0.0 1 1.0 0.04
coarse 499 546 2703f4cf2800fa39da Cs min_jerk A 510.0 1200 0.0 1 1.0 0.04
coarse 500 546 3680bac68be8783226 Cs min_jerk A 510.0 1600 0.0 1 1.0 0.05
coarse 501 546 3c6f2742f85c550357 Cs min_jerk A 510.0 2200 0.0 1 1.0 0.07
coarse 502 546 5c1455dd7d8918bd78 Cs min_jerk A 510.0 3000 0.0 1 1.0 0.09
coarse 503 546 136d665d426a418420 Cs min_jerk A 510.0 4500 0.0 1 1.0 0.13
coarse 504 546 05f8ad95ffcdf6d702 Cs min_jerk A 510.0 6000 0.0 1 1.0 0.17
coarse 505 546 519613f73b461777ad Cs rb_cubic A 510.0 100 5.0 1 0.0 0.02
coarse 506 546 530030c6807a8226f2 Cs rb_cubic A 510.0 150 5.0 1 0.0 0.01
coarse 507 546 21fbfb5035bd3e19c8 Cs rb_cubic A 510.0 200 5.0 1 0.0 0.01
coarse 508 546 7a0456cf9dc710c841 Cs rb_cubic A 510.0 300 5.0 1 0.0 0.02
coarse 509 546 fdd579a81cec90ac4f Cs rb_cubic A 510.0 400 5.0 1 0.0 0.02
coarse 510 546 a635604868b23bf062 Cs rb_cubic A 510.0 600 5.0 1 0.001953125 0.02
coarse 511 546 32b59fcac57c0bb77b Cs rb_cubic A 510.0 800 5.0 1 0.96484375 0.03
coarse 512 546 dd62dd9c00327c1c19 Cs rb_cubic A 510.0 1000 5.0 1 1.0 0.03
coarse 513 546 3a4420c469697a528b Cs rb_cubic A 510.0 1200 5.0 1 1.0 0.04
coarse 514 546 3db6b240a8286f2ff3 Cs rb_cubic A 510.0 1600 5.0 1 1.0 0.05
coarse 515 546 c2cb8f23fb5a3f766a Cs rb_cubic A 510.0 2200 5.0 1 1.0 0.07
coarse 516 546 c9265f51fad7002def Cs rb_cubic A 510.0 3000 5.0 1 1.0 0.09
coarse 517 546 c0b32c7c0781c9e099 Cs rb_cubic A 510.0 4500 5.0 1 1.0 0.13
coarse 518 546 ea2f5b1d66618d9fcb Cs rb_cubic A 510.0 6000 5.0 1 1.0 0.17
coarse 519 546 64f253278aba4b29a4 Cs zero_jerk A 510.0 100 5.0 1 0.0 0.01
coarse 520 546 45f86be677c625800d Cs zero_jerk A 510.0 150 5.0 1 0.0 0.01
coarse 521 546 81d6f1aa7511174660 Cs zero_jerk A 510.0 200 5.0 1 0.0 0.01
coarse 522 546 8773df4cfa08329c77 Cs zero_jerk A 510.0 300 5.0 1 0.0 0.02
coarse 523 546 f17f2f4b32b8598587 Cs zero_jerk A 510.0 400 5.0 1 0.0 0.02
coarse 524 546 ee937979bc3fcf1b9e Cs zero_jerk A 510.0 600 5.0 1 0.0 0.02
coarse 525 546 b1ae032fd8d67d6ad4 Cs zero_jerk A 510.0 800 5.0 1 0.779296875 0.03
coarse 526 546 de25e9576312a0a902 Cs zero_jerk A 510.0 1000 5.0 1 1.0 0.03
coarse 527 546 8b08eeacb723d0d8dc Cs zero_jerk A 510.0 1200 5.0 1 1.0 0.04
coarse 528 546 c70dda0cbd348796c7 Cs zero_jerk A 510.0 1600 5.0 1 1.0 0.05
coarse 529 546 657f285a62003a40f5 Cs zero_jerk A 510.0 2200 5.0 1 1.0 0.07
coarse 530 546 5952966abb02746264 Cs zero_jerk A 510.0 3000 5.0 1 1.0 0.09
coarse 531 546 0180b34a846a57f2f2 Cs zero_jerk A 510.0 4500 5.0 1 1.0 0.13
coarse 532 546 14d0bedca16728fe30 Cs zero_jerk A 510.0 6000 5.0 1 1.0 0.17
coarse 533 546 cc5b721ddee23ee477 Cs min_jerk A 510.0 100 5.0 1 0.0 0.01
coarse 534 546 617af8a0ad5a17f852 Cs min_jerk A 510.0 150 5.0 1 0.0 0.01
coarse 535 546 7757754a646295d261 Cs min_jerk A 510.0 200 5.0 1 0.0 0.01
coarse 536 546 e541957aef6dcbf244 Cs min_jerk A 510.0 300 5.0 1 0.0 0.02
coarse 537 546 11f56e97b0f68579e5 Cs min_jerk A 510.0 400 5.0 1 0.0 0.02
coarse 538 546 d599f05c80da3de56d Cs min_jerk A 510.0 600 5.0 1 0.0 0.03
coarse 539 546 463bbba508fa7cf634 Cs min_jerk A 510.0 800 5.0 1 0.009765625 0.03
coarse 540 546 bcea15df5585ce7964 Cs min_jerk A 510.0 1000 5.0 1 0.923828125 0.03
coarse 541 546 08311a1ab44a9a5fff Cs min_jerk A 510.0 1200 5.0 1 1.0 0.04
coarse 542 546 0e11fa57ce21626a35 Cs min_jerk A 510.0 1600 5.0 1 1.0 0.05
coarse 543 546 8069c30ef89aed2941 Cs min_jerk A 510.0 2200 5.0 1 1.0 0.07
coarse 544 546 b53eac57fd8c65a6db Cs min_jerk A 510.0 3000 5.0 1 1.0 0.09
coarse 545 546 083432cdd063d3136a Cs min_jerk A 510.0 4500 5.0 1 1.0 0.13
coarse 546 546 11998a4929533a745e Cs min_jerk A 510.0 6000 5.0 1 1.0 0.17
