operations_confirm 1 48 71816764218c7bdec5 Cs rb_cubic B 510.0 1000 0.0 1 0.989013671875 1.02
operations_confirm 2 48 002f39c48d0c6c596d Cs rb_cubic B 510.0 1000 0.0 1 0.987060546875 0.88
operations_confirm 3 48 807185c1bc51fe3232 Cs rb_cubic B 510.0 1200 0.0 1 0.995361328125 0.99
operations_confirm 4 48 dac12258692e9b607d Cs rb_cubic B 510.0 1200 0.0 1 0.994384765625 0.95
operations_confirm 5 48 4df1bea5fe2c3f8590 Cs rb_cubic B 510.0 1200 0.0 1 0.990966796875 1.32
operations_confirm 6 48 bb12fe5769d2127ba9 Cs rb_cubic B 510.0 1200 0.0 1 0.99072265625 1.31
operations_confirm 7 48 8c4c6998ad024e3da3 Cs rb_cubic B 510.0 1600 0.0 1 0.992919921875 1.57
operations_confirm 8 48 c31f005e1d0cdb1840 Cs rb_cubic B 510.0 1600 0.0 1 0.992919921875 1.58
operations_confirm 9 48 17157bf4987b8778a9 Cs rb_cubic B 510.0 1600 5.0 1 0.9951171875 1.25
operations_confirm 10 48 6870b44822a689b1e2 Cs rb_cubic B 510.0 1600 5.0 1 0.994384765625 1.25
operations_confirm 11 48 a7ac544424d597dba4 Cs rb_cubic B 510.0 2200 5.0 1 0.99755859375 1.58
operations_confirm 12 48 84a4b4e62ffbd92099 Cs rb_cubic B 510.0 2200 5.0 1 0.998291015625 1.56
operations_confirm 13 48 9e52c4cc939dbb3a96 Cs rb_cubic B 510.0 1600 5.0 1 0.99462890625 1.58
operations_confirm 14 48 30b6ebffc618712ea4 Cs rb_cubic B 510.0 1600 5.0 1 0.99267578125 1.59
operations_confirm 15 48 9788415cf513dbe130 Cs rb_cubic B 510.0 3000 5.0 1 0.992919921875 2.54
operations_confirm 16 48 043f78454feec3fce9 Cs rb_cubic B 510.0 3000 5.0 1 0.991455078125 2.64
operations_confirm 17 48 90790f393032644926 Cs zero_jerk B 510.0 1000 0.0 1 0.990966796875 0.89
operations_confirm 18 48 b7b6e84cd158508f81 Cs zero_jerk B 510.0 1000 0.0 1 0.990478515625 0.89
operations_confirm 19 48 468100ba69b479cc69 Cs zero_jerk B 510.0 1200 0.0 1 0.995361328125 1.0
operations_confirm 20 48 0372384b3a063b9e95 Cs zero_jerk B 510.0 1200 0.0 1 0.994140625 0.96
operations_confirm 21 48 555aa01c4b40c4b868 Cs zero_jerk B 510.0 1000 0.0 1 0.988037109375 0.99
operations_confirm 22 48 18972f113eea1a181d Cs zero_jerk B 510.0 1000 0.0 1 0.987060546875 1.15
operations_confirm 23 48 155c3d0043489e7fec Cs zero_jerk B 510.0 1200 0.0 1 0.9921875 1.26
operations_confirm 24 48 28fac46358e9822285 Cs zero_jerk B 510.0 1200 0.0 1 0.99169921875 1.29
operations_confirm 25 48 690133c06638fe4e31 Cs zero_jerk B 510.0 1600 5.0 1 0.99609375 1.2
operations_confirm 26 48 28567266bfe78cfc99 Cs zero_jerk B 510.0 1600 5.0 1 0.995849609375 1.19
operations_confirm 27 48 f3b94227a19f32add3 Cs zero_jerk B 510.0 2200 5.0 1 0.99853515625 1.55
operations_confirm 28 48 d013f86d4b575afb8a Cs zero_jerk B 510.0 2200 5.0 1 0.997802734375 1.55
operations_confirm 29 48 47b7c3113ce6283eb6 Cs zero_jerk B 510.0 1600 5.0 1 0.994140625 1.52
operations_confirm 30 48 ea8c62afb2138ab76d Cs zero_jerk B 510.0 1600 5.0 1 0.9931640625 1.56
operations_confirm 31 48 64fce91affe57140d5 Cs zero_jerk B 510.0 2200 5.0 1 0.99462890625 2.03
operations_confirm 32 48 cfc187560cd579804b Cs zero_jerk B 510.0 2200 5.0 1 0.9951171875 2.02
operations_confirm 33 48 e8481c7803f148bdc4 Cs min_jerk B 510.0 1000 0.0 1 0.99267578125 0.87
operations_confirm 34 48 255f96094c1c444aaa Cs min_jerk B 510.0 1000 0.0 1 0.99365234375 0.89
operations_confirm 35 48 b7daedee52eb87e9c3 Cs min_jerk B 510.0 1200 0.0 1 0.99609375 0.99
operations_confirm 36 48 9e9e11802cd0bb2fe9 Cs min_jerk B 510.0 1200 0.0 1 0.996337890625 0.98
operations_confirm 37 48 d27bf91e14892a102f Cs min_jerk B 510.0 1200 0.0 1 0.992431640625 1.3
operations_confirm 38 48 1f6e51bc290a14766f Cs min_jerk B 510.0 1200 0.0 1 0.991943359375 1.3
operations_confirm 39 48 865128d82c07096d3f Cs min_jerk B 510.0 1000 0.0 1 0.990478515625 1.15
operations_confirm 40 48 c66124daac4107f459 Cs min_jerk B 510.0 1000 0.0 1 0.9892578125 1.21
operations_confirm 41 48 8ac135e9c420e75682 Cs min_jerk B 510.0 1600 5.0 1 0.9951171875 1.24
operations_confirm 42 48 a90607a48c52895a07 Cs min_jerk B 510.0 1600 5.0 1 0.993896484375 1.22
operations_confirm 43 48 8a9f73e98dde1625af Cs min_jerk B 510.0 2200 5.0 1 0.998291015625 1.53
operations_confirm 44 48 e7203bde10ca734bb1 Cs min_jerk B 510.0 2200 5.0 1 0.998046875 1.57
operations_confirm 45 48 67b6e94f1b41bdf89c Cs min_jerk B 510.0 1600 5.0 1 0.99365234375 1.57
operations_confirm 46 48 0c2aed59ac46c96c35 Cs min_jerk B 510.0 1600 5.0 1 0.99072265625 1.61
operations_confirm 47 48 792442b8e42b2e08ae Cs min_jerk B 510.0 2200 5.0 1 0.99560546875 2.03
operations_confirm 48 48 e2a8308c570120f6f2 Cs min_jerk B 510.0 2200 5.0 1 0.992919921875 2.07
repeat_distances 1 216 dcc8896bd555bf65e8 Cs rb_cubic A 270.0 600 5 50 0.0 0.11
repeat_distances 2 216 b92004d0ebfe2a558a Cs rb_cubic A 610.0 600 5 50 0.0 0.04
repeat_distances 3 216 5e302962b0528c5fff Cs rb_cubic A 270.0 800 5 50 0.14453125 1.02
repeat_distances 4 216 20864c23d7f2050e2d Cs rb_cubic A 610.0 800 5 50 0.0 0.05
repeat_distances 5 216 8050bfd1451fd531c7 Cs rb_cubic A 270.0 1000 5 50 0.49609375 1.6
repeat_distances 6 216 1a653aaa8848e1a90e Cs rb_cubic A 610.0 1000 5 50 0.0 0.15
repeat_distances 7 216 fad68b00b81d9fe12e Cs rb_cubic A 270.0 1200 5 50 0.8671875 2.27
repeat_distances 8 216 de3d6d04d7dfcd306b Cs rb_cubic A 610.0 1200 5 50 0.001953125 0.64
repeat_distances 9 216 bc4a2f254a26503e5d Cs rb_cubic A 270.0 1600 5 50 0.9921875 3.0
repeat_distances 10 216 a0c1d3d2fd0075c818 Cs rb_cubic A 610.0 1600 5 50 0.6953125 2.59
repeat_distances 11 216 79ee259abcee208cf5 Cs rb_cubic A 270.0 2200 5 50 0.998046875 4.05
repeat_distances 12 216 d73ec99647be67e785 Cs rb_cubic A 610.0 2200 5 50 0.97265625 3.96
repeat_distances 13 216 df64f60b7a8e0f5718 Cs rb_cubic A 270.0 3000 5 50 1.0 5.35
repeat_distances 14 216 026f9d9369b7282474 Cs rb_cubic A 610.0 3000 5 50 1.0 5.13
repeat_distances 15 216 6b5ecf7b3ce6f40eb8 Cs rb_cubic A 270.0 4500 5 50 1.0 7.41
repeat_distances 16 216 09cf9afd7ce60b0e8a Cs rb_cubic A 610.0 4500 5 50 1.0 7.52
repeat_distances 17 216 baee8bfa9f4ff356a7 Cs rb_cubic A 270.0 6000 5 50 1.0 9.95
repeat_distances 18 216 ba94b3825964e5cfd5 Cs rb_cubic A 610.0 6000 5 50 1.0 9.74
repeat_distances 19 216 47e178c1caff2b4a14 Cs rb_cubic A 270.0 600 5 50 0.0 0.15
repeat_distances 20 216 360f03888261a7530f Cs rb_cubic A 610.0 600 5 50 0.0 0.06
repeat_distances 21 216 c8eae0828fceae59d8 Cs rb_cubic A 270.0 800 5 50 0.052734375 1.33
repeat_distances 22 216 0dcc271c9da696850e Cs rb_cubic A 610.0 800 5 50 0.0 0.08
repeat_distances 23 216 c88ebda46955c7954f Cs rb_cubic A 270.0 1000 5 50 0.189453125 2.04
repeat_distances 24 216 4ea95a7ff14baeaa74 Cs rb_cubic A 610.0 1000 5 50 0.0 0.2
repeat_distances 25 216 9a0a9b4d35d6b91759 Cs rb_cubic A 270.0 1200 5 50 0.322265625 2.81
repeat_distances 26 216 cc9925a07f986247ed Cs rb_cubic A 610.0 1200 5 50 0.001953125 0.81
repeat_distances 27 216 f12029c6246dbf96ec Cs rb_cubic A 270.0 1600 5 50 0.3203125 3.5
repeat_distances 28 216 810dc6562d62704808 Cs rb_cubic A 610.0 1600 5 50 0.21875 3.18
repeat_distances 29 216 031068e4d65053ef39 Cs rb_cubic A 270.0 2200 5 50 0.18359375 3.83
repeat_distances 30 216 13060728d8b0c73541 Cs rb_cubic A 610.0 2200 5 50 0.26953125 4.52
repeat_distances 31 216 3f859433910b17ccae Cs rb_cubic A 270.0 3000 5 50 0.0703125 4.34
repeat_distances 32 216 aa47503df124b7690b Cs rb_cubic A 610.0 3000 5 50 0.12890625 5.08
repeat_distances 33 216 6acc630c0ad2868589 Cs rb_cubic A 270.0 4500 5 50 0.015625 4.76
repeat_distances 34 216 3c608f908024f99d8d Cs rb_cubic A 610.0 4500 5 50 0.01953125 4.94
repeat_distances 35 216 fb78d107c9f567687f Cs rb_cubic A 270.0 6000 5 50 0.005859375 4.88
repeat_distances 36 216 777244e9a0e20e4a99 Cs rb_cubic A 610.0 6000 5 50 0.00390625 4.77
repeat_distances 37 216 8c23f13d9b087fb577 Cs rb_cubic B 270.0 600 5 50 0.0 0.14
repeat_distances 38 216 2de1bcc3c9ed0bd308 Cs rb_cubic B 610.0 600 5 50 0.0 0.06
repeat_distances 39 216 797aa710de4000bae3 Cs rb_cubic B 270.0 800 5 50 0.109375 1.16
repeat_distances 40 216 bff3051e41ed46e44a Cs rb_cubic B 610.0 800 5 50 0.0 0.07
repeat_distances 41 216 917d2a6642cc57a299 Cs rb_cubic B 270.0 1000 5 50 0.458984375 2.17
repeat_distances 42 216 13a0a477a0da0d7aa1 Cs rb_cubic B 610.0 1000 5 50 0.0 0.18
repeat_distances 43 216 fdc533b1fd27734816 Cs rb_cubic B 270.0 1200 5 50 0.69140625 2.64
repeat_distances 44 216 f3dd9c0553f5dc81a3 Cs rb_cubic B 610.0 1200 5 50 0.0 0.63
repeat_distances 45 216 f876ee86671475de78 Cs rb_cubic B 270.0 1600 5 50 0.880859375 3.53
repeat_distances 46 216 db71b5fb2e1b7fa6fa Cs rb_cubic B 610.0 1600 5 50 0.513671875 2.99
repeat_distances 47 216 06de03194794f49c71 Cs rb_cubic B 270.0 2200 5 50 0.9453125 4.53
repeat_distances 48 216 3b173ec841799ff1a1 Cs rb_cubic B 610.0 2200 5 50 0.84765625 4.33
repeat_distances 49 216 7662e2b2a18fc713e8 Cs rb_cubic B 270.0 3000 5 50 0.955078125 5.95
repeat_distances 50 216 5f51562285b919a665 Cs rb_cubic B 610.0 3000 5 50 0.912109375 5.6
repeat_distances 51 216 36a14ad4d9acec30c1 Cs rb_cubic B 270.0 4500 5 50 0.9609375 8.3
repeat_distances 52 216 02d7b4bc19a2edc67e Cs rb_cubic B 610.0 4500 5 50 0.958984375 8.32
repeat_distances 53 216 00ff821034ec171eec Cs rb_cubic B 270.0 6000 5 50 0.96484375 10.32
repeat_distances 54 216 ce14b632304e87ba09 Cs rb_cubic B 610.0 6000 5 50 0.9609375 10.4
repeat_distances 55 216 d34e0a12f5374c3b62 Cs rb_cubic B 270.0 600 5 50 0.0 0.23
repeat_distances 56 216 3286749645371068d2 Cs rb_cubic B 610.0 600 5 50 0.0 0.09
repeat_distances 57 216 5cc6372b6751f9871b Cs rb_cubic B 270.0 800 5 50 0.03125 1.52
repeat_distances 58 216 310419df7120327f06 Cs rb_cubic B 610.0 800 5 50 0.0 0.1
repeat_distances 59 216 cc816532fc1d0b77aa Cs rb_cubic B 270.0 1000 5 50 0.15625 2.49
repeat_distances 60 216 c7ce8808a382d40c58 Cs rb_cubic B 610.0 1000 5 50 0.0 0.27
repeat_distances 61 216 a90e0ed6e465d1c035 Cs rb_cubic B 270.0 1200 5 50 0.234375 2.92
repeat_distances 62 216 731d15b42fbdcc7c9f Cs rb_cubic B 610.0 1200 5 50 0.0 0.87
repeat_distances 63 216 ebd8fd6af58e26f440 Cs rb_cubic B 270.0 1600 5 50 0.1640625 3.39
repeat_distances 64 216 5b2d1eb2b561cdeb14 Cs rb_cubic B 610.0 1600 5 50 0.154296875 3.55
repeat_distances 65 216 8feac339a6a4f182d6 Cs rb_cubic B 270.0 2200 5 50 0.07421875 3.88
repeat_distances 66 216 2a6f0826e094ab3b88 Cs rb_cubic B 610.0 2200 5 50 0.13671875 4.45
repeat_distances 67 216 062e69b5f12b2299ec Cs rb_cubic B 270.0 3000 5 50 0.02734375 3.98
repeat_distances 68 216 af95b2ed4ef9af973a Cs rb_cubic B 610.0 3000 5 50 0.078125 4.76
repeat_distances 69 216 e1d422c69dd23cd6c6 Cs rb_cubic B 270.0 4500 5 50 0.0078125 4.03
repeat_distances 70 216 7f66515dafb24848e9 Cs rb_cubic B 610.0 4500 5 50 0.017578125 4.61
repeat_distances 71 216 f753600f1257ccf20f Cs rb_cubic B 270.0 6000 5 50 0.0 4.14
repeat_distances 72 216 40150027d5d857409c Cs rb_cubic B 610.0 6000 5 50 0.00390625 4.43
repeat_distances 73 216 f3ca67c1cec51a01d9 Cs zero_jerk A 270.0 600 5 50 0.0 0.08
repeat_distances 74 216 af4cce0a0dec028a88 Cs zero_jerk A 610.0 600 5 50 0.0 0.04
repeat_distances 75 216 9d732ca1e6c52f4269 Cs zero_jerk A 270.0 800 5 50 0.236328125 1.16
repeat_distances 76 216 1f768dd2d865869e4a Cs zero_jerk A 610.0 800 5 50 0.0 0.06
repeat_distances 77 216 f1382060dd53aca49f Cs zero_jerk A 270.0 1000 5 50 0.783203125 2.02
repeat_distances 78 216 1a93442ff053e1b553 Cs zero_jerk A 610.0 1000 5 50 0.0 0.17
repeat_distances 79 216 d6fe06a7497ca1535a Cs zero_jerk A 270.0 1200 5 50 0.95703125 2.46
repeat_distances 80 216 ac17032aae360bc281 Cs zero_jerk A 610.0 1200 5 50 0.0 0.5
repeat_distances 81 216 a2ea3a3286eca86878 Cs zero_jerk A 270.0 1600 5 50 0.998046875 3.37
repeat_distances 82 216 5289230c33b055e07e Cs zero_jerk A 610.0 1600 5 50 0.8046875 3.15
repeat_distances 83 216 87203ed8a6058532c4 Cs zero_jerk A 270.0 2200 5 50 1.0 4.42
repeat_distances 84 216 f976ad7277ed2ad350 Cs zero_jerk A 610.0 2200 5 50 0.994140625 4.34
repeat_distances 85 216 945d35983066b6a56c Cs zero_jerk A 270.0 3000 5 50 1.0 5.81
repeat_distances 86 216 6b96cf46b873641dff Cs zero_jerk A 610.0 3000 5 50 1.0 5.54
repeat_distances 87 216 fe71beacff7fbdf2de Cs zero_jerk A 270.0 4500 5 50 1.0 8.55
repeat_distances 88 216 d47851964cfdbbe95a Cs zero_jerk A 610.0 4500 5 50 1.0 8.49
repeat_distances 89 216 51877ecd5e607217d4 Cs zero_jerk A 270.0 6000 5 50 1.0 11.47
repeat_distances 90 216 f6d66c82f50f50ce96 Cs zero_jerk A 610.0 6000 5 50 1.0 11.03
repeat_distances 91 216 345478bb21daab9bcf Cs zero_jerk A 270.0 600 5 50 0.0 0.12
repeat_distances 92 216 38f0baeaf4d79fa4d5 Cs zero_jerk A 610.0 600 5 50 0.0 0.06
repeat_distances 93 216 ed59e07099f2c51d6d Cs zero_jerk A 270.0 800 5 50 0.091796875 1.49
repeat_distances 94 216 e66fe0395946da4b6c Cs zero_jerk A 610.0 800 5 50 0.0 0.08
repeat_distances 95 216 b0900718710a137171 Cs zero_jerk A 270.0 1000 5 50 0.291015625 2.56
repeat_distances 96 216 f72c6f82b1f9d30040 Cs zero_jerk A 610.0 1000 5 50 0.0 0.26
repeat_distances 97 216 d5fb7057effc2d6977 Cs zero_jerk A 270.0 1200 5 50 0.400390625 3.29
repeat_distances 98 216 78bd276caca1bc1006 Cs zero_jerk A 610.0 1200 5 50 0.0 0.74
repeat_distances 99 216 a445409091599c0356 Cs zero_jerk A 270.0 1600 5 50 0.322265625 3.9
repeat_distances 100 216 a8ec5a4cd4c41f5e7c Cs zero_jerk A 610.0 1600 5 50 0.23046875 3.46
repeat_distances 101 216 ecd34d36a25877f311 Cs zero_jerk A 270.0 2200 5 50 0.197265625 4.47
repeat_distances 102 216 7f6ebf57b98f91ccbb Cs zero_jerk A 610.0 2200 5 50 0.287109375 5.27
repeat_distances 103 216 05896ff21249a25fd4 Cs zero_jerk A 270.0 3000 5 50 0.0546875 4.68
repeat_distances 104 216 10a14b729b6b6c33b1 Cs zero_jerk A 610.0 3000 5 50 0.123046875 5.32
repeat_distances 105 216 ba93871e0972cf696a Cs zero_jerk A 270.0 4500 5 50 0.009765625 4.83
repeat_distances 106 216 f8b1619e40ceabdcd7 Cs zero_jerk A 610.0 4500 5 50 0.017578125 5.18
repeat_distances 107 216 51f3228cb307daddc6 Cs zero_jerk A 270.0 6000 5 50 0.0078125 5.28
repeat_distances 108 216 c81fd5b2c87382b0d4 Cs zero_jerk A 610.0 6000 5 50 0.005859375 5.47
repeat_distances 109 216 8f47135a9ca4f5f239 Cs zero_jerk B 270.0 600 5 50 0.0 0.13
repeat_distances 110 216 0d6a7170f458d6043e Cs zero_jerk B 610.0 600 5 50 0.0 0.06
repeat_distances 111 216 0deefe32346daf1add Cs zero_jerk B 270.0 800 5 50 0.12109375 1.38
repeat_distances 112 216 26f926c6971f349f7e Cs zero_jerk B 610.0 800 5 50 0.0 0.07
repeat_distances 113 216 2df6233e42df8874e6 Cs zero_jerk B 270.0 1000 5 50 0.625 2.67
repeat_distances 114 216 5eed7698abe3053a6f Cs zero_jerk B 610.0 1000 5 50 0.0 0.15
repeat_distances 115 216 679ae560d7f36934fa Cs zero_jerk B 270.0 1200 5 50 0.798828125 3.1
repeat_distances 116 216 5622d640d9af9d8ea8 Cs zero_jerk B 610.0 1200 5 50 0.0 0.53
repeat_distances 117 216 7cd512e0c00f17f642 Cs zero_jerk B 270.0 1600 5 50 0.900390625 3.94
repeat_distances 118 216 eeb938063ddfc7fe72 Cs zero_jerk B 610.0 1600 5 50 0.607421875 3.55
repeat_distances 119 216 754afded99f70816d9 Cs zero_jerk B 270.0 2200 5 50 0.947265625 4.95
repeat_distances 120 216 140da09220f31530eb Cs zero_jerk B 610.0 2200 5 50 0.873046875 4.78
repeat_distances 121 216 4610b2bc5e9be16bd6 Cs zero_jerk B 270.0 3000 5 50 0.95703125 6.37
repeat_distances 122 216 2adb9b0b5c7ce22ed9 Cs zero_jerk B 610.0 3000 5 50 0.947265625 6.41
repeat_distances 123 216 542b7dae4173abaab9 Cs zero_jerk B 270.0 4500 5 50 0.953125 9.26
repeat_distances 124 216 9a96b01ad422999793 Cs zero_jerk B 610.0 4500 5 50 0.95703125 9.19
repeat_distances 125 216 5b232897004bdc0d1c Cs zero_jerk B 270.0 6000 5 50 0.955078125 10.96
repeat_distances 126 216 d024b7ca2d9e21c45b Cs zero_jerk B 610.0 6000 5 50 0.95703125 11.3
repeat_distances 127 216 1225eee0439b946b5a Cs zero_jerk B 270.0 600 5 50 0.0 0.18
repeat_distances 128 216 1dcc610ea6d3ddadbe Cs zero_jerk B 610.0 600 5 50 0.0 0.09
repeat_distances 129 216 b96b1e07822de264dc Cs zero_jerk B 270.0 800 5 50 0.044921875 1.69
repeat_distances 130 216 d68d818fed47a3d834 Cs zero_jerk B 610.0 800 5 50 0.0 0.11
repeat_distances 131 216 b9a753498e538e1e59 Cs zero_jerk B 270.0 1000 5 50 0.2265625 3.01
repeat_distances 132 216 7202b85c18f764c614 Cs zero_jerk B 610.0 1000 5 50 0.0 0.21
repeat_distances 133 216 3dc643c3e0b6e374e2 Cs zero_jerk B 270.0 1200 5 50 0.228515625 3.26
repeat_distances 134 216 d0cdbf512246a72ea8 Cs zero_jerk B 610.0 1200 5 50 0.0 0.73
repeat_distances 135 216 89062177fc9ff58ab5 Cs zero_jerk B 270.0 1600 5 50 0.177734375 3.95
repeat_distances 136 216 8dfa21e567db77f015 Cs zero_jerk B 610.0 1600 5 50 0.14453125 3.68
repeat_distances 137 216 9d5b67cda86670f0d2 Cs zero_jerk B 270.0 2200 5 50 0.0859375 4.01
repeat_distances 138 216 d7996f17b45d0a6c97 Cs zero_jerk B 610.0 2200 5 50 0.119140625 4.41
repeat_distances 139 216 2be660cc38e6527178 Cs zero_jerk B 270.0 3000 5 50 0.029296875 3.91
repeat_distances 140 216 7acaa889e0be54b409 Cs zero_jerk B 610.0 3000 5 50 0.048828125 4.33
repeat_distances 141 216 01df8b828617dc082d Cs zero_jerk B 270.0 4500 5 50 0.005859375 4.18
repeat_distances 142 216 3cb09ea0ad90d66023 Cs zero_jerk B 610.0 4500 5 50 0.0078125 4.6
repeat_distances 143 216 3c60a993c73ced0170 Cs zero_jerk B 270.0 6000 5 50 0.0 4.01
repeat_distances 144 216 975c039363c6452b81 Cs zero_jerk B 610.0 6000 5 50 0.0 4.41
repeat_distances 145 216 4de4c277b3355c5d53 Cs min_jerk A 270.0 600 5 50 0.0 0.05
repeat_distances 146 216 36e2ff8df739caa808 Cs min_jerk A 610.0 600 5 50 0.0 0.04
repeat_distances 147 216 2db319aeee3a3e44da Cs min_jerk A 270.0 800 5 50 0.044921875 0.67
repeat_distances 148 216 b994991ac5a0f8355c Cs min_jerk A 610.0 800 5 50 0.0 0.05
repeat_distances 149 216 f68660f3b20afb66a8 Cs min_jerk A 270.0 1000 5 50 0.9140625 2.14
repeat_distances 150 216 4fd8a041c56c8bf387 Cs min_jerk A 610.0 1000 5 50 0.0 0.06
repeat_distances 151 216 c03b8bd082a6f11fb4 Cs min_jerk A 270.0 1200 5 50 0.998046875 2.46
repeat_distances 152 216 762781b5afdbb88112 Cs min_jerk A 610.0 1200 5 50 0.0 0.09
repeat_distances 153 216 fdd501b5170be91194 Cs min_jerk A 270.0 1600 5 50 1.0 3.22
repeat_distances 154 216 a54d4598c269c942ca Cs min_jerk A 610.0 1600 5 50 0.443359375 2.55
repeat_distances 155 216 494dbe75aab32a0cd8 Cs min_jerk A 270.0 2200 5 50 1.0 4.38
repeat_distances 156 216 e8ff7f166283c65ef0 Cs min_jerk A 610.0 2200 5 50 1.0 4.37
repeat_distances 157 216 1fe41ba787ff99c94f Cs min_jerk A 270.0 3000 5 50 1.0 5.87
repeat_distances 158 216 15b63b05da82bcdfdf Cs min_jerk A 610.0 3000 5 50 1.0 5.58
repeat_distances 159 216 bf139bff79d67fe708 Cs min_jerk A 270.0 4500 5 50 1.0 8.34
repeat_distances 160 216 5ce1c8f95464eaece0 Cs min_jerk A 610.0 4500 5 50 1.0 8.2
repeat_distances 161 216 afa1af71bf28ff8253 Cs min_jerk A 270.0 6000 5 50 1.0 11.03
repeat_distances 162 216 8852c9c06d871c487d Cs min_jerk A 610.0 6000 5 50 1.0 10.7
repeat_distances 163 216 002cf02b54d707521a Cs min_jerk A 270.0 600 5 50 0.0 0.07
repeat_distances 164 216 9f67c6bdcfa3e3ba01 Cs min_jerk A 610.0 600 5 50 0.0 0.06
repeat_distances 165 216 623bc9aa5111b1322a Cs min_jerk A 270.0 800 5 50 0.02734375 0.88
repeat_distances 166 216 07a4491d0f32594a59 Cs min_jerk A 610.0 800 5 50 0.0 0.08
repeat_distances 167 216 3f5bb62dcbf22de99a Cs min_jerk A 270.0 1000 5 50 0.45703125 2.71
repeat_distances 168 216 765cccaf0665ff68a8 Cs min_jerk A 610.0 1000 5 50 0.0 0.09
repeat_distances 169 216 90c98d8b6e3c3d5563 Cs min_jerk A 270.0 1200 5 50 0.490234375 3.43
repeat_distances 170 216 08b254e119e4f13835 Cs min_jerk A 610.0 1200 5 50 0.0 0.13
repeat_distances 171 216 be4757fe41647064c2 Cs min_jerk A 270.0 1600 5 50 0.37109375 4.03
repeat_distances 172 216 4d616ffbdb41602910 Cs min_jerk A 610.0 1600 5 50 0.123046875 3.13
repeat_distances 173 216 88b4afab8f6fe7111f Cs min_jerk A 270.0 2200 5 50 0.203125 4.22
repeat_distances 174 216 82cd244f4627c08e17 Cs min_jerk A 610.0 2200 5 50 0.3359375 5.09
repeat_distances 175 216 0c40a70316c16996aa Cs min_jerk A 270.0 3000 5 50 0.046875 4.55
repeat_distances 176 216 766ae80b9250a9ddc1 Cs min_jerk A 610.0 3000 5 50 0.12890625 5.4
repeat_distances 177 216 095f2c3b2c59b78c8a Cs min_jerk A 270.0 4500 5 50 0.01953125 4.42
repeat_distances 178 216 e5bb3bb7a223e1afda Cs min_jerk A 610.0 4500 5 50 0.01953125 5.46
repeat_distances 179 216 1effdc2db4a6f664eb Cs min_jerk A 270.0 6000 5 50 0.001953125 5.01
repeat_distances 180 216 e95c492084dc79a62c Cs min_jerk A 610.0 6000 5 50 0.001953125 5.38
repeat_distances 181 216 6ddf3780b2e3f086cf Cs min_jerk B 270.0 600 5 50 0.0 0.06
repeat_distances 182 216 ee9ff59813c86e1ce6 Cs min_jerk B 610.0 600 5 50 0.0 0.06
repeat_distances 183 216 73d30571f79fb8e519 Cs min_jerk B 270.0 800 5 50 0.00390625 0.67
repeat_distances 184 216 59ee40275cc022845b Cs min_jerk B 610.0 800 5 50 0.0 0.07
repeat_distances 185 216 1f904d54e2d78da2d0 Cs min_jerk B 270.0 1000 5 50 0.5546875 2.43
repeat_distances 186 216 05d095cb3c1ace3fe6 Cs min_jerk B 610.0 1000 5 50 0.0 0.08
repeat_distances 187 216 2c2861298d3adf3b2f Cs min_jerk B 270.0 1200 5 50 0.931640625 3.31
repeat_distances 188 216 ddb425f631181edeeb Cs min_jerk B 610.0 1200 5 50 0.0 0.11
repeat_distances 189 216 3349766753b2887790 Cs min_jerk B 270.0 1600 5 50 0.951171875 4.01
repeat_distances 190 216 115a55d3b8f09a3ac9 Cs min_jerk B 610.0 1600 5 50 0.326171875 2.8
repeat_distances 191 216 babda005209033c4e7 Cs min_jerk B 270.0 2200 5 50 0.958984375 4.99
repeat_distances 192 216 0395b7d49676d71759 Cs min_jerk B 610.0 2200 5 50 0.91796875 4.6
repeat_distances 193 216 7362b07474f74e1c4c Cs min_jerk B 270.0 3000 5 50 0.9609375 6.03
repeat_distances 194 216 512b9132c17fbfadb8 Cs min_jerk B 610.0 3000 5 50 0.958984375 6.26
repeat_distances 195 216 eee260486e33148b9d Cs min_jerk B 270.0 4500 5 50 0.962890625 9.07
repeat_distances 196 216 48e92b8533ba47364d Cs min_jerk B 610.0 4500 5 50 0.947265625 8.95
repeat_distances 197 216 ac7d50ff7e7b181f4e Cs min_jerk B 270.0 6000 5 50 0.95703125 11.62
repeat_distances 198 216 5846adad12bdfb34b0 Cs min_jerk B 610.0 6000 5 50 0.966796875 11.41
repeat_distances 199 216 bd30396c558f3fb589 Cs min_jerk B 270.0 600 5 50 0.0 0.09
repeat_distances 200 216 cb16b70b4990912b54 Cs min_jerk B 610.0 600 5 50 0.0 0.09
repeat_distances 201 216 04b8f05c00054aa465 Cs min_jerk B 270.0 800 5 50 0.0 0.75
repeat_distances 202 216 af39ff1a6265b3f6a0 Cs min_jerk B 610.0 800 5 50 0.0 0.1
repeat_distances 203 216 41413e067e952e0ee2 Cs min_jerk B 270.0 1000 5 50 0.212890625 2.43
repeat_distances 204 216 2355eaa571f12e8c07 Cs min_jerk B 610.0 1000 5 50 0.0 0.11
repeat_distances 205 216 ac01424cf31cd05acd Cs min_jerk B 270.0 1200 5 50 0.337890625 3.27
repeat_distances 206 216 56f620e43699f4d406 Cs min_jerk B 610.0 1200 5 50 0.0 0.16
repeat_distances 207 216 5702f695800767ca88 Cs min_jerk B 270.0 1600 5 50 0.171875 3.61
repeat_distances 208 216 a6ed272b0510502f4f Cs min_jerk B 610.0 1600 5 50 0.068359375 2.76
repeat_distances 209 216 b93df85804561f032b Cs min_jerk B 270.0 2200 5 50 0.103515625 3.65
repeat_distances 210 216 5b50f456ae0c785add Cs min_jerk B 610.0 2200 5 50 0.18359375 4.5
repeat_distances 211 216 6aa2dce48842699085 Cs min_jerk B 270.0 3000 5 50 0.037109375 3.73
repeat_distances 212 216 6b2e8bfac896344c27 Cs min_jerk B 610.0 3000 5 50 0.05078125 4.24
repeat_distances 213 216 19db4bd44c2cf8b585 Cs min_jerk B 270.0 4500 5 50 0.009765625 3.76
repeat_distances 214 216 50a945b047bb5dd7d5 Cs min_jerk B 610.0 4500 5 50 0.005859375 3.99
repeat_distances 215 216 f68d9b026085ed1f61 Cs min_jerk B 270.0 6000 5 50 0.001953125 3.52
repeat_distances 216 216 f2ebe51cd9493ee67a Cs min_jerk B 610.0 6000 5 50 0.001953125 3.91
repeat_confirm 1 52 a4807da725aa533d5f Cs rb_cubic A 270.0 1200 5 50 0.862060546875 30.92
repeat_confirm 2 52 5408cd6b89b19b9974 Cs rb_cubic A 270.0 1200 5 50 0.8642578125 30.32
repeat_confirm 3 52 455fb02d59f1309ccc Cs rb_cubic A 270.0 3000 5 50 0.999755859375 75.15
repeat_confirm 4 52 8dc4678a601da60e33 Cs rb_cubic A 270.0 3000 5 50 1.0 77.62
repeat_confirm 5 52 21b1d3e1fc861580a3 Cs rb_cubic B 270.0 6000 5 50 0.950927734375 160.49
repeat_confirm 6 52 564972caf8d521e111 Cs rb_cubic B 270.0 6000 5 50 0.943359375 158.45
repeat_confirm 7 52 20aa1702e3b43420f4 Cs zero_jerk A 270.0 1200 5 50 0.93994140625 34.12
repeat_confirm 8 52 843d85b9c39b726cd6 Cs zero_jerk A 270.0 1200 5 50 0.93603515625 33.09
repeat_confirm 9 52 663a08bce92c4017db Cs zero_jerk A 270.0 2200 5 50 0.999755859375 55.89
repeat_confirm 10 52 35524e85a34d6ae0fd Cs zero_jerk A 270.0 2200 5 50 1.0 57.87
repeat_confirm 11 52 6015f004fc75acfd22 Cs zero_jerk B 270.0 3000 5 50 0.94677734375 85.34
repeat_confirm 12 52 0ae5e67b8887c05d47 Cs zero_jerk B 270.0 3000 5 50 0.936767578125 83.65
repeat_confirm 13 52 954c97829ebc466afd Cs min_jerk A 270.0 1200 5 50 0.996826171875 35.25
repeat_confirm 14 52 9671c5d32a755b049f Cs min_jerk A 270.0 1200 5 50 0.9970703125 35.07
repeat_confirm 15 52 6acc4fb8e22372c624 Cs min_jerk A 270.0 1600 5 50 0.99951171875 43.61
repeat_confirm 16 52 c31fcf64cbe990432e Cs min_jerk A 270.0 1600 5 50 0.999755859375 43.5
repeat_confirm 17 52 a9ad5c16736e715993 Cs min_jerk B 270.0 4500 5 50 0.950927734375 128.16
repeat_confirm 18 52 98e1c153d0fd30d343 Cs min_jerk B 270.0 4500 5 50 0.9443359375 124.78
repeat_confirm 19 52 86933f7c0717477a89 Cs rb_cubic A 510.0 2200 5 50 0.98828125 61.17
repeat_confirm 20 52 e5549a2397f00da1b2 Cs rb_cubic A 510.0 2200 5 50 0.991455078125 61.98
repeat_confirm 21 52 05a455979890b1d25f Cs rb_cubic A 510.0 3000 5 50 0.999755859375 81.04
repeat_confirm 22 52 2637778b825be7218d Cs rb_cubic A 510.0 3000 5 50 0.999755859375 89.96
repeat_confirm 23 52 0a876ff95be754e581 Cs rb_cubic B 510.0 4500 5 50 0.94580078125 140.57
repeat_confirm 24 52 8651b4c14aed8d2489 Cs rb_cubic B 510.0 4500 5 50 0.93994140625 129.88
repeat_confirm 25 52 6ff1d64986ab35a2d4 Cs zero_jerk A 510.0 1600 5 50 0.886962890625 44.04
repeat_confirm 26 52 aca48fe829d1dbf91c Cs zero_jerk A 510.0 1600 5 50 0.88330078125 43.13
repeat_confirm 27 52 2b05cff23014a720c1 Cs zero_jerk A 510.0 3000 5 50 0.999755859375 79.23
repeat_confirm 28 52 c10d3b7ea7f18dfae9 Cs zero_jerk A 510.0 3000 5 50 0.99951171875 76.78
repeat_confirm 29 52 4e2b6ed495924f80d2 Cs zero_jerk B 510.0 6000 5 50 0.948486328125 161.33
repeat_confirm 30 52 996279fe358ba039d7 Cs zero_jerk B 510.0 6000 5 50 0.93994140625 186.53
repeat_confirm 31 52 e7219fb92a93870952 Cs min_jerk A 510.0 1600 5 50 0.962158203125 51.01
repeat_confirm 32 52 7c1a892b51916728c8 Cs min_jerk A 510.0 1600 5 50 0.962646484375 50.99
repeat_confirm 33 52 b9ec8a96f398c0ff8a Cs min_jerk A 510.0 2200 5 50 0.999267578125 79.8
repeat_confirm 34 52 5fe95382ed384bc554 Cs min_jerk A 510.0 2200 5 50 0.99951171875 78.61
repeat_confirm 35 52 fd0bbafd91e1797792 Cs min_jerk B 510.0 6000 5 50 0.949951171875 218.38
repeat_confirm 36 52 f3fb4e51ff8f31449e Cs min_jerk B 510.0 6000 5 50 0.941162109375 214.51
repeat_confirm 37 52 6d89faa341f2b877cd Cs rb_cubic A 610.0 2200 5 50 0.972900390625 69.24
repeat_confirm 38 52 8465bdd25faaeea9b7 Cs rb_cubic A 610.0 2200 5 50 0.96875 70.28
repeat_confirm 39 52 365a45f862868efe86 Cs rb_cubic A 610.0 3000 5 50 0.99853515625 98.74
repeat_confirm 40 52 2ad4e23151f344ebda Cs rb_cubic A 610.0 3000 5 50 0.9990234375 94.3
repeat_confirm 42 52 5454c9c9a94d2c27ac Cs rb_cubic B 610.0 6000 5 50 0.936767578125 185.63
repeat_confirm 50 52 09bffb579582c89552 Cs min_jerk A 610.0 2200 5 50 0.998046875 68.19
repeat_confirm 51 52 326215d4553baa3f6c Cs min_jerk B 610.0 6000 5 50 0.947021484375 170.14
repeat_confirm 52 52 88c2db742caa937a38 Cs min_jerk B 610.0 6000 5 50 0.944580078125 157.71
