mechanisms 1 288 3209f42e1fe8df37da Cs rb_cubic A 510.0 400 0.0 1 0.0 0.12
mechanisms 2 288 d10fc5c8f80403f2ea Cs rb_cubic B 510.0 400 0.0 1 0.001953125 0.03
mechanisms 3 288 b55890d2f5a8ed28be Cs rb_cubic B 510.0 400 0.0 1 0.0 0.03
mechanisms 4 288 b023ace104f352fe70 Cs rb_cubic B 510.0 400 0.0 1 0.0 0.05
mechanisms 5 288 3720ebdd876579e176 Cs rb_cubic A 510.0 600 0.0 1 0.935546875 0.04
mechanisms 6 288 14886d053902e71cef Cs rb_cubic B 510.0 600 0.0 1 0.828125 0.03
mechanisms 7 288 dc3163908c8dd457a6 Cs rb_cubic B 510.0 600 0.0 1 0.830078125 0.04
mechanisms 8 288 d5dc44092e3f1fc356 Cs rb_cubic B 510.0 600 0.0 1 0.810546875 0.06
mechanisms 9 288 183db15779bb21c958 Cs rb_cubic A 510.0 800 0.0 1 0.998046875 0.05
mechanisms 10 288 59cc4ddaa23be11579 Cs rb_cubic B 510.0 800 0.0 1 0.9765625 0.04
mechanisms 11 288 99e60ba5b9792d79b0 Cs rb_cubic B 510.0 800 0.0 1 0.974609375 0.04
mechanisms 12 288 441cac535eeaf08a3a Cs rb_cubic B 510.0 800 0.0 1 0.96875 0.07
mechanisms 13 288 76a76beebea8adda65 Cs rb_cubic A 510.0 1000 0.0 1 0.998046875 0.08
mechanisms 14 288 fad2b4e4d9b11f7fb8 Cs rb_cubic B 510.0 1000 0.0 1 0.99609375 0.05
mechanisms 15 288 0dfc9b887b723d3404 Cs rb_cubic B 510.0 1000 0.0 1 0.99609375 0.05
mechanisms 16 288 35911db99947064db6 Cs rb_cubic B 510.0 1000 0.0 1 0.9921875 0.08
mechanisms 17 288 09d030467a05a64043 Cs rb_cubic A 510.0 1200 0.0 1 0.998046875 0.07
mechanisms 18 288 37a96e189185515906 Cs rb_cubic B 510.0 1200 0.0 1 0.99609375 0.05
mechanisms 19 288 2bbe9d2882f0aaeabe Cs rb_cubic B 510.0 1200 0.0 1 1.0 0.05
mechanisms 20 288 218fab8bdb600d9984 Cs rb_cubic B 510.0 1200 0.0 1 0.99609375 0.08
mechanisms 21 288 8a47543ddb76b9b73b Cs rb_cubic A 510.0 1600 0.0 1 1.0 0.08
mechanisms 22 288 be9d9bc96af0301f57 Cs rb_cubic B 510.0 1600 0.0 1 1.0 0.06
mechanisms 23 288 abeb3293ada172d698 Cs rb_cubic B 510.0 1600 0.0 1 1.0 0.06
mechanisms 24 288 25215cd1f4a1b4e83f Cs rb_cubic B 510.0 1600 0.0 1 0.994140625 0.1
mechanisms 25 288 8642a3f44353c44569 Cs rb_cubic A 510.0 2200 0.0 1 1.0 0.12
mechanisms 26 288 c484093c64130dfd14 Cs rb_cubic B 510.0 2200 0.0 1 1.0 0.08
mechanisms 27 288 e7f02f3cf0221654eb Cs rb_cubic B 510.0 2200 0.0 1 1.0 0.08
mechanisms 28 288 7d1757696324006b2b Cs rb_cubic B 510.0 2200 0.0 1 0.9921875 0.14
mechanisms 29 288 fd383958129a27d887 Cs rb_cubic A 510.0 3000 0.0 1 1.0 0.15
mechanisms 30 288 d118c56df26cf99fdc Cs rb_cubic B 510.0 3000 0.0 1 1.0 0.1
mechanisms 31 288 e7a588fdffbd16231d Cs rb_cubic B 510.0 3000 0.0 1 1.0 0.1
mechanisms 32 288 6f6eb3bf2ec34ee4ee Cs rb_cubic B 510.0 3000 0.0 1 0.994140625 0.17
mechanisms 33 288 66432f2e90662be5fb Cs rb_cubic A 510.0 4500 0.0 1 1.0 0.22
mechanisms 34 288 e6ae30a8ae315b18f8 Cs rb_cubic B 510.0 4500 0.0 1 1.0 0.15
mechanisms 35 288 2484ba9b94bcdbd9b8 Cs rb_cubic B 510.0 4500 0.0 1 1.0 0.14
mechanisms 36 288 91d9c6207a6b285062 Cs rb_cubic B 510.0 4500 0.0 1 0.990234375 0.24
mechanisms 37 288 6a873eb1e28c53976f Cs rb_cubic A 510.0 6000 0.0 1 1.0 0.29
mechanisms 38 288 a40f1eb3c78192e720 Cs rb_cubic B 510.0 6000 0.0 1 1.0 0.18
mechanisms 39 288 952830fb331a8c4e8a Cs rb_cubic B 510.0 6000 0.0 1 1.0 0.18
mechanisms 40 288 65ce3d73c651be3134 Cs rb_cubic B 510.0 6000 0.0 1 0.9765625 0.32
mechanisms 41 288 9b16eaee33c4cd0d21 Cs rb_cubic A 510.0 400 5.0 1 0.0 0.03
mechanisms 42 288 ac6d2ae60ce0829fc6 Cs rb_cubic B 510.0 400 5.0 1 0.0 0.03
mechanisms 43 288 5231a6b2c20a3cd214 Cs rb_cubic B 510.0 400 5.0 1 0.0 0.03
mechanisms 44 288 677e4bb5cb05a12219 Cs rb_cubic B 510.0 400 5.0 1 0.0 0.05
mechanisms 45 288 235154f1ca1dacc42b Cs rb_cubic A 510.0 600 5.0 1 0.0 0.04
mechanisms 46 288 d978942e236489ef3d Cs rb_cubic B 510.0 600 5.0 1 0.0 0.04
mechanisms 47 288 7ccbca0ddf7f6dba1c Cs rb_cubic B 510.0 600 5.0 1 0.0 0.04
mechanisms 48 288 4af019083df394da3d Cs rb_cubic B 510.0 600 5.0 1 0.0 0.06
mechanisms 49 288 e11cb6ad03e7011e96 Cs rb_cubic A 510.0 800 5.0 1 0.2734375 0.05
mechanisms 50 288 4c560fb41bb2841d15 Cs rb_cubic B 510.0 800 5.0 1 0.2578125 0.04
mechanisms 51 288 aa54fefc0bcd6531ad Cs rb_cubic B 510.0 800 5.0 1 0.232421875 0.04
mechanisms 52 288 9f9071bb00370ad92c Cs rb_cubic B 510.0 800 5.0 1 0.2421875 0.07
mechanisms 53 288 827c23ddb13174ec51 Cs rb_cubic A 510.0 1000 5.0 1 0.9765625 0.06
mechanisms 54 288 bc0d9d9f49617994ef Cs rb_cubic B 510.0 1000 5.0 1 0.935546875 0.05
mechanisms 55 288 a8c68f2449f88c23a2 Cs rb_cubic B 510.0 1000 5.0 1 0.94921875 0.05
mechanisms 56 288 bbfe9f2fe3bf415799 Cs rb_cubic B 510.0 1000 5.0 1 0.9453125 0.08
mechanisms 57 288 442ee9868f8f6aed75 Cs rb_cubic A 510.0 1200 5.0 1 1.0 0.07
mechanisms 58 288 17caecfb6dd00257d8 Cs rb_cubic B 510.0 1200 5.0 1 0.9921875 0.05
mechanisms 59 288 9d38ff7a3d6399cdf1 Cs rb_cubic B 510.0 1200 5.0 1 0.994140625 0.05
mechanisms 60 288 bcbe6b9e01577d841a Cs rb_cubic B 510.0 1200 5.0 1 0.990234375 0.09
mechanisms 61 288 d702bc88164393c88d Cs rb_cubic A 510.0 1600 5.0 1 1.0 0.09
mechanisms 62 288 9cd9c081bd07a48a65 Cs rb_cubic B 510.0 1600 5.0 1 0.998046875 0.06
mechanisms 63 288 59a2d1a06d3d667bb5 Cs rb_cubic B 510.0 1600 5.0 1 0.998046875 0.06
mechanisms 64 288 8939d3a8de9ed16572 Cs rb_cubic B 510.0 1600 5.0 1 0.998046875 0.1
mechanisms 65 288 b99581d4f378fd941e Cs rb_cubic A 510.0 2200 5.0 1 1.0 0.11
mechanisms 66 288 0011bf577ea03e16c2 Cs rb_cubic B 510.0 2200 5.0 1 1.0 0.08
mechanisms 67 288 d8057592d779478ced Cs rb_cubic B 510.0 2200 5.0 1 1.0 0.08
mechanisms 68 288 73902f9165a9c94234 Cs rb_cubic B 510.0 2200 5.0 1 0.994140625 0.13
mechanisms 69 288 6374f06b025150c4e0 Cs rb_cubic A 510.0 3000 5.0 1 1.0 0.15
mechanisms 70 288 dce0afc29bbb0eab10 Cs rb_cubic B 510.0 3000 5.0 1 1.0 0.1
mechanisms 71 288 a6e57329331d1a3fee Cs rb_cubic B 510.0 3000 5.0 1 1.0 0.1
mechanisms 72 288 0c87bb748a02f1fdbc Cs rb_cubic B 510.0 3000 5.0 1 0.99609375 0.17
mechanisms 73 288 849f2f9d45c59e0cef Cs rb_cubic A 510.0 4500 5.0 1 1.0 0.22
mechanisms 74 288 24f723969aef5fda53 Cs rb_cubic B 510.0 4500 5.0 1 1.0 0.14
mechanisms 75 288 d9c361795f9a730ed8 Cs rb_cubic B 510.0 4500 5.0 1 1.0 0.14
mechanisms 76 288 215f4a4d0c9cb4e1bf Cs rb_cubic B 510.0 4500 5.0 1 0.986328125 0.24
mechanisms 77 288 770316bce90564dad6 Cs rb_cubic A 510.0 6000 5.0 1 0.998046875 0.29
mechanisms 78 288 55ec10c5bb497b7e71 Cs rb_cubic B 510.0 6000 5.0 1 1.0 0.18
mechanisms 79 288 53af704488baeb7baf Cs rb_cubic B 510.0 6000 5.0 1 1.0 0.18
mechanisms 80 288 ed0126c9ed24e1af22 Cs rb_cubic B 510.0 6000 5.0 1 0.978515625 0.31
mechanisms 81 288 d8502e0f6e8c898b6a Cs zero_jerk A 510.0 400 0.0 1 0.025390625 0.03
mechanisms 82 288 cdf88bd516df46dc52 Cs zero_jerk B 510.0 400 0.0 1 0.0234375 0.03
mechanisms 83 288 e97e7ad6d0aa55b56d Cs zero_jerk B 510.0 400 0.0 1 0.029296875 0.03
mechanisms 84 288 775bf5b88947ec11ca Cs zero_jerk B 510.0 400 0.0 1 0.029296875 0.05
mechanisms 85 288 5db38eceec5ae8dd62 Cs zero_jerk A 510.0 600 0.0 1 0.9609375 0.04
mechanisms 86 288 a69b9cac2bbc77d8b9 Cs zero_jerk B 510.0 600 0.0 1 0.90625 0.03
mechanisms 87 288 275f1f225fd2fd721a Cs zero_jerk B 510.0 600 0.0 1 0.912109375 0.03
mechanisms 88 288 342265d8f0dc94cd3f Cs zero_jerk B 510.0 600 0.0 1 0.890625 0.06
mechanisms 89 288 69e508a6f7951a271c Cs zero_jerk A 510.0 800 0.0 1 0.998046875 0.05
mechanisms 90 288 05ad3ed150aecae0de Cs zero_jerk B 510.0 800 0.0 1 0.98828125 0.04
mechanisms 91 288 2293181d54ee0fea42 Cs zero_jerk B 510.0 800 0.0 1 0.98828125 0.04
mechanisms 92 288 dfbbf11aa84404db55 Cs zero_jerk B 510.0 800 0.0 1 0.9765625 0.07
mechanisms 93 288 b4f40147a1d073e599 Cs zero_jerk A 510.0 1000 0.0 1 0.998046875 0.06
mechanisms 94 288 4847f831316e8c3e05 Cs zero_jerk B 510.0 1000 0.0 1 0.99609375 0.05
mechanisms 95 288 34e1466b935741b503 Cs zero_jerk B 510.0 1000 0.0 1 0.99609375 0.05
mechanisms 96 288 70cfd682337f8d2ee9 Cs zero_jerk B 510.0 1000 0.0 1 0.9921875 0.08
mechanisms 97 288 9929bf1f0dc374f2c9 Cs zero_jerk A 510.0 1200 0.0 1 0.998046875 0.07
mechanisms 98 288 f647d9ac449b81c407 Cs zero_jerk B 510.0 1200 0.0 1 0.998046875 0.05
mechanisms 99 288 ea52042beac693b9c6 Cs zero_jerk B 510.0 1200 0.0 1 1.0 0.05
mechanisms 100 288 098544c49ea6979d18 Cs zero_jerk B 510.0 1200 0.0 1 1.0 0.08
mechanisms 101 288 3bb23b10563a21512f Cs zero_jerk A 510.0 1600 0.0 1 1.0 0.08
mechanisms 102 288 b2c721bb1674e5845c Cs zero_jerk B 510.0 1600 0.0 1 1.0 0.06
mechanisms 103 288 9c06e76c9d0dca9808 Cs zero_jerk B 510.0 1600 0.0 1 1.0 0.07
mechanisms 104 288 a99338c5e83e88ec16 Cs zero_jerk B 510.0 1600 0.0 1 0.99609375 0.11
mechanisms 105 288 583c3b0dfeb2a16979 Cs zero_jerk A 510.0 2200 0.0 1 1.0 0.12
mechanisms 106 288 52f22c3e0c395f0f96 Cs zero_jerk B 510.0 2200 0.0 1 1.0 0.09
mechanisms 107 288 31b7465e40853d5caa Cs zero_jerk B 510.0 2200 0.0 1 1.0 0.09
mechanisms 108 288 b9c99e28c483985cce Cs zero_jerk B 510.0 2200 0.0 1 0.9921875 0.14
mechanisms 109 288 39ecfe264d9214058e Cs zero_jerk A 510.0 3000 0.0 1 1.0 0.16
mechanisms 110 288 c24af8a4cf4f9074ae Cs zero_jerk B 510.0 3000 0.0 1 1.0 0.13
mechanisms 111 288 d3ddc4bbac326a3169 Cs zero_jerk B 510.0 3000 0.0 1 1.0 0.11
mechanisms 112 288 ae5c4d56ed6bddfe4d Cs zero_jerk B 510.0 3000 0.0 1 0.986328125 0.17
mechanisms 113 288 3fd4b38e1e57ad8e67 Cs zero_jerk A 510.0 4500 0.0 1 0.998046875 0.22
mechanisms 114 288 5be76df34fa07aa7d5 Cs zero_jerk B 510.0 4500 0.0 1 1.0 0.14
mechanisms 115 288 656af800c431c1d9f0 Cs zero_jerk B 510.0 4500 0.0 1 1.0 0.14
mechanisms 116 288 56d880296ce8413526 Cs zero_jerk B 510.0 4500 0.0 1 0.986328125 0.25
mechanisms 117 288 64088262d0298a84cb Cs zero_jerk A 510.0 6000 0.0 1 1.0 0.29
mechanisms 118 288 f13f136402e38da38d Cs zero_jerk B 510.0 6000 0.0 1 1.0 0.19
mechanisms 119 288 cc16683b263ea2130d Cs zero_jerk B 510.0 6000 0.0 1 1.0 0.19
mechanisms 120 288 cde25fb133f98720f1 Cs zero_jerk B 510.0 6000 0.0 1 0.978515625 0.31
mechanisms 121 288 ae0c904fdf15d779a2 Cs zero_jerk A 510.0 400 5.0 1 0.0 0.03
mechanisms 122 288 4e2a9d918b575ae862 Cs zero_jerk B 510.0 400 5.0 1 0.0 0.03
mechanisms 123 288 3b7077e65f284c707f Cs zero_jerk B 510.0 400 5.0 1 0.0 0.03
mechanisms 124 288 43389100b2d216e6ee Cs zero_jerk B 510.0 400 5.0 1 0.0 0.05
mechanisms 125 288 1cad6ca44a90191053 Cs zero_jerk A 510.0 600 5.0 1 0.0 0.04
mechanisms 126 288 09130a3f33b8f20430 Cs zero_jerk B 510.0 600 5.0 1 0.0 0.04
mechanisms 127 288 c261c24a3ff55848cd Cs zero_jerk B 510.0 600 5.0 1 0.0 0.04
mechanisms 128 288 3bf44ae0098d4812a6 Cs zero_jerk B 510.0 600 5.0 1 0.0 0.06
mechanisms 129 288 d433a33dfab245dbef Cs zero_jerk A 510.0 800 5.0 1 0.162109375 0.05
mechanisms 130 288 c34fa4b41bf595a135 Cs zero_jerk B 510.0 800 5.0 1 0.150390625 0.04
mechanisms 131 288 483f684e9c07f36dfc Cs zero_jerk B 510.0 800 5.0 1 0.13671875 0.04
mechanisms 132 288 d9e9ac8565bfc4b8a6 Cs zero_jerk B 510.0 800 5.0 1 0.13671875 0.07
mechanisms 133 288 e1405198f41d3d5938 Cs zero_jerk A 510.0 1000 5.0 1 0.92578125 0.06
mechanisms 134 288 259a2a128c2d742f79 Cs zero_jerk B 510.0 1000 5.0 1 0.8671875 0.05
mechanisms 135 288 823ff66e78496906aa Cs zero_jerk B 510.0 1000 5.0 1 0.884765625 0.05
mechanisms 136 288 47e76a011572c5b630 Cs zero_jerk B 510.0 1000 5.0 1 0.869140625 0.07
mechanisms 137 288 f46e093ae8da4707b4 Cs zero_jerk A 510.0 1200 5.0 1 0.998046875 0.07
mechanisms 138 288 9e08b25888aa4d3942 Cs zero_jerk B 510.0 1200 5.0 1 0.99609375 0.05
mechanisms 139 288 7632d25d6c1045fc72 Cs zero_jerk B 510.0 1200 5.0 1 0.990234375 0.05
mechanisms 140 288 36f8ca6c9fcffec5bd Cs zero_jerk B 510.0 1200 5.0 1 0.98828125 0.08
mechanisms 141 288 67a735c98d3e229659 Cs zero_jerk A 510.0 1600 5.0 1 1.0 0.08
mechanisms 142 288 ebbb526e3d2e5364b9 Cs zero_jerk B 510.0 1600 5.0 1 0.99609375 0.06
mechanisms 143 288 74b024295d1ddb4f2c Cs zero_jerk B 510.0 1600 5.0 1 0.998046875 0.06
mechanisms 144 288 c92ff26113fba7342a Cs zero_jerk B 510.0 1600 5.0 1 0.99609375 0.1
mechanisms 145 288 854f32ed8921116e45 Cs zero_jerk A 510.0 2200 5.0 1 1.0 0.11
mechanisms 146 288 0d862e8f4e3fddac00 Cs zero_jerk B 510.0 2200 5.0 1 1.0 0.08
mechanisms 147 288 8470390abdd11b1419 Cs zero_jerk B 510.0 2200 5.0 1 1.0 0.08
mechanisms 148 288 c1d567990c0750a6af Cs zero_jerk B 510.0 2200 5.0 1 1.0 0.13
mechanisms 149 288 68313e5cdf99d6fb0c Cs zero_jerk A 510.0 3000 5.0 1 1.0 0.15
mechanisms 150 288 790d23d41cf8a17fc8 Cs zero_jerk B 510.0 3000 5.0 1 1.0 0.1
mechanisms 151 288 f6c5d0d0531d0c1f70 Cs zero_jerk B 510.0 3000 5.0 1 1.0 0.1
mechanisms 152 288 474167438f94213ccf Cs zero_jerk B 510.0 3000 5.0 1 0.998046875 0.17
mechanisms 153 288 2bb19b510f58aaf00a Cs zero_jerk A 510.0 4500 5.0 1 1.0 0.22
mechanisms 154 288 a89e99ea4dca63cbf0 Cs zero_jerk B 510.0 4500 5.0 1 1.0 0.14
mechanisms 155 288 1ae97260756d4672e2 Cs zero_jerk B 510.0 4500 5.0 1 1.0 0.15
mechanisms 156 288 0175a2d656d1c841ee Cs zero_jerk B 510.0 4500 5.0 1 0.986328125 0.24
mechanisms 157 288 34dc62a5c079087911 Cs zero_jerk A 510.0 6000 5.0 1 0.998046875 0.29
mechanisms 158 288 9a10446e5e48e4c18b Cs zero_jerk B 510.0 6000 5.0 1 1.0 0.18
mechanisms 159 288 438a26fa7fc8134154 Cs zero_jerk B 510.0 6000 5.0 1 1.0 0.18
mechanisms 160 288 84b1b5e77047e3f1cf Cs zero_jerk B 510.0 6000 5.0 1 0.984375 0.32
mechanisms 161 288 88038242877cee8886 Cs min_jerk A 510.0 400 0.0 1 0.005859375 0.03
mechanisms 162 288 b3692be657bc338f36 Cs min_jerk B 510.0 400 0.0 1 0.0078125 0.03
mechanisms 163 288 d5c559357fc60835d6 Cs min_jerk B 510.0 400 0.0 1 0.01171875 0.03
mechanisms 164 288 143f1ea04d85186aac Cs min_jerk B 510.0 400 0.0 1 0.009765625 0.05
mechanisms 165 288 adf912b2ffd821fffa Cs min_jerk A 510.0 600 0.0 1 0.984375 0.04
mechanisms 166 288 29723eee2eeefd1f25 Cs min_jerk B 510.0 600 0.0 1 0.921875 0.03
mechanisms 167 288 0e6a34613af4bba6f7 Cs min_jerk B 510.0 600 0.0 1 0.9140625 0.04
mechanisms 168 288 a1f282826c3ab60ea4 Cs min_jerk B 510.0 600 0.0 1 0.8984375 0.06
mechanisms 169 288 e0f625e6c341c15596 Cs min_jerk A 510.0 800 0.0 1 0.998046875 0.05
mechanisms 170 288 fc6f578ff26ff4654e Cs min_jerk B 510.0 800 0.0 1 0.990234375 0.04
mechanisms 171 288 6f9869814085a11a9e Cs min_jerk B 510.0 800 0.0 1 0.990234375 0.04
mechanisms 172 288 1b5163c5ce942dad03 Cs min_jerk B 510.0 800 0.0 1 0.98046875 0.07
mechanisms 173 288 8361a12b277b1868b3 Cs min_jerk A 510.0 1000 0.0 1 0.998046875 0.06
mechanisms 174 288 7cdd641e15c7471fa2 Cs min_jerk B 510.0 1000 0.0 1 0.998046875 0.05
mechanisms 175 288 7ba952e754297809a6 Cs min_jerk B 510.0 1000 0.0 1 0.99609375 0.05
mechanisms 176 288 c0384903602318015b Cs min_jerk B 510.0 1000 0.0 1 0.99609375 0.07
mechanisms 177 288 9cc4e481b9673b10ef Cs min_jerk A 510.0 1200 0.0 1 1.0 0.07
mechanisms 178 288 ffb76b321b38d53919 Cs min_jerk B 510.0 1200 0.0 1 1.0 0.05
mechanisms 179 288 778fd7a22e2b038e85 Cs min_jerk B 510.0 1200 0.0 1 1.0 0.06
mechanisms 180 288 849de33c280a62c2f9 Cs min_jerk B 510.0 1200 0.0 1 0.998046875 0.08
mechanisms 181 288 b1a24f36c1a369771c Cs min_jerk A 510.0 1600 0.0 1 1.0 0.09
mechanisms 182 288 1bb7653ddb9cdc33d8 Cs min_jerk B 510.0 1600 0.0 1 1.0 0.07
mechanisms 183 288 acc297be2e645c73c6 Cs min_jerk B 510.0 1600 0.0 1 1.0 0.06
mechanisms 184 288 905dc9682cc6730170 Cs min_jerk B 510.0 1600 0.0 1 0.99609375 0.1
mechanisms 185 288 3ebbf1fac1b16806af Cs min_jerk A 510.0 2200 0.0 1 1.0 0.11
mechanisms 186 288 e452993a78d1138e4b Cs min_jerk B 510.0 2200 0.0 1 1.0 0.08
mechanisms 187 288 f1a57422cf778d68b8 Cs min_jerk B 510.0 2200 0.0 1 1.0 0.08
mechanisms 188 288 1649e4d823e91f12a6 Cs min_jerk B 510.0 2200 0.0 1 0.9921875 0.13
mechanisms 189 288 3a12df3218e3582c2a Cs min_jerk A 510.0 3000 0.0 1 1.0 0.15
mechanisms 190 288 d677388711628aa3eb Cs min_jerk B 510.0 3000 0.0 1 1.0 0.1
mechanisms 191 288 2ee4db7f40e10c02cc Cs min_jerk B 510.0 3000 0.0 1 1.0 0.1
mechanisms 192 288 710c072ffd7f3d8a58 Cs min_jerk B 510.0 3000 0.0 1 0.994140625 0.17
mechanisms 193 288 cdb19fdce089bf72fe Cs min_jerk A 510.0 4500 0.0 1 1.0 0.22
mechanisms 194 288 2480d8e3ae35d67bf4 Cs min_jerk B 510.0 4500 0.0 1 1.0 0.14
mechanisms 195 288 c50d8c30e4c1e9518f Cs min_jerk B 510.0 4500 0.0 1 1.0 0.14
mechanisms 196 288 9c906e119375b4af05 Cs min_jerk B 510.0 4500 0.0 1 0.990234375 0.24
mechanisms 197 288 1cd92c56be37fdf595 Cs min_jerk A 510.0 6000 0.0 1 1.0 0.3
mechanisms 198 288 20c4e0069d361dc7fd Cs min_jerk B 510.0 6000 0.0 1 1.0 0.18
mechanisms 199 288 69def6f7405aeff2c3 Cs min_jerk B 510.0 6000 0.0 1 1.0 0.18
mechanisms 200 288 5e53d78fd5b8c3a7ed Cs min_jerk B 510.0 6000 0.0 1 0.974609375 0.31
mechanisms 201 288 0b8980869de3de42ba Cs min_jerk A 510.0 400 5.0 1 0.0 0.03
mechanisms 202 288 1df1ff367271203219 Cs min_jerk B 510.0 400 5.0 1 0.0 0.03
mechanisms 203 288 250837612df827c73e Cs min_jerk B 510.0 400 5.0 1 0.0 0.03
mechanisms 204 288 f90668d81ae7c93ed8 Cs min_jerk B 510.0 400 5.0 1 0.0 0.05
mechanisms 205 288 d46891c9079f0ec88c Cs min_jerk A 510.0 600 5.0 1 0.0 0.04
mechanisms 206 288 bae6db4753ae103651 Cs min_jerk B 510.0 600 5.0 1 0.0 0.04
mechanisms 207 288 1ce2892184f48d3875 Cs min_jerk B 510.0 600 5.0 1 0.0 0.04
mechanisms 208 288 69062643b950eb1b32 Cs min_jerk B 510.0 600 5.0 1 0.0 0.06
mechanisms 209 288 0516f141fd3e4a1145 Cs min_jerk A 510.0 800 5.0 1 0.0 0.05
mechanisms 210 288 1f2f54a64f1672691f Cs min_jerk B 510.0 800 5.0 1 0.0 0.04
mechanisms 211 288 5756043b586972e7b2 Cs min_jerk B 510.0 800 5.0 1 0.0 0.05
mechanisms 212 288 e758a5c7435d287934 Cs min_jerk B 510.0 800 5.0 1 0.0 0.07
mechanisms 213 288 fee9d2e9cfcbcfbaf1 Cs min_jerk A 510.0 1000 5.0 1 0.080078125 0.06
mechanisms 214 288 2dab3c4ded75ad643b Cs min_jerk B 510.0 1000 5.0 1 0.080078125 0.05
mechanisms 215 288 041f6123c8ca01b946 Cs min_jerk B 510.0 1000 5.0 1 0.078125 0.05
mechanisms 216 288 755eb8d180e5a2cde2 Cs min_jerk B 510.0 1000 5.0 1 0.076171875 0.08
mechanisms 217 288 680493b21a4d4476fc Cs min_jerk A 510.0 1200 5.0 1 0.890625 0.07
mechanisms 218 288 205115787dc3958ff5 Cs min_jerk B 510.0 1200 5.0 1 0.80859375 0.05
mechanisms 219 288 3c2a7341217b286601 Cs min_jerk B 510.0 1200 5.0 1 0.828125 0.05
mechanisms 220 288 cf4550099cc0b76cbb Cs min_jerk B 510.0 1200 5.0 1 0.79296875 0.08
mechanisms 221 288 a4f7791fa072ae4ebe Cs min_jerk A 510.0 1600 5.0 1 1.0 0.08
mechanisms 222 288 e5c3dba92056d78b27 Cs min_jerk B 510.0 1600 5.0 1 0.99609375 0.06
mechanisms 223 288 ebc769f2f5e7523432 Cs min_jerk B 510.0 1600 5.0 1 0.998046875 0.06
mechanisms 224 288 f42b956b9b973f7533 Cs min_jerk B 510.0 1600 5.0 1 0.998046875 0.1
mechanisms 225 288 a12c4f8b0a206878aa Cs min_jerk A 510.0 2200 5.0 1 1.0 0.11
mechanisms 226 288 a40e7985c3ce5d9832 Cs min_jerk B 510.0 2200 5.0 1 1.0 0.08
mechanisms 227 288 55a742ff21a52247dd Cs min_jerk B 510.0 2200 5.0 1 1.0 0.08
mechanisms 228 288 b0dc7a654b0728bfcc Cs min_jerk B 510.0 2200 5.0 1 0.998046875 0.13
mechanisms 229 288 dec3202fbfc925570e Cs min_jerk A 510.0 3000 5.0 1 1.0 0.15
mechanisms 230 288 ce207df9a18403135b Cs min_jerk B 510.0 3000 5.0 1 1.0 0.1
mechanisms 231 288 fb2955873dde849a8b Cs min_jerk B 510.0 3000 5.0 1 1.0 0.1
mechanisms 232 288 bfa06e13d7a4bbe53b Cs min_jerk B 510.0 3000 5.0 1 0.9921875 0.17
mechanisms 233 288 afa66eac91d5a0e9c8 Cs min_jerk A 510.0 4500 5.0 1 1.0 0.22
mechanisms 234 288 87b5a8bbebcc9feeda Cs min_jerk B 510.0 4500 5.0 1 1.0 0.14
mechanisms 235 288 59752b873b9c7024b6 Cs min_jerk B 510.0 4500 5.0 1 1.0 0.15
mechanisms 236 288 8b3bc30f037bbe657d Cs min_jerk B 510.0 4500 5.0 1 0.9921875 0.24
mechanisms 237 288 55e71a40665ef81730 Cs min_jerk A 510.0 6000 5.0 1 0.998046875 0.3
mechanisms 238 288 04ffa3700c0d1d88d3 Cs min_jerk B 510.0 6000 5.0 1 1.0 0.19
mechanisms 239 288 bcda4668f1b346b6aa Cs min_jerk B 510.0 6000 5.0 1 1.0 0.19
mechanisms 240 288 33076035fbd60cfb5c Cs min_jerk B 510.0 6000 5.0 1 0.984375 0.32
mechanisms 241 288 f05cb540e5113ab0d8 Cs rb_cubic A 510.0 400 5 1 0.0 0.02
mechanisms 242 288 f74beaddbd60bb5f89 Cs rb_cubic A 510.0 600 5 1 0.337890625 0.02
mechanisms 243 288 5790ba9d5b1cf817ab Cs rb_cubic A 510.0 800 5 1 0.962890625 0.03
mechanisms 244 288 e27ac5359b9f2c90a1 Cs rb_cubic A 510.0 1000 5 1 1.0 0.03
mechanisms 245 288 dbb73aea884871208b Cs rb_cubic A 510.0 1200 5 1 1.0 0.04
mechanisms 246 288 9f41c47096c1a2a93a Cs rb_cubic A 510.0 1600 5 1 1.0 0.05
mechanisms 247 288 3f298d397bb8e84405 Cs rb_cubic A 510.0 2200 5 1 1.0 0.07
mechanisms 248 288 74ceb14906797665b7 Cs rb_cubic A 510.0 3000 5 1 1.0 0.09
mechanisms 249 288 c347a3b549a4fe2fdb Cs zero_jerk A 510.0 400 5 1 0.0 0.02
mechanisms 250 288 bb3f53e738c723c233 Cs zero_jerk A 510.0 600 5 1 0.57421875 0.02
mechanisms 251 288 45376b4fe346500e83 Cs zero_jerk A 510.0 800 5 1 0.98828125 0.03
mechanisms 252 288 649f88f8a0f19b4849 Cs zero_jerk A 510.0 1000 5 1 1.0 0.03
mechanisms 253 288 c6ab130b6f725eb6b6 Cs zero_jerk A 510.0 1200 5 1 1.0 0.04
mechanisms 254 288 43203a11c9295a825b Cs zero_jerk A 510.0 1600 5 1 1.0 0.05
mechanisms 255 288 e49231b75cc014b9da Cs zero_jerk A 510.0 2200 5 1 1.0 0.07
mechanisms 256 288 f4a21b736dd10fed23 Cs zero_jerk A 510.0 3000 5 1 1.0 0.09
mechanisms 257 288 f6097e9d1526f29ae4 Cs min_jerk A 510.0 400 5 1 0.0 0.02
mechanisms 258 288 d4a4c60fb848703a65 Cs min_jerk A 510.0 600 5 1 0.80859375 0.02
mechanisms 259 288 9d72cddf6ccc354418 Cs min_jerk A 510.0 800 5 1 0.998046875 0.03
mechanisms 260 288 890cf93abf2f6055fb Cs min_jerk A 510.0 1000 5 1 0.998046875 0.04
mechanisms 261 288 ad322e21274da93a05 Cs min_jerk A 510.0 1200 5 1 0.998046875 0.04
mechanisms 262 288 947df69db524e44ebe Cs min_jerk A 510.0 1600 5 1 1.0 0.05
mechanisms 263 288 76601f775ec932c015 Cs min_jerk A 510.0 2200 5 1 1.0 0.07
mechanisms 264 288 8e71b4f8258867fdea Cs min_jerk A 510.0 3000 5 1 1.0 0.09
mechanisms 265 288 64da5bab0cf02fafcc Cs rb_cubic A 510.0 400 5 1 0.0 0.02
mechanisms 266 288 3fef38c0e616ce5fba Cs rb_cubic A 510.0 600 5 1 0.0 0.02
mechanisms 267 288 1b757431043e7bf99f Cs rb_cubic A 510.0 800 5 1 0.0 0.03
mechanisms 268 288 a22dc67777b97815db Cs rb_cubic A 510.0 1000 5 1 0.1015625 0.03
mechanisms 269 288 5c5cad7f3aa4ba7486 Cs rb_cubic A 510.0 1200 5 1 0.982421875 0.04
mechanisms 270 288 dc4261fb6425bb50b7 Cs rb_cubic A 510.0 1600 5 1 1.0 0.05
mechanisms 271 288 106d59d523fcf7b36d Cs rb_cubic A 510.0 2200 5 1 1.0 0.07
mechanisms 272 288 5653e9b543961455fc Cs rb_cubic A 510.0 3000 5 1 1.0 0.09
mechanisms 273 288 0dc936b53d5a4e4d60 Cs zero_jerk A 510.0 400 5 1 0.0 0.02
mechanisms 274 288 13d97a20f2ed4939ac Cs zero_jerk A 510.0 600 5 1 0.0 0.02
mechanisms 275 288 8f98deb4a27448f78f Cs zero_jerk A 510.0 800 5 1 0.0 0.03
mechanisms 276 288 867b4e3a67ea208573 Cs zero_jerk A 510.0 1000 5 1 0.001953125 0.03
mechanisms 277 288 862469c3e6327c98de Cs zero_jerk A 510.0 1200 5 1 0.9375 0.04
mechanisms 278 288 eca361f82f120ddc3c Cs zero_jerk A 510.0 1600 5 1 1.0 0.05
mechanisms 279 288 bcbe311115572763c0 Cs zero_jerk A 510.0 2200 5 1 1.0 0.07
mechanisms 280 288 e938b711b4a775c580 Cs zero_jerk A 510.0 3000 5 1 1.0 0.09
mechanisms 281 288 f8196b4a180bc3dc9d Cs min_jerk A 510.0 400 5 1 0.0 0.02
mechanisms 282 288 df98ea889c29c1f8c0 Cs min_jerk A 510.0 600 5 1 0.0 0.02
mechanisms 283 288 86eb5d450baf31284a Cs min_jerk A 510.0 800 5 1 0.0 0.03
mechanisms 284 288 1053eee89604264aa5 Cs min_jerk A 510.0 1000 5 1 0.0 0.04
mechanisms 285 288 87eb4597cc2b087950 Cs min_jerk A 510.0 1200 5 1 0.005859375 0.04
mechanisms 286 288 72d59c7e66898742a2 Cs min_jerk A 510.0 1600 5 1 0.998046875 0.05
mechanisms 287 288 27ae21992bcb76e6a9 Cs min_jerk A 510.0 2200 5 1 1.0 0.07
mechanisms 288 288 eef0188d2274cb2bc7 Cs min_jerk A 510.0 3000 5 1 1.0 0.09
repeat 1 108 e185fec57e85b1fd83 Cs rb_cubic A 510.0 600 5 50 0.0 0.03
repeat 2 108 b9cdd3cd1ff8570ad0 Cs rb_cubic A 510.0 800 5 50 0.0 0.05
repeat 3 108 d77082829df0f2aec4 Cs rb_cubic A 510.0 1000 5 50 0.001953125 0.31
repeat 4 108 c8379e056b896b5609 Cs rb_cubic A 510.0 1200 5 50 0.017578125 0.69
repeat 5 108 38999ce114bf696b52 Cs rb_cubic A 510.0 1600 5 50 0.76171875 2.14
repeat 6 108 cf7d029f4fd3f4c924 Cs rb_cubic A 510.0 2200 5 50 0.9921875 3.02
repeat 7 108 eda9b7f711fb22dd00 Cs rb_cubic A 510.0 3000 5 50 1.0 4.02
repeat 8 108 c7ce7ce39f7e912332 Cs rb_cubic A 510.0 4500 5 50 1.0 5.94
repeat 9 108 c951efa1140104a5b7 Cs rb_cubic A 510.0 6000 5 50 1.0 7.86
repeat 10 108 da40cfd8c9126eccdb Cs rb_cubic A 510.0 600 5 50 0.0 0.05
repeat 11 108 0759e14b5512db1c82 Cs rb_cubic A 510.0 800 5 50 0.0 0.08
repeat 12 108 90f6dad7f9e54be562 Cs rb_cubic A 510.0 1000 5 50 0.001953125 0.52
repeat 13 108 fe3328970240c12fa4 Cs rb_cubic A 510.0 1200 5 50 0.009765625 0.95
repeat 14 108 ff5c09311d9aebfc9f Cs rb_cubic A 510.0 1600 5 50 0.28125 2.86
repeat 15 108 b4190b4f6e6f3e74fd Cs rb_cubic A 510.0 2200 5 50 0.236328125 3.94
repeat 16 108 2b5fbaec669ed5096c Cs rb_cubic A 510.0 3000 5 50 0.1328125 3.87
repeat 17 108 4c680f4341c2c7f5bf Cs rb_cubic A 510.0 4500 5 50 0.0234375 4.06
repeat 18 108 93ceeca864795b69ba Cs rb_cubic A 510.0 6000 5 50 0.00390625 3.77
repeat 19 108 b7d1b24dd13f7c370b Cs rb_cubic B 510.0 600 5 50 0.0 0.04
repeat 20 108 2b459cdea7f0424ac4 Cs rb_cubic B 510.0 800 5 50 0.0 0.06
repeat 21 108 df29b493c6206723e5 Cs rb_cubic B 510.0 1000 5 50 0.0 0.34
repeat 22 108 c1a3b0d6265fda8f89 Cs rb_cubic B 510.0 1200 5 50 0.01953125 0.83
repeat 23 108 469221b2f14ed2c9cc Cs rb_cubic B 510.0 1600 5 50 0.611328125 2.44
repeat 24 108 c62fda45295b7e61ba Cs rb_cubic B 510.0 2200 5 50 0.896484375 3.51
repeat 25 108 157a183518fcf0e66f Cs rb_cubic B 510.0 3000 5 50 0.94140625 4.52
repeat 26 108 0d924fcfa9a93c2313 Cs rb_cubic B 510.0 4500 5 50 0.962890625 6.48
repeat 27 108 5dd85944485af195ba Cs rb_cubic B 510.0 6000 5 50 0.955078125 8.45
repeat 28 108 65c59487a544ed10af Cs rb_cubic B 510.0 600 5 50 0.0 0.08
repeat 29 108 ce34c841a0ded72379 Cs rb_cubic B 510.0 800 5 50 0.0 0.11
repeat 30 108 f31e065d52d9a459e6 Cs rb_cubic B 510.0 1000 5 50 0.0 0.52
repeat 31 108 7de338bdf46e7eebed Cs rb_cubic B 510.0 1200 5 50 0.001953125 1.31
repeat 32 108 fb782de82c85b0d16d Cs rb_cubic B 510.0 1600 5 50 0.17578125 3.11
repeat 33 108 7f0d67ac6f247b90bb Cs rb_cubic B 510.0 2200 5 50 0.12109375 3.37
repeat 34 108 167577c742bab1d62b Cs rb_cubic B 510.0 3000 5 50 0.048828125 3.53
repeat 35 108 6f81e84c7987bd6f01 Cs rb_cubic B 510.0 4500 5 50 0.005859375 3.27
repeat 36 108 119ac69c7a6d1248c5 Cs rb_cubic B 510.0 6000 5 50 0.001953125 3.44
repeat 37 108 28def18570aafb609e Cs zero_jerk A 510.0 600 5 50 0.0 0.04
repeat 38 108 e4e67d3e8ebc2a8dc1 Cs zero_jerk A 510.0 800 5 50 0.0 0.05
repeat 39 108 35b47b49e9eb27a650 Cs zero_jerk A 510.0 1000 5 50 0.0 0.22
repeat 40 108 f631cade6254c069dc Cs zero_jerk A 510.0 1200 5 50 0.025390625 0.75
repeat 41 108 56b4e8786cebdb628c Cs zero_jerk A 510.0 1600 5 50 0.888671875 2.36
repeat 42 108 bd03be5498e62b6b36 Cs zero_jerk A 510.0 2200 5 50 0.99609375 3.23
repeat 43 108 c8e2c17b9786fef2a3 Cs zero_jerk A 510.0 3000 5 50 1.0 4.38
repeat 44 108 83dc9c6f9ab1ed2325 Cs zero_jerk A 510.0 4500 5 50 1.0 6.3
repeat 45 108 d957296fd682afbf5a Cs zero_jerk A 510.0 6000 5 50 1.0 8.43
repeat 46 108 12ae1dacc6173b6840 Cs zero_jerk A 510.0 600 5 50 0.0 0.06
repeat 47 108 c643d5ed158c8389eb Cs zero_jerk A 510.0 800 5 50 0.0 0.07
repeat 48 108 98ae462e8c5a52c4f6 Cs zero_jerk A 510.0 1000 5 50 0.0 0.36
repeat 49 108 3fb5d7e92495bd9629 Cs zero_jerk A 510.0 1200 5 50 0.017578125 1.19
repeat 50 108 9f75b2dabd9494d0e0 Cs zero_jerk A 510.0 1600 5 50 0.345703125 3.21
repeat 51 108 b8d97bb5b146d641b7 Cs zero_jerk A 510.0 2200 5 50 0.291015625 3.95
repeat 52 108 96070b8762844a54fc Cs zero_jerk A 510.0 3000 5 50 0.123046875 4.22
repeat 53 108 c847fdefaefd438e14 Cs zero_jerk A 510.0 4500 5 50 0.01953125 3.95
repeat 54 108 97edbe2c2cdcd1bfe9 Cs zero_jerk A 510.0 6000 5 50 0.001953125 3.91
repeat 55 108 8e215d6f24de3f88e2 Cs zero_jerk B 510.0 600 5 50 0.0 0.05
repeat 56 108 513081e5e17ed80905 Cs zero_jerk B 510.0 800 5 50 0.0 0.06
repeat 57 108 1ffc81be87118dbc04 Cs zero_jerk B 510.0 1000 5 50 0.0 0.22
repeat 58 108 b5860f30695ff138be Cs zero_jerk B 510.0 1200 5 50 0.01953125 0.84
repeat 59 108 4919297f93fa7cbc12 Cs zero_jerk B 510.0 1600 5 50 0.6484375 2.52
repeat 60 108 66779371a3b536436b Cs zero_jerk B 510.0 2200 5 50 0.9140625 3.51
repeat 61 108 e7b4c39dba76bb5345 Cs zero_jerk B 510.0 3000 5 50 0.947265625 4.53
repeat 62 108 2b2b0c879d104f658a Cs zero_jerk B 510.0 4500 5 50 0.955078125 6.58
repeat 63 108 56adb9dd7db1cd2aa9 Cs zero_jerk B 510.0 6000 5 50 0.958984375 8.34
repeat 64 108 1d21a40110187eff4c Cs zero_jerk B 510.0 600 5 50 0.0 0.07
repeat 65 108 41c9bd8b589d8dfac2 Cs zero_jerk B 510.0 800 5 50 0.0 0.09
repeat 66 108 9238964e93aac29015 Cs zero_jerk B 510.0 1000 5 50 0.0 0.35
repeat 67 108 dd08a501ecad6f3493 Cs zero_jerk B 510.0 1200 5 50 0.001953125 1.13
repeat 68 108 fd89158030a067488b Cs zero_jerk B 510.0 1600 5 50 0.16796875 2.89
repeat 69 108 1da7117923cb603c9b Cs zero_jerk B 510.0 2200 5 50 0.125 3.64
repeat 70 108 a06db86d5da6724c6d Cs zero_jerk B 510.0 3000 5 50 0.0546875 3.59
repeat 71 108 7ef03e3b5885c12007 Cs zero_jerk B 510.0 4500 5 50 0.01171875 3.26
repeat 72 108 e1a3acb7a4ca57a345 Cs zero_jerk B 510.0 6000 5 50 0.001953125 3.51
repeat 73 108 821013a72e7204eb02 Cs min_jerk A 510.0 600 5 50 0.0 0.03
repeat 74 108 4c05117b3b8d73f546 Cs min_jerk A 510.0 800 5 50 0.0 0.04
repeat 75 108 1f80f4e6e96b1ac440 Cs min_jerk A 510.0 1000 5 50 0.0 0.05
repeat 76 108 6ebb3eee0184a68905 Cs min_jerk A 510.0 1200 5 50 0.0 0.19
repeat 77 108 eea72707bc8050ea8f Cs min_jerk A 510.0 1600 5 50 0.96484375 2.26
repeat 78 108 8240e35107cb5a1485 Cs min_jerk A 510.0 2200 5 50 1.0 3.04
repeat 79 108 5dd337e9cc4fc2dc0f Cs min_jerk A 510.0 3000 5 50 1.0 4.07
repeat 80 108 cdfcf8ab3476aca8f5 Cs min_jerk A 510.0 4500 5 50 1.0 5.98
repeat 81 108 ab00ba67a9f30a3eca Cs min_jerk A 510.0 6000 5 50 1.0 7.89
repeat 82 108 1f6a0ea7b867663710 Cs min_jerk A 510.0 600 5 50 0.0 0.05
repeat 83 108 2f8c755d86fbf45b68 Cs min_jerk A 510.0 800 5 50 0.0 0.06
repeat 84 108 1332c22d4ebb951277 Cs min_jerk A 510.0 1000 5 50 0.0 0.07
repeat 85 108 e8703e913e0a0f1e7f Cs min_jerk A 510.0 1200 5 50 0.0 0.3
repeat 86 108 6c3b418f0e04be9750 Cs min_jerk A 510.0 1600 5 50 0.373046875 2.98
repeat 87 108 6a7687e0ba24655eac Cs min_jerk A 510.0 2200 5 50 0.29296875 4.07
repeat 88 108 e6e24b7a3c3a18c756 Cs min_jerk A 510.0 3000 5 50 0.10546875 4.29
repeat 89 108 d23b2a71028c96e103 Cs min_jerk A 510.0 4500 5 50 0.0234375 4.08
repeat 90 108 ca1f3f2449c8d2661d Cs min_jerk A 510.0 6000 5 50 0.005859375 4.22
repeat 91 108 b9622d0cf8c35419bd Cs min_jerk B 510.0 600 5 50 0.0 0.05
repeat 92 108 a29bdd1b027c44a445 Cs min_jerk B 510.0 800 5 50 0.0 0.05
repeat 93 108 2a1abca643df6a881e Cs min_jerk B 510.0 1000 5 50 0.0 0.06
repeat 94 108 825fa0e97a1b6b8104 Cs min_jerk B 510.0 1200 5 50 0.0 0.25
repeat 95 108 2fc179c2f551d2679e Cs min_jerk B 510.0 1600 5 50 0.759765625 2.67
repeat 96 108 ef10f883d5a582a585 Cs min_jerk B 510.0 2200 5 50 0.9453125 3.57
repeat 97 108 8af4dec86ce8a567d9 Cs min_jerk B 510.0 3000 5 50 0.943359375 4.56
repeat 98 108 87cacae4e76591ffa6 Cs min_jerk B 510.0 4500 5 50 0.958984375 6.47
repeat 99 108 28a4bbcf2de0734541 Cs min_jerk B 510.0 6000 5 50 0.9609375 8.44
repeat 100 108 3229bf3a10f78a7fc8 Cs min_jerk B 510.0 600 5 50 0.0 0.07
repeat 101 108 066f83d02a241a6525 Cs min_jerk B 510.0 800 5 50 0.0 0.08
repeat 102 108 9b24c3e88e2f1b87b5 Cs min_jerk B 510.0 1000 5 50 0.0 0.1
repeat 103 108 3df9cad3eacf8a0fff Cs min_jerk B 510.0 1200 5 50 0.0 0.36
repeat 104 108 d26e10194ce03b33bb Cs min_jerk B 510.0 1600 5 50 0.208984375 2.88
repeat 105 108 7c34e69044fe80ad59 Cs min_jerk B 510.0 2200 5 50 0.13671875 3.74
repeat 106 108 22dad47a2e569a92b3 Cs min_jerk B 510.0 3000 5 50 0.0390625 3.35
repeat 107 108 53de0c3861d061bec3 Cs min_jerk B 510.0 4500 5 50 0.005859375 3.54
repeat 108 108 06b69df7ee027cc895 Cs min_jerk B 510.0 6000 5 50 0.0 3.22
sensitivity 1 150 73f898383ed09719e9 Cs rb_cubic B 510.0 600 5 10 0.0 0.04
sensitivity 2 150 b15623ac498a51eb51 Cs rb_cubic B 510.0 600 5 10 0.0 0.04
sensitivity 3 150 5fdacfd71d6c5ba390 Cs rb_cubic B 510.0 600 5 10 0.0 0.04
sensitivity 4 150 568d8e20583b5ab127 Cs rb_cubic B 510.0 600 5 10 0.0 0.04
sensitivity 5 150 1ce0df4d4f708a9a3c Cs rb_cubic B 510.0 600 5 10 0.0 0.04
sensitivity 6 150 e227a950ec77ea7021 Cs rb_cubic B 510.0 600 2.0 10 0.001953125 0.09
sensitivity 7 150 bc7f83d62c6a73c21a Cs rb_cubic B 510.0 600 3.5 10 0.0 0.04
sensitivity 8 150 dddb5e230a738098d5 Cs rb_cubic B 510.0 600 6.5 10 0.0 0.04
sensitivity 9 150 62466594ed52bbcc87 Cs rb_cubic B 510.0 600 5 10 0.0 0.03
sensitivity 10 150 9a353ac4c856803b66 Cs rb_cubic B 510.0 600 5 10 0.0 0.05
sensitivity 11 150 7b9b2e5fba07182a35 Cs rb_cubic B 510.0 1000 5 10 0.306640625 0.31
sensitivity 12 150 d4024f6224bbad8ae1 Cs rb_cubic B 510.0 1000 5 10 0.228515625 0.28
sensitivity 13 150 bdb1474222bf656842 Cs rb_cubic B 510.0 1000 5 10 0.14453125 0.24
sensitivity 14 150 0ee6248b3399cde2d7 Cs rb_cubic B 510.0 1000 5 10 0.24609375 0.28
sensitivity 15 150 d49755e2b6ac4e1d69 Cs rb_cubic B 510.0 1000 5 10 0.23828125 0.3
sensitivity 16 150 2acb131459a7537063 Cs rb_cubic B 510.0 1000 2.0 10 0.779296875 0.4
sensitivity 17 150 0ed2393388d22dceec Cs rb_cubic B 510.0 1000 3.5 10 0.404296875 0.34
sensitivity 18 150 eae5c9a4553d56c2d9 Cs rb_cubic B 510.0 1000 6.5 10 0.021484375 0.12
sensitivity 19 150 fb72abfa3545baa08f Cs rb_cubic B 510.0 1000 5 10 0.287109375 0.25
sensitivity 20 150 328651b76c6be28218 Cs rb_cubic B 510.0 1000 5 10 0.193359375 0.35
sensitivity 21 150 dd30846264e75b3b32 Cs rb_cubic B 510.0 1600 5 10 0.998046875 0.57
sensitivity 22 150 e4b238d285f2971ef9 Cs rb_cubic B 510.0 1600 5 10 0.9453125 0.57
sensitivity 23 150 65c21feef319624f69 Cs rb_cubic B 510.0 1600 5 10 0.82421875 0.55
sensitivity 24 150 afa426965a1cc0a3c8 Cs rb_cubic B 510.0 1600 5 10 0.939453125 0.57
sensitivity 25 150 3e17a7768a5e1f2df5 Cs rb_cubic B 510.0 1600 5 10 0.93359375 0.57
sensitivity 26 150 80f35d372cfbe28b8a Cs rb_cubic B 510.0 1600 2.0 10 0.97265625 0.57
sensitivity 27 150 47fa2739ca976da8d5 Cs rb_cubic B 510.0 1600 3.5 10 0.9765625 0.57
sensitivity 28 150 8ca948a4acda3eeec4 Cs rb_cubic B 510.0 1600 6.5 10 0.916015625 0.57
sensitivity 29 150 0d11e8d4674e6c3cdd Cs rb_cubic B 510.0 1600 5 10 0.935546875 0.51
sensitivity 30 150 af3e76cde7da99dc48 Cs rb_cubic B 510.0 1600 5 10 0.9765625 0.69
sensitivity 31 150 c7cfb94d33c7343edb Cs rb_cubic B 510.0 2200 5 10 0.998046875 0.73
sensitivity 32 150 5de2088b3cbcd87f1e Cs rb_cubic B 510.0 2200 5 10 0.9765625 0.73
sensitivity 33 150 7dbbf3e4ed682c5200 Cs rb_cubic B 510.0 2200 5 10 0.892578125 0.7
sensitivity 34 150 b226b5e679c89af4e5 Cs rb_cubic B 510.0 2200 5 10 0.978515625 0.72
sensitivity 35 150 ea1d1bd48147df6082 Cs rb_cubic B 510.0 2200 5 10 0.982421875 0.72
sensitivity 36 150 a3c4a9b21e6df868ce Cs rb_cubic B 510.0 2200 2.0 10 0.986328125 0.73
sensitivity 37 150 e4b932bfca6a83723f Cs rb_cubic B 510.0 2200 3.5 10 0.978515625 0.72
sensitivity 38 150 9c7c6dd947bb37e14b Cs rb_cubic B 510.0 2200 6.5 10 0.98046875 0.73
sensitivity 39 150 624f195ae2d99558f1 Cs rb_cubic B 510.0 2200 5 10 0.978515625 0.66
sensitivity 40 150 84ad0d8fafe89c6f26 Cs rb_cubic B 510.0 2200 5 10 0.986328125 0.85
sensitivity 41 150 655237d427bd70a81b Cs rb_cubic B 510.0 3000 5 10 1.0 0.94
sensitivity 42 150 c41d54b257cf616259 Cs rb_cubic B 510.0 3000 5 10 0.982421875 0.93
sensitivity 43 150 4db118e14b6db80db4 Cs rb_cubic B 510.0 3000 5 10 0.90625 0.9
sensitivity 44 150 2ce82f09aea7a24703 Cs rb_cubic B 510.0 3000 5 10 0.984375 0.94
sensitivity 45 150 96888069823465f73b Cs rb_cubic B 510.0 3000 5 10 0.982421875 0.93
sensitivity 46 150 43a17a70f1771a29b3 Cs rb_cubic B 510.0 3000 2.0 10 0.98828125 0.93
sensitivity 47 150 6bd1b82cce56310463 Cs rb_cubic B 510.0 3000 3.5 10 0.986328125 0.93
sensitivity 48 150 6aeb94075e25ae7c9b Cs rb_cubic B 510.0 3000 6.5 10 0.974609375 0.93
sensitivity 49 150 70248fedf9901f254b Cs rb_cubic B 510.0 3000 5 10 0.97265625 0.88
sensitivity 50 150 3fbcda8bb269b67f28 Cs rb_cubic B 510.0 3000 5 10 0.994140625 1.05
sensitivity 51 150 a1c30c55e35eb0035e Cs zero_jerk B 510.0 600 5 10 0.0 0.04
sensitivity 52 150 a85473f591cf584e68 Cs zero_jerk B 510.0 600 5 10 0.0 0.04
sensitivity 53 150 83e60cdc0729add896 Cs zero_jerk B 510.0 600 5 10 0.0 0.04
sensitivity 54 150 98fadca3dcd762bd44 Cs zero_jerk B 510.0 600 5 10 0.0 0.04
sensitivity 55 150 eac306379827a828ce Cs zero_jerk B 510.0 600 5 10 0.0 0.04
sensitivity 56 150 de896e470fcb22edae Cs zero_jerk B 510.0 600 2.0 10 0.0 0.07
sensitivity 57 150 47099b3d04b6ce5e2c Cs zero_jerk B 510.0 600 3.5 10 0.0 0.04
sensitivity 58 150 08c679e544741dca51 Cs zero_jerk B 510.0 600 6.5 10 0.0 0.04
sensitivity 59 150 3f6ae25119e5cb93a4 Cs zero_jerk B 510.0 600 5 10 0.0 0.03
sensitivity 60 150 5795dfcaba560bd8a6 Cs zero_jerk B 510.0 600 5 10 0.0 0.05
sensitivity 61 150 b794f54d528f5b7c76 Cs zero_jerk B 510.0 1000 5 10 0.0703125 0.22
sensitivity 62 150 78da7fc35264fc8ab9 Cs zero_jerk B 510.0 1000 5 10 0.0703125 0.2
sensitivity 63 150 873292a000efb647fb Cs zero_jerk B 510.0 1000 5 10 0.05078125 0.17
sensitivity 64 150 321372b9cfcb3abdf5 Cs zero_jerk B 510.0 1000 5 10 0.17578125 0.25
sensitivity 65 150 e500cc08a5957be9da Cs zero_jerk B 510.0 1000 5 10 0.169921875 0.25
sensitivity 66 150 148c725169d431067c Cs zero_jerk B 510.0 1000 2.0 10 0.841796875 0.41
sensitivity 67 150 62ebd44b153eafedef Cs zero_jerk B 510.0 1000 3.5 10 0.44921875 0.36
sensitivity 68 150 2b6c7cad0b3088f807 Cs zero_jerk B 510.0 1000 6.5 10 0.0078125 0.09
sensitivity 69 150 6a50609e9089cabd3d Cs zero_jerk B 510.0 1000 5 10 0.072265625 0.18
sensitivity 70 150 8c279bfbe390f34513 Cs zero_jerk B 510.0 1000 5 10 0.12109375 0.29
sensitivity 71 150 9850f1a613e5d93c1c Cs zero_jerk B 510.0 1600 5 10 0.998046875 0.58
sensitivity 72 150 08fe84fbb21bc13527 Cs zero_jerk B 510.0 1600 5 10 0.955078125 0.57
sensitivity 73 150 a3bdd993c3f1c8febc Cs zero_jerk B 510.0 1600 5 10 0.8671875 0.55
sensitivity 74 150 f1d2911ac3b0d7e9c7 Cs zero_jerk B 510.0 1600 5 10 0.955078125 0.57
sensitivity 75 150 c0f7b702a4a0f2b6c9 Cs zero_jerk B 510.0 1600 5 10 0.943359375 0.57
sensitivity 76 150 9af628ecd8d7cfd981 Cs zero_jerk B 510.0 1600 2.0 10 0.9765625 0.57
sensitivity 77 150 617ce5887b16693fbf Cs zero_jerk B 510.0 1600 3.5 10 0.974609375 0.57
sensitivity 78 150 99aaec955992e7d766 Cs zero_jerk B 510.0 1600 6.5 10 0.943359375 0.57
sensitivity 79 150 afcf5677b5ab6624e6 Cs zero_jerk B 510.0 1600 5 10 0.951171875 0.52
sensitivity 80 150 51cd58f766ffb31f59 Cs zero_jerk B 510.0 1600 5 10 0.9765625 0.69
sensitivity 81 150 15471eb6377c2a239f Cs zero_jerk B 510.0 2200 5 10 1.0 0.73
sensitivity 82 150 c7188c44b2934fbb9b Cs zero_jerk B 510.0 2200 5 10 0.982421875 0.73
sensitivity 83 150 655b30ef9786527dea Cs zero_jerk B 510.0 2200 5 10 0.912109375 0.71
sensitivity 84 150 602e1abfe80b7d42ce Cs zero_jerk B 510.0 2200 5 10 0.98046875 0.73
sensitivity 85 150 55d84dc55301893e8e Cs zero_jerk B 510.0 2200 5 10 0.978515625 0.73
sensitivity 86 150 07e968865d6ceaaee4 Cs zero_jerk B 510.0 2200 2.0 10 0.982421875 0.73
sensitivity 87 150 23380bfad76588e16f Cs zero_jerk B 510.0 2200 3.5 10 0.982421875 0.73
sensitivity 88 150 39ab981709b65ce996 Cs zero_jerk B 510.0 2200 6.5 10 0.98046875 0.73
sensitivity 89 150 c2b9b5a8e62177a306 Cs zero_jerk B 510.0 2200 5 10 0.96875 0.66
sensitivity 90 150 19abfa5b0fe78ec24a Cs zero_jerk B 510.0 2200 5 10 0.994140625 0.84
sensitivity 91 150 e2048434b931fe12e6 Cs zero_jerk B 510.0 3000 5 10 1.0 0.93
sensitivity 92 150 1c7ca9e709733e79f2 Cs zero_jerk B 510.0 3000 5 10 0.984375 0.93
sensitivity 93 150 c9782cb737c96efc15 Cs zero_jerk B 510.0 3000 5 10 0.912109375 0.91
sensitivity 94 150 00c5bc6428c03b603b Cs zero_jerk B 510.0 3000 5 10 0.984375 0.93
sensitivity 95 150 7adb18f5e60a6d1991 Cs zero_jerk B 510.0 3000 5 10 0.986328125 0.93
sensitivity 96 150 a531956bfd14036c02 Cs zero_jerk B 510.0 3000 2.0 10 0.984375 0.93
sensitivity 97 150 e4af35212f72b00905 Cs zero_jerk B 510.0 3000 3.5 10 0.982421875 0.94
sensitivity 98 150 e8079d4c606c742945 Cs zero_jerk B 510.0 3000 6.5 10 0.984375 0.94
sensitivity 99 150 51784208561b908cd0 Cs zero_jerk B 510.0 3000 5 10 0.974609375 0.87
sensitivity 100 150 631fc8a6494319f60b Cs zero_jerk B 510.0 3000 5 10 0.990234375 1.05
sensitivity 101 150 6dd20f5995c07e7d5a Cs min_jerk B 510.0 600 5 10 0.0 0.04
sensitivity 102 150 5f4093d07702b57885 Cs min_jerk B 510.0 600 5 10 0.0 0.04
sensitivity 103 150 d7b9b13b73900c00d0 Cs min_jerk B 510.0 600 5 10 0.0 0.04
sensitivity 104 150 7d587ddcf9e09663eb Cs min_jerk B 510.0 600 5 10 0.0 0.04
sensitivity 105 150 c3b8026f3fd3ae9bb8 Cs min_jerk B 510.0 600 5 10 0.0 0.04
sensitivity 106 150 e1869fec031ff1a4c3 Cs min_jerk B 510.0 600 2.0 10 0.0 0.04
sensitivity 107 150 cefe3ee40452182589 Cs min_jerk B 510.0 600 3.5 10 0.0 0.04
sensitivity 108 150 577e54fff64ce775bf Cs min_jerk B 510.0 600 6.5 10 0.0 0.04
sensitivity 109 150 78adc9c7e60f1164f3 Cs min_jerk B 510.0 600 5 10 0.0 0.03
sensitivity 110 150 bbccc81f885ade4a54 Cs min_jerk B 510.0 600 5 10 0.0 0.05
sensitivity 111 150 c8f422d1d1d3afe84c Cs min_jerk B 510.0 1000 5 10 0.0 0.06
sensitivity 112 150 d37f913070cd3f9e45 Cs min_jerk B 510.0 1000 5 10 0.0 0.06
sensitivity 113 150 f0eedc09912956c862 Cs min_jerk B 510.0 1000 5 10 0.0 0.06
sensitivity 114 150 df2b13e95a5b0da649 Cs min_jerk B 510.0 1000 5 10 0.0 0.06
sensitivity 115 150 39bb48665414570196 Cs min_jerk B 510.0 1000 5 10 0.0 0.05
sensitivity 116 150 0990f270465425b395 Cs min_jerk B 510.0 1000 2.0 10 0.947265625 0.42
sensitivity 117 150 ac87fb6f3d7f0d5feb Cs min_jerk B 510.0 1000 3.5 10 0.083984375 0.2
sensitivity 118 150 33e06eec6f5213c3dc Cs min_jerk B 510.0 1000 6.5 10 0.0 0.05
sensitivity 119 150 91329f74ee66306b35 Cs min_jerk B 510.0 1000 5 10 0.0 0.05
sensitivity 120 150 1cebddfdad371bc207 Cs min_jerk B 510.0 1000 5 10 0.0 0.07
sensitivity 121 150 0af4ca3cdc5b4769d5 Cs min_jerk B 510.0 1600 5 10 0.998046875 0.58
sensitivity 122 150 ac0188588b76e2d763 Cs min_jerk B 510.0 1600 5 10 0.96875 0.58
sensitivity 123 150 f0fd738ddde3168ac1 Cs min_jerk B 510.0 1600 5 10 0.857421875 0.55
sensitivity 124 150 b0b1fe0ed8c17b96b1 Cs min_jerk B 510.0 1600 5 10 0.966796875 0.57
sensitivity 125 150 25f8518a3853982155 Cs min_jerk B 510.0 1600 5 10 0.953125 0.57
sensitivity 126 150 99b53f1e527c3645a2 Cs min_jerk B 510.0 1600 2.0 10 0.98828125 0.58
sensitivity 127 150 c77d7e621016ef4823 Cs min_jerk B 510.0 1600 3.5 10 0.978515625 0.58
sensitivity 128 150 1f3f1492577a9ca9ac Cs min_jerk B 510.0 1600 6.5 10 0.79296875 0.55
sensitivity 129 150 7e9f8fc33952f11b41 Cs min_jerk B 510.0 1600 5 10 0.939453125 0.51
sensitivity 130 150 59132690b8f564c9d7 Cs min_jerk B 510.0 1600 5 10 0.982421875 0.7
sensitivity 131 150 9df7a803289fade88c Cs min_jerk B 510.0 2200 5 10 0.998046875 0.73
sensitivity 132 150 e3e8a4694bc7ae3888 Cs min_jerk B 510.0 2200 5 10 0.984375 0.73
sensitivity 133 150 4a5756d60bfa7305b4 Cs min_jerk B 510.0 2200 5 10 0.900390625 0.71
sensitivity 134 150 ec6c1b17a93e4a57d6 Cs min_jerk B 510.0 2200 5 10 0.9765625 0.73
sensitivity 135 150 8b6add408604002193 Cs min_jerk B 510.0 2200 5 10 0.982421875 0.73
sensitivity 136 150 019ce70ceac29a68a3 Cs min_jerk B 510.0 2200 2.0 10 0.986328125 0.73
sensitivity 137 150 0165aa59f3adb47cb2 Cs min_jerk B 510.0 2200 3.5 10 0.990234375 0.73
sensitivity 138 150 44488f6240ad003f6f Cs min_jerk B 510.0 2200 6.5 10 0.978515625 0.73
sensitivity 139 150 9c9d94a532a74b0db4 Cs min_jerk B 510.0 2200 5 10 0.96484375 0.68
sensitivity 140 150 5bf4545a01462638d5 Cs min_jerk B 510.0 2200 5 10 0.990234375 0.85
sensitivity 141 150 6d42b312220242a525 Cs min_jerk B 510.0 3000 5 10 1.0 0.95
sensitivity 142 150 58f4b22ee9d0ebdcd7 Cs min_jerk B 510.0 3000 5 10 0.984375 0.94
sensitivity 143 150 5d1b584e7df82874b5 Cs min_jerk B 510.0 3000 5 10 0.90625 0.93
sensitivity 144 150 b2f3971132b37482a9 Cs min_jerk B 510.0 3000 5 10 0.98828125 0.94
sensitivity 145 150 6b01fd2e343beb62a3 Cs min_jerk B 510.0 3000 5 10 0.982421875 0.94
sensitivity 146 150 b5835e9ea456c1d763 Cs min_jerk B 510.0 3000 2.0 10 0.986328125 0.94
sensitivity 147 150 0b5399439b8d4f5211 Cs min_jerk B 510.0 3000 3.5 10 0.98828125 0.94
sensitivity 148 150 ab1329e31a664c0c00 Cs min_jerk B 510.0 3000 6.5 10 0.9921875 0.94
sensitivity 149 150 222248e1fc64604002 Cs min_jerk B 510.0 3000 5 10 0.97265625 0.88
sensitivity 150 150 d4f61a3eef28d0c3a3 Cs min_jerk B 510.0 3000 5 10 0.9921875 1.06
refine 1 204 b6fe455c27ca5548ee Cs rb_cubic A 270.0 450.0 0.0 1 0.95751953125 0.07
refine 2 204 8efeafcb007e94dd95 Cs rb_cubic A 270.0 500.0 0.0 1 0.98681640625 0.08
refine 3 204 d6d9f7ccb2a655079f Cs rb_cubic A 270.0 550.0 0.0 1 0.99609375 0.08
refine 4 204 0d6c1cb8c6abc0733e Cs rb_cubic A 270.0 650.0 0.0 1 0.99853515625 0.09
refine 5 204 555a5e47586648ea2a Cs rb_cubic A 270.0 700.0 0.0 1 0.99951171875 0.1
refine 6 204 c9f2292beb3b99896f Cs rb_cubic A 270.0 750.0 0.0 1 1.0 0.1
refine 7 204 fa79579971cbebceb1 Cs rb_cubic A 270.0 850.0 0.0 1 1.0 0.11
refine 8 204 01487a90ccf7d52424 Cs rb_cubic A 270.0 900.0 0.0 1 1.0 0.12
refine 9 204 11dfd3e314bbb1136f Cs rb_cubic A 270.0 950.0 0.0 1 1.0 0.13
refine 10 204 3bd83b61b40c247c94 Cs rb_cubic A 270.0 450.0 2.0 1 0.908203125 0.07
refine 11 204 7e3edabd60101f5e95 Cs rb_cubic A 270.0 500.0 2.0 1 0.97509765625 0.08
refine 12 204 d31d226c6f3613ee7d Cs rb_cubic A 270.0 550.0 2.0 1 0.99267578125 0.08
refine 13 204 d815d8411ff39ae497 Cs rb_cubic A 270.0 650.0 2.0 1 0.99853515625 0.09
refine 14 204 c3085f46bb4e38e932 Cs rb_cubic A 270.0 700.0 2.0 1 0.9990234375 0.1
refine 15 204 e0007889586fccd4a6 Cs rb_cubic A 270.0 750.0 2.0 1 0.9990234375 0.1
refine 16 204 a50d42734bc42adb73 Cs rb_cubic A 270.0 650.0 5.0 1 0.98388671875 0.09
refine 17 204 33302922b89ed94e16 Cs rb_cubic A 270.0 700.0 5.0 1 0.99609375 0.1
refine 18 204 dc24462a73efa0e909 Cs rb_cubic A 270.0 750.0 5.0 1 0.998046875 0.1
refine 19 204 5bdc874a51bf07f419 Cs zero_jerk A 270.0 450.0 0.0 1 0.978515625 0.07
refine 20 204 43e36f91e92e550080 Cs zero_jerk A 270.0 500.0 0.0 1 0.99560546875 0.08
refine 21 204 12a154b2e29992b8ef Cs zero_jerk A 270.0 550.0 0.0 1 0.99658203125 0.08
refine 22 204 c7d170fde92efe3833 Cs zero_jerk A 270.0 650.0 0.0 1 0.99853515625 0.09
refine 23 204 f34ef132f8737ca270 Cs zero_jerk A 270.0 700.0 0.0 1 0.99951171875 0.1
refine 24 204 7b407cccedf8a6c352 Cs zero_jerk A 270.0 750.0 0.0 1 1.0 0.1
refine 25 204 55f796e258b13f5963 Cs zero_jerk A 270.0 850.0 0.0 1 1.0 0.11
refine 26 204 fbd3970888bcc437f0 Cs zero_jerk A 270.0 900.0 0.0 1 1.0 0.12
refine 27 204 5f04a2620eb0e49b36 Cs zero_jerk A 270.0 950.0 0.0 1 1.0 0.12
refine 28 204 1fee6eb2505cb30f00 Cs zero_jerk A 270.0 450.0 2.0 1 0.93017578125 0.07
refine 29 204 dda849502a373cc8d5 Cs zero_jerk A 270.0 500.0 2.0 1 0.98046875 0.08
refine 30 204 c8588cc8df31b8c35e Cs zero_jerk A 270.0 550.0 2.0 1 0.99609375 0.08
refine 31 204 dff78c1e23376465a7 Cs zero_jerk A 270.0 650.0 2.0 1 0.99853515625 0.09
refine 32 204 8a794f9edbb0957737 Cs zero_jerk A 270.0 700.0 2.0 1 0.9990234375 0.1
refine 33 204 86756c7320c869e0ed Cs zero_jerk A 270.0 750.0 2.0 1 0.99951171875 0.1
refine 34 204 31dcd4c6aaf1350e41 Cs zero_jerk A 270.0 650.0 5.0 1 0.97265625 0.09
refine 35 204 d19a5f6b88ae08695b Cs zero_jerk A 270.0 700.0 5.0 1 0.99365234375 0.1
refine 36 204 0d3392d26e44d47d74 Cs zero_jerk A 270.0 750.0 5.0 1 0.99853515625 0.1
refine 37 204 4c2828f22544b7e5e0 Cs min_jerk A 270.0 450.0 0.0 1 0.986328125 0.07
refine 38 204 7d2f1e6f7ce9e317a5 Cs min_jerk A 270.0 500.0 0.0 1 0.99560546875 0.07
refine 39 204 6ab2a2806fe23a5912 Cs min_jerk A 270.0 550.0 0.0 1 0.998046875 0.08
refine 40 204 61d84ff2a039bf8b4d Cs min_jerk A 270.0 650.0 0.0 1 0.99951171875 0.09
refine 41 204 2963daa98cc583088a Cs min_jerk A 270.0 700.0 0.0 1 0.99951171875 0.1
refine 42 204 c426f7a395f08efe6a Cs min_jerk A 270.0 750.0 0.0 1 0.99951171875 0.1
refine 43 204 00005ae8dd3ef27b8e Cs min_jerk A 270.0 450.0 2.0 1 0.654296875 0.07
refine 44 204 d4079046bc97c0f7c8 Cs min_jerk A 270.0 500.0 2.0 1 0.94384765625 0.08
refine 45 204 2f07aa660a8460be74 Cs min_jerk A 270.0 550.0 2.0 1 0.9873046875 0.08
refine 46 204 490c835b0c4de4dd55 Cs min_jerk A 270.0 650.0 2.0 1 0.9990234375 0.1
refine 47 204 8bf850e313c95d98b1 Cs min_jerk A 270.0 700.0 2.0 1 0.9990234375 0.1
refine 48 204 b109aa3a13605120f4 Cs min_jerk A 270.0 750.0 2.0 1 0.99951171875 0.1
refine 49 204 a27d8602b394056f40 Cs min_jerk A 270.0 850.0 2.0 1 1.0 0.11
refine 50 204 688b1ada4ef39dd2ee Cs min_jerk A 270.0 900.0 2.0 1 1.0 0.12
refine 51 204 9a17642212a4b6f484 Cs min_jerk A 270.0 950.0 2.0 1 1.0 0.12
refine 52 204 153d2c6fc22db66438 Cs min_jerk A 270.0 650.0 5.0 1 0.09765625 0.1
refine 53 204 b32575a2483ff6f718 Cs min_jerk A 270.0 700.0 5.0 1 0.34423828125 0.1
refine 54 204 fdc4b1a6a94f076b3e Cs min_jerk A 270.0 750.0 5.0 1 0.88330078125 0.1
refine 55 204 3db8de358f4446189c Cs min_jerk A 270.0 850.0 5.0 1 0.99853515625 0.11
refine 56 204 43c910c6cc24eb499f Cs min_jerk A 270.0 900.0 5.0 1 0.9990234375 0.12
refine 57 204 5ad748a0382fa281fa Cs min_jerk A 270.0 950.0 5.0 1 0.99951171875 0.13
refine 58 204 936c0e359f05b0682d Cs min_jerk A 270.0 1050.0 5.0 1 1.0 0.14
refine 59 204 c16ef337d7cd1a023f Cs min_jerk A 270.0 1100.0 5.0 1 1.0 0.14
refine 60 204 ce4727499f4e527b84 Cs min_jerk A 270.0 1150.0 5.0 1 1.0 0.14
refine 61 204 c996ffa9f25f23ce18 Cs rb_cubic A 510.0 650.0 0.0 1 0.97119140625 0.09
refine 62 204 e385e50e6d99abd533 Cs rb_cubic A 510.0 700.0 0.0 1 0.990234375 0.09
refine 63 204 209ec4dff86a09c856 Cs rb_cubic A 510.0 750.0 0.0 1 0.99560546875 0.1
refine 64 204 b9fe6e1384879d8f57 Cs rb_cubic A 510.0 850.0 0.0 1 0.99755859375 0.11
refine 65 204 47f9eace563e8fae10 Cs rb_cubic A 510.0 900.0 0.0 1 0.9990234375 0.12
refine 66 204 3ead3d4526e88a9961 Cs rb_cubic A 510.0 950.0 0.0 1 0.9990234375 0.12
refine 67 204 6ae5c6665f2a5316dc Cs rb_cubic A 510.0 1050.0 0.0 1 1.0 0.13
refine 68 204 752d3992f448c0fa92 Cs rb_cubic A 510.0 1100.0 0.0 1 1.0 0.14
refine 69 204 19040bfa8a661dd843 Cs rb_cubic A 510.0 1150.0 0.0 1 1.0 0.14
refine 70 204 8832e36a87af58088c Cs rb_cubic A 510.0 1300.0 0.0 1 1.0 0.16
refine 71 204 430cfba505921b0906 Cs rb_cubic A 510.0 1400.0 0.0 1 1.0 0.17
refine 72 204 7026adf3a607120cb3 Cs rb_cubic A 510.0 1500.0 0.0 1 1.0 0.18
refine 73 204 4349ac311fa293d41e Cs rb_cubic A 510.0 650.0 2.0 1 0.89794921875 0.09
refine 74 204 f74020bddb4d9e8661 Cs rb_cubic A 510.0 700.0 2.0 1 0.9658203125 0.1
refine 75 204 fecca7156eca541896 Cs rb_cubic A 510.0 750.0 2.0 1 0.9892578125 0.1
refine 76 204 1b11752a1c7cd05527 Cs rb_cubic A 510.0 850.0 2.0 1 0.99755859375 0.11
refine 77 204 de4e0c96e5c850a235 Cs rb_cubic A 510.0 900.0 2.0 1 0.998046875 0.12
refine 78 204 a8ff1ad8e0e95fd538 Cs rb_cubic A 510.0 950.0 2.0 1 0.99853515625 0.12
refine 79 204 90e44634fd1dd03404 Cs rb_cubic A 510.0 1050.0 2.0 1 0.9990234375 0.13
refine 80 204 0bda1dca14342df92a Cs rb_cubic A 510.0 1100.0 2.0 1 0.99951171875 0.14
refine 81 204 24b156518152d37611 Cs rb_cubic A 510.0 1150.0 2.0 1 0.99951171875 0.14
refine 82 204 279f453eb26fdd8630 Cs rb_cubic A 510.0 1050.0 5.0 1 0.990234375 0.13
refine 83 204 e16789856507db986d Cs rb_cubic A 510.0 1100.0 5.0 1 0.99853515625 0.14
refine 84 204 66ddf493b8bd9088c6 Cs rb_cubic A 510.0 1150.0 5.0 1 0.9990234375 0.15
refine 85 204 147062cb4edc3132b9 Cs zero_jerk A 510.0 650.0 0.0 1 0.9892578125 0.09
refine 86 204 55de6429d9b3464166 Cs zero_jerk A 510.0 700.0 0.0 1 0.99560546875 0.1
refine 87 204 4b68d87d8a35c126bd Cs zero_jerk A 510.0 750.0 0.0 1 0.99658203125 0.1
refine 88 204 ca9e3d4e5b50592cae Cs zero_jerk A 510.0 850.0 0.0 1 0.998046875 0.11
refine 89 204 12736980a2b67f1c8f Cs zero_jerk A 510.0 900.0 0.0 1 0.9990234375 0.12
refine 90 204 76cbb7d8859c26d4b4 Cs zero_jerk A 510.0 950.0 0.0 1 0.99951171875 0.12
refine 91 204 7b96ed71abf3318359 Cs zero_jerk A 510.0 1050.0 0.0 1 1.0 0.13
refine 92 204 d66d8c0a8f0fd6dd1c Cs zero_jerk A 510.0 1100.0 0.0 1 1.0 0.14
refine 93 204 827153445c7a06d115 Cs zero_jerk A 510.0 1150.0 0.0 1 1.0 0.15
refine 94 204 af291aa69218b46757 Cs zero_jerk A 510.0 1300.0 0.0 1 1.0 0.16
refine 95 204 eb7259be0973a1829a Cs zero_jerk A 510.0 1400.0 0.0 1 1.0 0.17
refine 96 204 6d01c84ad13b529a1b Cs zero_jerk A 510.0 1500.0 0.0 1 1.0 0.18
refine 97 204 0ab426d64b221d302e Cs zero_jerk A 510.0 650.0 2.0 1 0.89892578125 0.09
refine 98 204 c1e79a83d4863e4ecf Cs zero_jerk A 510.0 700.0 2.0 1 0.97119140625 0.1
refine 99 204 5c07a609999adb8610 Cs zero_jerk A 510.0 750.0 2.0 1 0.9931640625 0.1
refine 100 204 7e8c25d8e13b713254 Cs zero_jerk A 510.0 850.0 2.0 1 0.998046875 0.11
refine 101 204 1ac60a0faddf44b252 Cs zero_jerk A 510.0 900.0 2.0 1 0.99853515625 0.12
refine 102 204 45a49e7ca9a817c940 Cs zero_jerk A 510.0 950.0 2.0 1 0.9990234375 0.12
refine 103 204 99ea1dafb2f4db9f1e Cs zero_jerk A 510.0 1050.0 2.0 1 0.99951171875 0.13
refine 104 204 56abdffa2501f0868a Cs zero_jerk A 510.0 1100.0 2.0 1 0.99951171875 0.14
refine 105 204 74e0f11b2437961867 Cs zero_jerk A 510.0 1150.0 2.0 1 1.0 0.14
refine 106 204 3a61ce184e890b1eb7 Cs zero_jerk A 510.0 1050.0 5.0 1 0.98681640625 0.13
refine 107 204 c57498ab4a5a87072c Cs zero_jerk A 510.0 1100.0 5.0 1 0.99462890625 0.14
refine 108 204 e2f11c35f4823ce27d Cs zero_jerk A 510.0 1150.0 5.0 1 0.9970703125 0.14
refine 109 204 5e374833ca72bf5919 Cs min_jerk A 510.0 650.0 0.0 1 0.9892578125 0.09
refine 110 204 a05c7a9c07508a8936 Cs min_jerk A 510.0 700.0 0.0 1 0.99609375 0.1
refine 111 204 fc6cf65e8e1ff85a12 Cs min_jerk A 510.0 750.0 0.0 1 0.9970703125 0.1
refine 112 204 d3156f8dc83ae8744b Cs min_jerk A 510.0 850.0 0.0 1 0.99951171875 0.11
refine 113 204 df10f9f6167c5d6cb6 Cs min_jerk A 510.0 900.0 0.0 1 0.9990234375 0.12
refine 114 204 1e6b513fbf90cedff4 Cs min_jerk A 510.0 950.0 0.0 1 0.9990234375 0.12
refine 115 204 39a31ad039d9c87203 Cs min_jerk A 510.0 1050.0 0.0 1 1.0 0.13
refine 116 204 ceab3db0f27ab74b03 Cs min_jerk A 510.0 1100.0 0.0 1 1.0 0.14
refine 117 204 59ef6ae4ec4c0a7494 Cs min_jerk A 510.0 1150.0 0.0 1 1.0 0.14
refine 118 204 fab112aa467818d1ec Cs min_jerk A 510.0 850.0 2.0 1 0.9873046875 0.12
refine 119 204 dd687541e301b92a39 Cs min_jerk A 510.0 900.0 2.0 1 0.99462890625 0.12
refine 120 204 14549136e68cffddf3 Cs min_jerk A 510.0 950.0 2.0 1 0.998046875 0.12
refine 121 204 30df3855dbb92e3793 Cs min_jerk A 510.0 1050.0 2.0 1 0.99853515625 0.13
refine 122 204 ed08dee01805338730 Cs min_jerk A 510.0 1100.0 2.0 1 0.9990234375 0.14
refine 123 204 6269e06259c9cb1377 Cs min_jerk A 510.0 1150.0 2.0 1 0.99951171875 0.14
refine 124 204 10eacf452df5942d95 Cs min_jerk A 510.0 1300.0 2.0 1 1.0 0.16
refine 125 204 7e6fe5d1ea58948b95 Cs min_jerk A 510.0 1400.0 2.0 1 1.0 0.17
refine 126 204 2c651dcb3533b0a08f Cs min_jerk A 510.0 1500.0 2.0 1 1.0 0.18
refine 127 204 5b96544d5be079e322 Cs min_jerk A 510.0 1300.0 5.0 1 0.994140625 0.16
refine 128 204 1dca8ccc88bb810661 Cs min_jerk A 510.0 1400.0 5.0 1 0.99853515625 0.17
refine 129 204 7827c70135deabc4ad Cs min_jerk A 510.0 1500.0 5.0 1 1.0 0.18
refine 130 204 37e156a8ef8365c72e Cs rb_cubic A 610.0 650.0 0.0 1 0.91259765625 0.09
refine 131 204 3339810cd0b311dff7 Cs rb_cubic A 610.0 700.0 0.0 1 0.96337890625 0.09
refine 132 204 da72edc84e89f61bfe Cs rb_cubic A 610.0 750.0 0.0 1 0.9853515625 0.1
refine 133 204 e2028fc4f02b02b84e Cs rb_cubic A 610.0 850.0 0.0 1 0.99609375 0.11
refine 134 204 a0061a28709f43e014 Cs rb_cubic A 610.0 900.0 0.0 1 0.99658203125 0.12
refine 135 204 06a3d4cf1d9ba41cce Cs rb_cubic A 610.0 950.0 0.0 1 0.99755859375 0.12
refine 136 204 80c3b695903e859cdc Cs rb_cubic A 610.0 1050.0 0.0 1 0.99951171875 0.13
refine 137 204 4925ea7f34406f1b4d Cs rb_cubic A 610.0 1100.0 0.0 1 0.99951171875 0.14
refine 138 204 2a7ce0c0a75f679f09 Cs rb_cubic A 610.0 1150.0 0.0 1 1.0 0.14
refine 139 204 67abed9d1b7c689a22 Cs rb_cubic A 610.0 1300.0 0.0 1 1.0 0.16
refine 140 204 1066228ce7b559db10 Cs rb_cubic A 610.0 1400.0 0.0 1 1.0 0.17
refine 141 204 0f0ceef0fedf3771de Cs rb_cubic A 610.0 1500.0 0.0 1 1.0 0.18
refine 142 204 a8976449e5e93efd17 Cs rb_cubic A 610.0 850.0 2.0 1 0.99072265625 0.11
refine 143 204 5cabb8d4cdaaf9b917 Cs rb_cubic A 610.0 900.0 2.0 1 0.99462890625 0.12
refine 144 204 af12bf9ac7ede10f44 Cs rb_cubic A 610.0 950.0 2.0 1 0.998046875 0.12
refine 145 204 3950e4ddd2839fb6fb Cs rb_cubic A 610.0 1050.0 2.0 1 0.99853515625 0.13
refine 146 204 5e224c99a56534a50d Cs rb_cubic A 610.0 1100.0 2.0 1 0.9990234375 0.14
refine 147 204 708b5521f024262182 Cs rb_cubic A 610.0 1150.0 2.0 1 0.9990234375 0.14
refine 148 204 6a262c02a99be32c4f Cs rb_cubic A 610.0 1050.0 5.0 1 0.8525390625 0.13
refine 149 204 8e5fc29b770152a4d4 Cs rb_cubic A 610.0 1100.0 5.0 1 0.93017578125 0.14
refine 150 204 2ad27fd07263c5a5f8 Cs rb_cubic A 610.0 1150.0 5.0 1 0.98046875 0.14
refine 151 204 7320a1dcb028c68b16 Cs rb_cubic A 610.0 1300.0 5.0 1 0.998046875 0.16
refine 152 204 0f85d194b1a7a2cd0a Cs rb_cubic A 610.0 1400.0 5.0 1 0.9990234375 0.17
refine 153 204 c34f3ff0e979a89e97 Cs rb_cubic A 610.0 1500.0 5.0 1 0.99853515625 0.18
refine 154 204 6471e5716ec973db29 Cs zero_jerk A 610.0 650.0 0.0 1 0.95947265625 0.09
refine 155 204 5349502e51abaadb59 Cs zero_jerk A 610.0 700.0 0.0 1 0.984375 0.1
refine 156 204 81b0fef51ebe825a9a Cs zero_jerk A 610.0 750.0 0.0 1 0.99462890625 0.1
refine 157 204 171a825cb94474ed31 Cs zero_jerk A 610.0 850.0 0.0 1 0.9970703125 0.11
refine 158 204 d1fd689907f87432ac Cs zero_jerk A 610.0 900.0 0.0 1 0.998046875 0.12
refine 159 204 794b6859d26068c4d3 Cs zero_jerk A 610.0 950.0 0.0 1 0.9990234375 0.12
refine 160 204 e6dd9d240c46e04ec1 Cs zero_jerk A 610.0 1050.0 0.0 1 0.99951171875 0.13
refine 161 204 f54a6c3137d1d41fc2 Cs zero_jerk A 610.0 1100.0 0.0 1 1.0 0.14
refine 162 204 da228266c0211c9137 Cs zero_jerk A 610.0 1150.0 0.0 1 1.0 0.14
refine 163 204 c0996a4b5fe837ee10 Cs zero_jerk A 610.0 1300.0 0.0 1 1.0 0.16
refine 164 204 d51df327b9e9839c98 Cs zero_jerk A 610.0 1400.0 0.0 1 1.0 0.17
refine 165 204 906253d449abe48eac Cs zero_jerk A 610.0 1500.0 0.0 1 1.0 0.18
refine 166 204 d2a225c9369204f42e Cs zero_jerk A 610.0 850.0 2.0 1 0.98974609375 0.11
refine 167 204 6c8b5f6b829bad5c20 Cs zero_jerk A 610.0 900.0 2.0 1 0.9951171875 0.12
refine 168 204 eb55e6e599a4f41edc Cs zero_jerk A 610.0 950.0 2.0 1 0.99755859375 0.12
refine 169 204 cea72aa36ff758459f Cs zero_jerk A 610.0 1050.0 2.0 1 0.9990234375 0.13
refine 170 204 5e63b36f167c543a6c Cs zero_jerk A 610.0 1100.0 2.0 1 0.9990234375 0.14
refine 171 204 6a148184c2e940b6d9 Cs zero_jerk A 610.0 1150.0 2.0 1 0.99951171875 0.14
refine 172 204 1d33e366dd11b5fe22 Cs zero_jerk A 610.0 1050.0 5.0 1 0.57177734375 0.13
refine 173 204 dccfb89b213ef90ddc Cs zero_jerk A 610.0 1100.0 5.0 1 0.79638671875 0.14
refine 174 204 dcc59457c74c2116ae Cs zero_jerk A 610.0 1150.0 5.0 1 0.9375 0.15
refine 175 204 2e6365d0a10a9b3503 Cs zero_jerk A 610.0 1300.0 5.0 1 0.9970703125 0.16
refine 176 204 62c2c157a087969750 Cs zero_jerk A 610.0 1400.0 5.0 1 0.99853515625 0.17
refine 177 204 27e0a937ad5f74d416 Cs zero_jerk A 610.0 1500.0 5.0 1 0.99951171875 0.18
refine 178 204 c588a734bca17ee448 Cs min_jerk A 610.0 650.0 0.0 1 0.9755859375 0.09
refine 179 204 ff611e9b7b22b3a6d9 Cs min_jerk A 610.0 700.0 0.0 1 0.9873046875 0.1
refine 180 204 84070b2de33ef06b38 Cs min_jerk A 610.0 750.0 0.0 1 0.99462890625 0.1
refine 181 204 bc15184eed4bcceae9 Cs min_jerk A 610.0 850.0 0.0 1 0.99755859375 0.11
refine 182 204 33efec2c4b27e33b2d Cs min_jerk A 610.0 900.0 0.0 1 0.99853515625 0.12
refine 183 204 0f8be2eda319784fc3 Cs min_jerk A 610.0 950.0 0.0 1 0.9990234375 0.13
refine 184 204 32ced73cbdd24c514d Cs min_jerk A 610.0 1050.0 0.0 1 0.9990234375 0.14
refine 185 204 e82a58dda0f90b7ca9 Cs min_jerk A 610.0 1100.0 0.0 1 0.9990234375 0.14
refine 186 204 f8266c83921abc35f0 Cs min_jerk A 610.0 1150.0 0.0 1 1.0 0.14
refine 187 204 5d21c803a279f7ceb4 Cs min_jerk A 610.0 1300.0 0.0 1 1.0 0.16
refine 188 204 75befdb9a392c4af45 Cs min_jerk A 610.0 1400.0 0.0 1 1.0 0.17
refine 189 204 5a6f7e9ca19b1169c3 Cs min_jerk A 610.0 1500.0 0.0 1 1.0 0.18
refine 190 204 ae2bb3c5e0dee7b81f Cs min_jerk A 610.0 850.0 2.0 1 0.8212890625 0.12
refine 191 204 5a64f27dc1982bb566 Cs min_jerk A 610.0 900.0 2.0 1 0.9541015625 0.12
refine 192 204 bbe2b0e33c96b0a2b8 Cs min_jerk A 610.0 950.0 2.0 1 0.98583984375 0.13
refine 193 204 816d5ce18832e2032e Cs min_jerk A 610.0 1050.0 2.0 1 0.9970703125 0.13
refine 194 204 8221d28d00ea7c2453 Cs min_jerk A 610.0 1100.0 2.0 1 0.9970703125 0.14
refine 195 204 437b31198c85ecce0f Cs min_jerk A 610.0 1150.0 2.0 1 0.998046875 0.14
refine 196 204 c6831f158fcdd12496 Cs min_jerk A 610.0 1300.0 2.0 1 0.9990234375 0.16
refine 197 204 de1a35e0a08d983c4e Cs min_jerk A 610.0 1400.0 2.0 1 1.0 0.17
refine 198 204 060f459ebebd27e8b2 Cs min_jerk A 610.0 1500.0 2.0 1 1.0 0.19
refine 199 204 2774ecf208f7a18d75 Cs min_jerk A 610.0 1300.0 5.0 1 0.60888671875 0.16
refine 200 204 2c8023884ec27216cd Cs min_jerk A 610.0 1400.0 5.0 1 0.94384765625 0.17
refine 201 204 d9408dbcb937d4e235 Cs min_jerk A 610.0 1500.0 5.0 1 0.9931640625 0.18
refine 202 204 a7feffa167fc883160 Cs min_jerk A 610.0 1750.0 5.0 1 1.0 0.21
refine 203 204 9db50f82e9d6e2aba7 Cs min_jerk A 610.0 1900.0 5.0 1 1.0 0.22
refine 204 204 4ac0fbca5b776898c6 Cs min_jerk A 610.0 2050.0 5.0 1 1.0 0.24
