PURE SINGLE 510
trajectory  tau_us  target  fastest_confirmed_time_us  maximum_confirmed_average_m_s
  min_jerk     0.0   0.990                      700.0                       0.728571
  min_jerk     0.0   0.999                     1260.0                       0.404762
  min_jerk     2.0   0.990                      900.0                       0.566667
  min_jerk     2.0   0.999                     1560.0                       0.326923
  min_jerk     5.0   0.990                     1300.0                       0.392308
  min_jerk     5.0   0.999                     1800.0                       0.283333
  rb_cubic     0.0   0.990                      850.0                       0.600000
  rb_cubic     0.0   0.999                     1260.0                       0.404762
  rb_cubic     2.0   0.990                      800.0                       0.637500
  rb_cubic     2.0   0.999                     1440.0                       0.354167
  rb_cubic     5.0   0.990                     1050.0                       0.485714
  rb_cubic     5.0   0.999                     1440.0                       0.354167
 zero_jerk     0.0   0.990                      700.0                       0.728571
 zero_jerk     0.0   0.999                     1260.0                       0.404762
 zero_jerk     2.0   0.990                      900.0                       0.566667
 zero_jerk     2.0   0.999                     1380.0                       0.369565
 zero_jerk     5.0   0.990                     1100.0                       0.463636
 zero_jerk     5.0   0.999                     1440.0                       0.354167
B SINGLE 510
trajectory  tau_us          rin  target  fastest_confirmed_time_us
  min_jerk     0.0 0.000000e+00   0.990                     1000.0
  min_jerk     0.0 0.000000e+00   0.999                        NaN
  min_jerk     0.0 5.750000e-09   0.990                     1200.0
  min_jerk     0.0 5.750000e-09   0.999                        NaN
  min_jerk     5.0 0.000000e+00   0.990                     1600.0
  min_jerk     5.0 0.000000e+00   0.999                        NaN
  min_jerk     5.0 5.750000e-09   0.990                     1600.0
  min_jerk     5.0 5.750000e-09   0.999                        NaN
  rb_cubic     0.0 0.000000e+00   0.990                     1200.0
  rb_cubic     0.0 0.000000e+00   0.999                        NaN
  rb_cubic     0.0 5.750000e-09   0.990                     1600.0
  rb_cubic     0.0 5.750000e-09   0.999                        NaN
  rb_cubic     5.0 0.000000e+00   0.990                     1600.0
  rb_cubic     5.0 0.000000e+00   0.999                        NaN
  rb_cubic     5.0 5.750000e-09   0.990                     1600.0
  rb_cubic     5.0 5.750000e-09   0.999                        NaN
 zero_jerk     0.0 0.000000e+00   0.990                     1200.0
 zero_jerk     0.0 0.000000e+00   0.999                        NaN
 zero_jerk     0.0 5.750000e-09   0.990                        NaN
 zero_jerk     0.0 5.750000e-09   0.999                        NaN
 zero_jerk     5.0 0.000000e+00   0.990                     1600.0
 zero_jerk     5.0 0.000000e+00   0.999                        NaN
 zero_jerk     5.0 5.750000e-09   0.990                     1600.0
 zero_jerk     5.0 5.750000e-09   0.999                        NaN
ZERO JERK TAU5 N50 510 CONFIRMED
protocol  duration_us          rin  shots  survival    lower    upper  status99 status999
       A       1600.0 0.000000e+00  10240  0.884863 0.878523 0.890984    failed    failed
       A       3000.0 0.000000e+00  10240  0.999609 0.999000 0.999894 supported supported
       A       6000.0 0.000000e+00  10240  0.999902 0.999456 0.999998 supported supported
       A       1600.0 5.750000e-09  10240  0.310352 0.301397 0.319414    failed    failed
       A       3000.0 5.750000e-09  10240  0.094336 0.088742 0.100162    failed    failed
       A       6000.0 5.750000e-09  10240  0.003125 0.002138 0.004409    failed    failed
       B       1600.0 0.000000e+00  10240  0.654395 0.645092 0.663609    failed    failed
       B       3000.0 0.000000e+00  10240  0.927148 0.921943 0.932109    failed    failed
       B       6000.0 0.000000e+00  10240  0.944629 0.940022 0.948980    failed    failed
       B       1600.0 5.750000e-09  10240  0.178613 0.171238 0.186172    failed    failed
       B       3000.0 5.750000e-09  10240  0.046777 0.042768 0.051047    failed    failed
       B       6000.0 5.750000e-09  10240  0.001270 0.000676 0.002170    failed    failed
MOVING VS NO-MOVE HANDOFF
 distance_um  duration_us  alignment_nm  ramp_us  survival    lower    upper
         0.0       1600.0           0.0    200.0  0.951172 0.940928 0.960098
       510.0       1600.0           0.0    200.0  0.650391 0.629291 0.671059
         0.0       1600.0          50.0    200.0  0.952637 0.942524 0.961426
       510.0       1600.0          50.0    200.0  0.661133 0.640170 0.681634
         0.0       1600.0          50.0    400.0  0.971191 0.962995 0.977999
         0.0       1600.0          50.0    800.0  0.983887 0.977445 0.988883
         0.0       6000.0           0.0    200.0  0.941895 0.930870 0.951632
       510.0       6000.0           0.0    200.0  0.942871 0.931925 0.952527
         0.0       6000.0          50.0    200.0  0.944336 0.933509 0.953868
       510.0       6000.0          50.0    200.0  0.942383 0.931397 0.952080
MECHANISMS MINJERK 510
 duration_us  tau_us  survival  peak_accel_m_s2
       400.0     0.0  0.009766     18403.039830
       400.0     2.0  0.000000     18403.039830
       400.0     5.0  0.000000     18403.039830
       600.0     0.0  0.988281      8179.128814
       600.0     2.0  0.003906      8179.128814
       600.0     5.0  0.000000      8179.128814
       800.0     0.0  0.998047      4600.759958
       800.0     2.0  0.980469      4600.759958
       800.0     5.0  0.000000      4600.759958
      1000.0     0.0  0.998047      2944.486373
      1000.0     2.0  0.998047      2944.486373
      1000.0     5.0  0.082031      2944.486373
      1200.0     0.0  1.000000      2044.782203
      1200.0     2.0  0.998047      2044.782203
      1200.0     5.0  0.898438      2044.782203
N10 BASELINE EDGE ROBUSTNESS
count    99.000000
mean      0.609533
std       0.249708
min       0.033203
25%       0.437988
50%       0.602539
75%       0.830078
max       0.983398
CONVERGENCE MAX
1 {'survival_difference': 0.00390625, 'label_disagreement': 0.03125, 'energy_KS': 0.0171232876712328}
10 {'survival_difference': 0.02783203125, 'label_disagreement': 0.38671875, 'energy_KS': 0.0456228644484411}
50 {'survival_difference': 0.02978515625, 'label_disagreement': 0.37646484375, 'energy_KS': 0.3333333333333333}
single final boundaries {'survival_difference': 0.000244140625, 'label_disagreement': 0.000244140625, 'energy_KS': 0.0014858841010402}
