  a02: 75.0s
  <lambda>: 0.3s
  a04_extra: 0.1s
  <lambda>: 3.2s
  <lambda>: 1.9s
  a07: 40.6s
  a08: 15.0s
  a09: 37.2s
  a10: 214.7s
  a11_a12: 154.5s
/Users/imok/work/Monte Carlo/monte-carlo-for-aodslm/simulation/level2_joint_transfer/.venv/lib/python3.14/site-packages/numpy/lib/_function_base_impl.py:1328: RuntimeWarning: divide by zero encountered in divide
  a = -(dx2) / (dx1 * (dx1 + dx2))
/Users/imok/work/Monte Carlo/monte-carlo-for-aodslm/simulation/level2_joint_transfer/.venv/lib/python3.14/site-packages/numpy/lib/_function_base_impl.py:1329: RuntimeWarning: divide by zero encountered in divide
  b = (dx2 - dx1) / (dx1 * dx2)
/Users/imok/work/Monte Carlo/monte-carlo-for-aodslm/simulation/level2_joint_transfer/.venv/lib/python3.14/site-packages/numpy/lib/_function_base_impl.py:1330: RuntimeWarning: divide by zero encountered in divide
  c = dx1 / (dx2 * (dx1 + dx2))
/Users/imok/work/Monte Carlo/monte-carlo-for-aodslm/simulation/level2_joint_transfer/.venv/lib/python3.14/site-packages/numpy/lib/_function_base_impl.py:1339: RuntimeWarning: invalid value encountered in add
  out[tuple(slice1)] = a * f[tuple(slice2)] + b * f[tuple(slice3)] \
/Users/imok/work/Monte Carlo/monte-carlo-for-aodslm/simulation/level2_joint_transfer/.venv/lib/python3.14/site-packages/numpy/lib/_function_base_impl.py:1339: RuntimeWarning: invalid value encountered in multiply
  out[tuple(slice1)] = a * f[tuple(slice2)] + b * f[tuple(slice3)] \
/Users/imok/work/Monte Carlo/monte-carlo-for-aodslm/simulation/level2_joint_transfer/.venv/lib/python3.14/site-packages/numpy/lib/_function_base_impl.py:1340: RuntimeWarning: invalid value encountered in multiply
  + c * f[tuple(slice4)]
  a13_a14: 9.2s
  a15: 0.6s
  <lambda>: 2.0s
  a17: 95.8s
  a18: 126.5s
  a19: 33.5s
[
{
"A02": "PASS"
},
{
"A03": "PASS"
},
{
"A04": "PASS"
},
{
"A05": "PASS"
},
{
"A06": "PASS"
},
{
"A07": "PASS"
},
{
"A08": "PASS"
},
{
"A09": "PASS"
},
{
"A10": "PASS"
},
{
"A11": "PASS"
},
{
"A12": "PASS"
},
{
"A13": "PASS"
},
{
"A14": "PASS"
},
{
"A15": "PASS"
},
{
"A05b": "PASS"
},
{
"A17": "PASS"
},
{
"A18": "PASS"
},
{
"A19": "PASS"
}
]
